[2024-04-09T09:27:43.170+0800][0.019s] Heap region size: 1M
[2024-04-09T09:27:43.337+0800][0.187s] Using G1
[2024-04-09T09:27:43.337+0800][0.187s] Heap address: 0x00000000e0000000, size: 512 MB, Compressed Oops mode: 32-bit
[2024-04-09T09:27:44.467+0800][1.316s] GC(0) Pause Young (Normal) (G1 Evacuation Pause)
[2024-04-09T09:27:44.467+0800][1.316s] GC(0) Using 10 workers of 10 for evacuation
[2024-04-09T09:27:44.470+0800][1.320s] GC(0)   Pre Evacuate Collection Set: 0.0ms
[2024-04-09T09:27:44.470+0800][1.320s] GC(0)   Evacuate Collection Set: 2.4ms
[2024-04-09T09:27:44.470+0800][1.320s] GC(0)   Post Evacuate Collection Set: 0.8ms
[2024-04-09T09:27:44.470+0800][1.320s] GC(0)   Other: 0.8ms
[2024-04-09T09:27:44.470+0800][1.320s] GC(0) Eden regions: 30->0(303)
[2024-04-09T09:27:44.471+0800][1.320s] GC(0) Survivor regions: 0->4(4)
[2024-04-09T09:27:44.471+0800][1.320s] GC(0) Old regions: 0->0
[2024-04-09T09:27:44.471+0800][1.320s] GC(0) Humongous regions: 0->0
[2024-04-09T09:27:44.471+0800][1.320s] GC(0) Metaspace: 12564K->12564K(1060864K)
[2024-04-09T09:27:44.471+0800][1.321s] GC(0) Pause Young (Normal) (G1 Evacuation Pause) 30M->3M(512M) 4.841ms
[2024-04-09T09:27:44.471+0800][1.321s] GC(0) User=0.00s Sys=0.00s Real=0.00s
[2024-04-09T09:27:45.101+0800][1.950s] GC(1) Pause Young (Concurrent Start) (Metadata GC Threshold)
[2024-04-09T09:27:45.101+0800][1.950s] GC(1) Using 10 workers of 10 for evacuation
[2024-04-09T09:27:45.112+0800][1.961s] GC(1)   Pre Evacuate Collection Set: 0.0ms
[2024-04-09T09:27:45.112+0800][1.961s] GC(1)   Evacuate Collection Set: 9.7ms
[2024-04-09T09:27:45.112+0800][1.961s] GC(1)   Post Evacuate Collection Set: 0.7ms
[2024-04-09T09:27:45.112+0800][1.961s] GC(1)   Other: 0.3ms
[2024-04-09T09:27:45.112+0800][1.961s] GC(1) Eden regions: 36->0(72)
[2024-04-09T09:27:45.112+0800][1.961s] GC(1) Survivor regions: 4->12(39)
[2024-04-09T09:27:45.112+0800][1.961s] GC(1) Old regions: 0->0
[2024-04-09T09:27:45.112+0800][1.961s] GC(1) Humongous regions: 4->4
[2024-04-09T09:27:45.112+0800][1.961s] GC(1) Metaspace: 20510K->20510K(1069056K)
[2024-04-09T09:27:45.112+0800][1.961s] GC(1) Pause Young (Concurrent Start) (Metadata GC Threshold) 42M->15M(512M) 10.810ms
[2024-04-09T09:27:45.112+0800][1.961s] GC(1) User=0.06s Sys=0.00s Real=0.01s
[2024-04-09T09:27:45.112+0800][1.961s] GC(2) Concurrent Cycle
[2024-04-09T09:27:45.112+0800][1.961s] GC(2) Concurrent Clear Claimed Marks
[2024-04-09T09:27:45.112+0800][1.961s] GC(2) Concurrent Clear Claimed Marks 0.039ms
[2024-04-09T09:27:45.112+0800][1.961s] GC(2) Concurrent Scan Root Regions
[2024-04-09T09:27:45.115+0800][1.964s] GC(2) Concurrent Scan Root Regions 3.332ms
[2024-04-09T09:27:45.115+0800][1.964s] GC(2) Concurrent Mark (1.964s)
[2024-04-09T09:27:45.115+0800][1.964s] GC(2) Concurrent Mark From Roots
[2024-04-09T09:27:45.115+0800][1.965s] GC(2) Using 3 workers of 3 for marking
[2024-04-09T09:27:45.116+0800][1.965s] GC(2) Concurrent Mark From Roots 0.862ms
[2024-04-09T09:27:45.116+0800][1.965s] GC(2) Concurrent Preclean
[2024-04-09T09:27:45.116+0800][1.966s] GC(2) Concurrent Preclean 0.119ms
[2024-04-09T09:27:45.116+0800][1.966s] GC(2) Concurrent Mark (1.964s, 1.966s) 1.104ms
[2024-04-09T09:27:45.117+0800][1.966s] GC(2) Pause Remark
[2024-04-09T09:27:45.118+0800][1.967s] GC(2) Cleaned string and symbol table, strings: 9387 processed, 0 removed, symbols: 66083 processed, 14 removed
[2024-04-09T09:27:45.118+0800][1.968s] GC(2) Pause Remark 16M->16M(512M) 1.910ms
[2024-04-09T09:27:45.118+0800][1.968s] GC(2) User=0.16s Sys=0.00s Real=0.00s
[2024-04-09T09:27:45.118+0800][1.968s] GC(2) Concurrent Rebuild Remembered Sets
[2024-04-09T09:27:45.120+0800][1.970s] GC(2) Concurrent Rebuild Remembered Sets 1.903ms
[2024-04-09T09:27:45.120+0800][1.970s] GC(2) Pause Cleanup
[2024-04-09T09:27:45.120+0800][1.970s] GC(2) Pause Cleanup 16M->16M(512M) 0.208ms
[2024-04-09T09:27:45.120+0800][1.970s] GC(2) User=0.00s Sys=0.00s Real=0.00s
[2024-04-09T09:27:45.121+0800][1.970s] GC(2) Concurrent Cleanup for Next Mark
[2024-04-09T09:27:45.121+0800][1.971s] GC(2) Concurrent Cleanup for Next Mark 0.309ms
[2024-04-09T09:27:45.121+0800][1.971s] GC(2) Concurrent Cycle 9.745ms
[2024-04-09T09:27:45.843+0800][2.693s] GC(3) Pause Young (Normal) (G1 Evacuation Pause)
[2024-04-09T09:27:45.843+0800][2.693s] GC(3) Using 10 workers of 10 for evacuation
[2024-04-09T09:27:45.853+0800][2.703s] GC(3)   Pre Evacuate Collection Set: 0.0ms
[2024-04-09T09:27:45.853+0800][2.703s] GC(3)   Evacuate Collection Set: 9.1ms
[2024-04-09T09:27:45.853+0800][2.703s] GC(3)   Post Evacuate Collection Set: 0.8ms
[2024-04-09T09:27:45.853+0800][2.703s] GC(3)   Other: 0.1ms
[2024-04-09T09:27:45.853+0800][2.703s] GC(3) Eden regions: 47->0(78)
[2024-04-09T09:27:45.853+0800][2.703s] GC(3) Survivor regions: 12->4(8)
[2024-04-09T09:27:45.853+0800][2.703s] GC(3) Old regions: 0->12
[2024-04-09T09:27:45.853+0800][2.703s] GC(3) Humongous regions: 4->4
[2024-04-09T09:27:45.853+0800][2.703s] GC(3) Metaspace: 27950K->27950K(1075200K)
[2024-04-09T09:27:45.853+0800][2.703s] GC(3) Pause Young (Normal) (G1 Evacuation Pause) 62M->19M(512M) 10.272ms
[2024-04-09T09:27:45.853+0800][2.703s] GC(3) User=0.02s Sys=0.00s Real=0.01s
[2024-04-09T09:27:46.250+0800][3.100s] GC(4) Pause Young (Normal) (G1 Evacuation Pause)
[2024-04-09T09:27:46.250+0800][3.100s] GC(4) Using 10 workers of 10 for evacuation
[2024-04-09T09:27:46.252+0800][3.102s] GC(4)   Pre Evacuate Collection Set: 0.0ms
[2024-04-09T09:27:46.252+0800][3.102s] GC(4)   Evacuate Collection Set: 1.5ms
[2024-04-09T09:27:46.252+0800][3.102s] GC(4)   Post Evacuate Collection Set: 0.4ms
[2024-04-09T09:27:46.252+0800][3.102s] GC(4)   Other: 0.1ms
[2024-04-09T09:27:46.252+0800][3.102s] GC(4) Eden regions: 78->0(119)
[2024-04-09T09:27:46.252+0800][3.102s] GC(4) Survivor regions: 4->8(11)
[2024-04-09T09:27:46.252+0800][3.102s] GC(4) Old regions: 12->12
[2024-04-09T09:27:46.252+0800][3.102s] GC(4) Humongous regions: 4->4
[2024-04-09T09:27:46.253+0800][3.102s] GC(4) Metaspace: 28105K->28105K(1075200K)
[2024-04-09T09:27:46.253+0800][3.102s] GC(4) Pause Young (Normal) (G1 Evacuation Pause) 97M->22M(512M) 2.262ms
[2024-04-09T09:27:46.253+0800][3.102s] GC(4) User=0.00s Sys=0.00s Real=0.00s
[2024-04-09T09:27:47.148+0800][3.997s] GC(5) Pause Young (Normal) (G1 Evacuation Pause)
[2024-04-09T09:27:47.148+0800][3.997s] GC(5) Using 10 workers of 10 for evacuation
[2024-04-09T09:27:47.151+0800][4.000s] GC(5)   Pre Evacuate Collection Set: 0.0ms
[2024-04-09T09:27:47.151+0800][4.000s] GC(5)   Evacuate Collection Set: 2.2ms
[2024-04-09T09:27:47.151+0800][4.000s] GC(5)   Post Evacuate Collection Set: 0.8ms
[2024-04-09T09:27:47.151+0800][4.000s] GC(5)   Other: 0.1ms
[2024-04-09T09:27:47.151+0800][4.000s] GC(5) Eden regions: 119->0(298)
[2024-04-09T09:27:47.151+0800][4.000s] GC(5) Survivor regions: 8->9(16)
[2024-04-09T09:27:47.151+0800][4.000s] GC(5) Old regions: 12->12
[2024-04-09T09:27:47.151+0800][4.000s] GC(5) Humongous regions: 4->4
[2024-04-09T09:27:47.151+0800][4.000s] GC(5) Metaspace: 32137K->32137K(1079296K)
[2024-04-09T09:27:47.151+0800][4.000s] GC(5) Pause Young (Normal) (G1 Evacuation Pause) 141M->23M(512M) 3.230ms
[2024-04-09T09:27:47.151+0800][4.000s] GC(5) User=0.05s Sys=0.00s Real=0.00s
[2024-04-09T09:27:47.719+0800][4.568s] GC(6) Pause Young (Concurrent Start) (Metadata GC Threshold)
[2024-04-09T09:27:47.719+0800][4.568s] GC(6) Using 10 workers of 10 for evacuation
[2024-04-09T09:27:47.723+0800][4.572s] GC(6)   Pre Evacuate Collection Set: 0.1ms
[2024-04-09T09:27:47.723+0800][4.572s] GC(6)   Evacuate Collection Set: 3.3ms
[2024-04-09T09:27:47.723+0800][4.572s] GC(6)   Post Evacuate Collection Set: 0.5ms
[2024-04-09T09:27:47.723+0800][4.572s] GC(6)   Other: 0.2ms
[2024-04-09T09:27:47.723+0800][4.572s] GC(6) Eden regions: 49->0(297)
[2024-04-09T09:27:47.723+0800][4.572s] GC(6) Survivor regions: 9->10(39)
[2024-04-09T09:27:47.723+0800][4.572s] GC(6) Old regions: 12->12
[2024-04-09T09:27:47.723+0800][4.572s] GC(6) Humongous regions: 4->4
[2024-04-09T09:27:47.723+0800][4.572s] GC(6) Metaspace: 34758K->34758K(1081344K)
[2024-04-09T09:27:47.723+0800][4.572s] GC(6) Pause Young (Concurrent Start) (Metadata GC Threshold) 72M->25M(512M) 4.243ms
[2024-04-09T09:27:47.723+0800][4.572s] GC(6) User=0.00s Sys=0.00s Real=0.00s
[2024-04-09T09:27:47.723+0800][4.572s] GC(7) Concurrent Cycle
[2024-04-09T09:27:47.723+0800][4.572s] GC(7) Concurrent Clear Claimed Marks
[2024-04-09T09:27:47.723+0800][4.573s] GC(7) Concurrent Clear Claimed Marks 0.030ms
[2024-04-09T09:27:47.723+0800][4.573s] GC(7) Concurrent Scan Root Regions
[2024-04-09T09:27:47.725+0800][4.574s] GC(7) Concurrent Scan Root Regions 1.667ms
[2024-04-09T09:27:47.725+0800][4.574s] GC(7) Concurrent Mark (4.574s)
[2024-04-09T09:27:47.725+0800][4.574s] GC(7) Concurrent Mark From Roots
[2024-04-09T09:27:47.725+0800][4.574s] GC(7) Using 3 workers of 3 for marking
[2024-04-09T09:27:47.735+0800][4.585s] GC(7) Concurrent Mark From Roots 10.913ms
[2024-04-09T09:27:47.736+0800][4.585s] GC(7) Concurrent Preclean
[2024-04-09T09:27:47.736+0800][4.585s] GC(7) Concurrent Preclean 0.079ms
[2024-04-09T09:27:47.736+0800][4.585s] GC(7) Concurrent Mark (4.574s, 4.585s) 11.083ms
[2024-04-09T09:27:47.736+0800][4.586s] GC(7) Pause Remark
[2024-04-09T09:27:47.747+0800][4.596s] GC(7) Cleaned string and symbol table, strings: 15622 processed, 15 removed, symbols: 110714 processed, 46 removed
[2024-04-09T09:27:47.747+0800][4.596s] GC(7) Pause Remark 27M->27M(512M) 10.433ms
[2024-04-09T09:27:47.747+0800][4.596s] GC(7) User=0.08s Sys=0.00s Real=0.01s
[2024-04-09T09:27:47.747+0800][4.596s] GC(7) Concurrent Rebuild Remembered Sets
[2024-04-09T09:27:47.753+0800][4.602s] GC(7) Concurrent Rebuild Remembered Sets 5.876ms
[2024-04-09T09:27:47.753+0800][4.602s] GC(7) Pause Cleanup
[2024-04-09T09:27:47.753+0800][4.602s] GC(7) Pause Cleanup 27M->27M(512M) 0.151ms
[2024-04-09T09:27:47.753+0800][4.602s] GC(7) User=0.00s Sys=0.00s Real=0.00s
[2024-04-09T09:27:47.754+0800][4.603s] GC(7) Concurrent Cleanup for Next Mark
[2024-04-09T09:27:47.754+0800][4.603s] GC(7) Concurrent Cleanup for Next Mark 0.305ms
[2024-04-09T09:27:47.754+0800][4.603s] GC(7) Concurrent Cycle 30.496ms
[2024-04-09T09:27:50.408+0800][7.257s] GC(8) Pause Young (Normal) (G1 Evacuation Pause)
[2024-04-09T09:27:50.408+0800][7.257s] GC(8) Using 10 workers of 10 for evacuation
[2024-04-09T09:27:50.418+0800][7.268s] GC(8)   Pre Evacuate Collection Set: 0.0ms
[2024-04-09T09:27:50.418+0800][7.268s] GC(8)   Evacuate Collection Set: 8.8ms
[2024-04-09T09:27:50.418+0800][7.268s] GC(8)   Post Evacuate Collection Set: 1.6ms
[2024-04-09T09:27:50.419+0800][7.268s] GC(8)   Other: 0.2ms
[2024-04-09T09:27:50.419+0800][7.268s] GC(8) Eden regions: 297->0(285)
[2024-04-09T09:27:50.419+0800][7.268s] GC(8) Survivor regions: 10->22(39)
[2024-04-09T09:27:50.419+0800][7.268s] GC(8) Old regions: 12->12
[2024-04-09T09:27:50.419+0800][7.268s] GC(8) Humongous regions: 4->4
[2024-04-09T09:27:50.419+0800][7.268s] GC(8) Metaspace: 58182K->58182K(1101824K)
[2024-04-09T09:27:50.419+0800][7.268s] GC(8) Pause Young (Normal) (G1 Evacuation Pause) 322M->36M(512M) 10.832ms
[2024-04-09T09:27:50.419+0800][7.268s] GC(8) User=0.02s Sys=0.00s Real=0.01s
[2024-04-09T09:27:50.494+0800][7.343s] GC(9) Pause Young (Concurrent Start) (Metadata GC Threshold)
[2024-04-09T09:27:50.494+0800][7.343s] GC(9) Using 10 workers of 10 for evacuation
[2024-04-09T09:27:50.508+0800][7.357s] GC(9)   Pre Evacuate Collection Set: 0.1ms
[2024-04-09T09:27:50.508+0800][7.357s] GC(9)   Evacuate Collection Set: 12.5ms
[2024-04-09T09:27:50.508+0800][7.357s] GC(9)   Post Evacuate Collection Set: 1.0ms
[2024-04-09T09:27:50.508+0800][7.357s] GC(9)   Other: 0.2ms
[2024-04-09T09:27:50.508+0800][7.357s] GC(9) Eden regions: 11->0(287)
[2024-04-09T09:27:50.508+0800][7.357s] GC(9) Survivor regions: 22->20(39)
[2024-04-09T09:27:50.508+0800][7.357s] GC(9) Old regions: 12->15
[2024-04-09T09:27:50.508+0800][7.357s] GC(9) Humongous regions: 4->4
[2024-04-09T09:27:50.508+0800][7.357s] GC(9) Metaspace: 58505K->58505K(1101824K)
[2024-04-09T09:27:50.508+0800][7.357s] GC(9) Pause Young (Concurrent Start) (Metadata GC Threshold) 47M->38M(512M) 13.876ms
[2024-04-09T09:27:50.508+0800][7.357s] GC(9) User=0.00s Sys=0.00s Real=0.01s
[2024-04-09T09:27:50.508+0800][7.357s] GC(10) Concurrent Cycle
[2024-04-09T09:27:50.508+0800][7.357s] GC(10) Concurrent Clear Claimed Marks
[2024-04-09T09:27:50.508+0800][7.357s] GC(10) Concurrent Clear Claimed Marks 0.130ms
[2024-04-09T09:27:50.508+0800][7.357s] GC(10) Concurrent Scan Root Regions
[2024-04-09T09:27:50.513+0800][7.363s] GC(10) Concurrent Scan Root Regions 5.300ms
[2024-04-09T09:27:50.513+0800][7.363s] GC(10) Concurrent Mark (7.363s)
[2024-04-09T09:27:50.513+0800][7.363s] GC(10) Concurrent Mark From Roots
[2024-04-09T09:27:50.513+0800][7.363s] GC(10) Using 3 workers of 3 for marking
[2024-04-09T09:27:50.525+0800][7.375s] GC(10) Concurrent Mark From Roots 12.028ms
[2024-04-09T09:27:50.525+0800][7.375s] GC(10) Concurrent Preclean
[2024-04-09T09:27:50.525+0800][7.375s] GC(10) Concurrent Preclean 0.190ms
[2024-04-09T09:27:50.525+0800][7.375s] GC(10) Concurrent Mark (7.363s, 7.375s) 12.324ms
[2024-04-09T09:27:50.525+0800][7.375s] GC(10) Pause Remark
[2024-04-09T09:27:50.538+0800][7.387s] GC(10) Cleaned string and symbol table, strings: 27655 processed, 1 removed, symbols: 181698 processed, 458 removed
[2024-04-09T09:27:50.538+0800][7.387s] GC(10) Pause Remark 39M->39M(512M) 12.245ms
[2024-04-09T09:27:50.538+0800][7.388s] GC(10) User=0.00s Sys=0.00s Real=0.01s
[2024-04-09T09:27:50.538+0800][7.388s] GC(10) Concurrent Rebuild Remembered Sets
[2024-04-09T09:27:50.544+0800][7.393s] GC(10) Concurrent Rebuild Remembered Sets 5.698ms
[2024-04-09T09:27:50.544+0800][7.394s] GC(10) Pause Cleanup
[2024-04-09T09:27:50.544+0800][7.394s] GC(10) Pause Cleanup 40M->40M(512M) 0.104ms
[2024-04-09T09:27:50.544+0800][7.394s] GC(10) User=0.00s Sys=0.00s Real=0.00s
[2024-04-09T09:27:50.544+0800][7.394s] GC(10) Concurrent Cleanup for Next Mark
[2024-04-09T09:27:50.545+0800][7.394s] GC(10) Concurrent Cleanup for Next Mark 0.510ms
[2024-04-09T09:27:50.545+0800][7.394s] GC(10) Concurrent Cycle 37.341ms
[2024-04-09T09:37:01.004+0800][557.854s] GC(11) Pause Young (Normal) (G1 Evacuation Pause)
[2024-04-09T09:37:01.004+0800][557.854s] GC(11) Using 10 workers of 10 for evacuation
[2024-04-09T09:37:01.015+0800][557.864s] GC(11)   Pre Evacuate Collection Set: 0.0ms
[2024-04-09T09:37:01.015+0800][557.864s] GC(11)   Evacuate Collection Set: 9.1ms
[2024-04-09T09:37:01.015+0800][557.864s] GC(11)   Post Evacuate Collection Set: 1.0ms
[2024-04-09T09:37:01.015+0800][557.864s] GC(11)   Other: 0.2ms
[2024-04-09T09:37:01.015+0800][557.864s] GC(11) Eden regions: 287->0(280)
[2024-04-09T09:37:01.015+0800][557.864s] GC(11) Survivor regions: 20->27(39)
[2024-04-09T09:37:01.015+0800][557.864s] GC(11) Old regions: 15->15
[2024-04-09T09:37:01.015+0800][557.864s] GC(11) Humongous regions: 5->5
[2024-04-09T09:37:01.015+0800][557.864s] GC(11) Metaspace: 67897K->67897K(1110016K)
[2024-04-09T09:37:01.015+0800][557.864s] GC(11) Pause Young (Normal) (G1 Evacuation Pause) 326M->45M(512M) 10.488ms
[2024-04-09T09:37:01.015+0800][557.864s] GC(11) User=0.03s Sys=0.00s Real=0.01s
[2024-04-09T10:38:45.754+0800][4262.603s] GC(12) Pause Young (Normal) (G1 Evacuation Pause)
[2024-04-09T10:38:45.754+0800][4262.604s] GC(12) Using 10 workers of 10 for evacuation
[2024-04-09T10:38:45.777+0800][4262.627s] GC(12)   Pre Evacuate Collection Set: 0.6ms
[2024-04-09T10:38:45.777+0800][4262.627s] GC(12)   Evacuate Collection Set: 20.5ms
[2024-04-09T10:38:45.777+0800][4262.627s] GC(12)   Post Evacuate Collection Set: 1.9ms
[2024-04-09T10:38:45.777+0800][4262.627s] GC(12)   Other: 0.6ms
[2024-04-09T10:38:45.777+0800][4262.627s] GC(12) Eden regions: 280->0(284)
[2024-04-09T10:38:45.777+0800][4262.627s] GC(12) Survivor regions: 27->23(39)
[2024-04-09T10:38:45.777+0800][4262.627s] GC(12) Old regions: 15->20
[2024-04-09T10:38:45.777+0800][4262.627s] GC(12) Humongous regions: 5->5
[2024-04-09T10:38:45.777+0800][4262.627s] GC(12) Metaspace: 72091K->72091K(1114112K)
[2024-04-09T10:38:45.777+0800][4262.627s] GC(12) Pause Young (Normal) (G1 Evacuation Pause) 325M->47M(512M) 23.712ms
[2024-04-09T10:38:45.777+0800][4262.627s] GC(12) User=0.06s Sys=0.11s Real=0.02s
[2024-04-09T10:43:38.525+0800][4555.374s] GC(13) Pause Young (Normal) (G1 Evacuation Pause)
[2024-04-09T10:43:38.525+0800][4555.374s] GC(13) Using 10 workers of 10 for evacuation
[2024-04-09T10:43:38.541+0800][4555.390s] GC(13)   Pre Evacuate Collection Set: 0.0ms
[2024-04-09T10:43:38.541+0800][4555.390s] GC(13)   Evacuate Collection Set: 13.1ms
[2024-04-09T10:43:38.541+0800][4555.390s] GC(13)   Post Evacuate Collection Set: 2.1ms
[2024-04-09T10:43:38.541+0800][4555.390s] GC(13)   Other: 0.3ms
[2024-04-09T10:43:38.541+0800][4555.390s] GC(13) Eden regions: 284->0(293)
[2024-04-09T10:43:38.541+0800][4555.390s] GC(13) Survivor regions: 23->14(39)
[2024-04-09T10:43:38.541+0800][4555.390s] GC(13) Old regions: 20->31
[2024-04-09T10:43:38.541+0800][4555.390s] GC(13) Humongous regions: 5->5
[2024-04-09T10:43:38.541+0800][4555.390s] GC(13) Metaspace: 72377K->72377K(1114112K)
[2024-04-09T10:43:38.542+0800][4555.391s] GC(13) Pause Young (Normal) (G1 Evacuation Pause) 331M->49M(512M) 16.530ms
[2024-04-09T10:43:38.542+0800][4555.391s] GC(13) User=0.02s Sys=0.00s Real=0.02s
[2024-04-09T10:57:01.297+0800][5358.146s] GC(14) Pause Young (Normal) (G1 Evacuation Pause)
[2024-04-09T10:57:01.297+0800][5358.146s] GC(14) Using 10 workers of 10 for evacuation
[2024-04-09T10:57:01.303+0800][5358.152s] GC(14)   Pre Evacuate Collection Set: 0.0ms
[2024-04-09T10:57:01.303+0800][5358.152s] GC(14)   Evacuate Collection Set: 5.0ms
[2024-04-09T10:57:01.303+0800][5358.152s] GC(14)   Post Evacuate Collection Set: 1.0ms
[2024-04-09T10:57:01.303+0800][5358.152s] GC(14)   Other: 0.3ms
[2024-04-09T10:57:01.303+0800][5358.152s] GC(14) Eden regions: 293->0(293)
[2024-04-09T10:57:01.303+0800][5358.152s] GC(14) Survivor regions: 14->14(39)
[2024-04-09T10:57:01.303+0800][5358.152s] GC(14) Old regions: 31->31
[2024-04-09T10:57:01.303+0800][5358.152s] GC(14) Humongous regions: 5->5
[2024-04-09T10:57:01.303+0800][5358.152s] GC(14) Metaspace: 72696K->72696K(1116160K)
[2024-04-09T10:57:01.303+0800][5358.152s] GC(14) Pause Young (Normal) (G1 Evacuation Pause) 342M->49M(512M) 6.469ms
[2024-04-09T10:57:01.303+0800][5358.152s] GC(14) User=0.00s Sys=0.00s Real=0.01s
[2024-04-09T11:55:28.538+0800][8865.387s] GC(15) Pause Young (Normal) (G1 Evacuation Pause)
[2024-04-09T11:55:28.538+0800][8865.388s] GC(15) Using 10 workers of 10 for evacuation
[2024-04-09T11:55:28.553+0800][8865.402s] GC(15)   Pre Evacuate Collection Set: 0.0ms
[2024-04-09T11:55:28.553+0800][8865.402s] GC(15)   Evacuate Collection Set: 12.4ms
[2024-04-09T11:55:28.553+0800][8865.402s] GC(15)   Post Evacuate Collection Set: 2.0ms
[2024-04-09T11:55:28.553+0800][8865.403s] GC(15)   Other: 0.4ms
[2024-04-09T11:55:28.553+0800][8865.403s] GC(15) Eden regions: 293->0(294)
[2024-04-09T11:55:28.553+0800][8865.403s] GC(15) Survivor regions: 14->13(39)
[2024-04-09T11:55:28.553+0800][8865.403s] GC(15) Old regions: 31->31
[2024-04-09T11:55:28.553+0800][8865.403s] GC(15) Humongous regions: 5->5
[2024-04-09T11:55:28.553+0800][8865.403s] GC(15) Metaspace: 73132K->73132K(1116160K)
[2024-04-09T11:55:28.553+0800][8865.403s] GC(15) Pause Young (Normal) (G1 Evacuation Pause) 342M->48M(512M) 15.367ms
[2024-04-09T11:55:28.554+0800][8865.403s] GC(15) User=0.03s Sys=0.00s Real=0.02s
[2024-04-09T12:03:29.767+0800][9346.617s] GC(16) Pause Young (Normal) (G1 Evacuation Pause)
[2024-04-09T12:03:29.767+0800][9346.617s] GC(16) Using 10 workers of 10 for evacuation
[2024-04-09T12:03:29.779+0800][9346.628s] GC(16)   Pre Evacuate Collection Set: 0.0ms
[2024-04-09T12:03:29.779+0800][9346.629s] GC(16)   Evacuate Collection Set: 10.0ms
[2024-04-09T12:03:29.779+0800][9346.629s] GC(16)   Post Evacuate Collection Set: 1.6ms
[2024-04-09T12:03:29.779+0800][9346.629s] GC(16)   Other: 0.4ms
[2024-04-09T12:03:29.779+0800][9346.629s] GC(16) Eden regions: 294->0(294)
[2024-04-09T12:03:29.779+0800][9346.629s] GC(16) Survivor regions: 13->13(39)
[2024-04-09T12:03:29.779+0800][9346.629s] GC(16) Old regions: 31->31
[2024-04-09T12:03:29.779+0800][9346.629s] GC(16) Humongous regions: 5->5
[2024-04-09T12:03:29.779+0800][9346.629s] GC(16) Metaspace: 73388K->73388K(1116160K)
[2024-04-09T12:03:29.779+0800][9346.629s] GC(16) Pause Young (Normal) (G1 Evacuation Pause) 342M->49M(512M) 12.386ms
[2024-04-09T12:03:29.779+0800][9346.629s] GC(16) User=0.00s Sys=0.02s Real=0.01s
[2024-04-09T12:06:24.890+0800][9521.740s] GC(17) Pause Young (Normal) (G1 Evacuation Pause)
[2024-04-09T12:06:24.891+0800][9521.740s] GC(17) Using 10 workers of 10 for evacuation
[2024-04-09T12:06:24.909+0800][9521.758s] GC(17)   Pre Evacuate Collection Set: 0.1ms
[2024-04-09T12:06:24.909+0800][9521.758s] GC(17)   Evacuate Collection Set: 14.9ms
[2024-04-09T12:06:24.909+0800][9521.758s] GC(17)   Post Evacuate Collection Set: 2.6ms
[2024-04-09T12:06:24.909+0800][9521.758s] GC(17)   Other: 0.7ms
[2024-04-09T12:06:24.909+0800][9521.759s] GC(17) Eden regions: 294->0(296)
[2024-04-09T12:06:24.909+0800][9521.759s] GC(17) Survivor regions: 13->11(39)
[2024-04-09T12:06:24.909+0800][9521.759s] GC(17) Old regions: 31->31
[2024-04-09T12:06:24.909+0800][9521.759s] GC(17) Humongous regions: 5->5
[2024-04-09T12:06:24.909+0800][9521.759s] GC(17) Metaspace: 73581K->73581K(1116160K)
[2024-04-09T12:06:24.909+0800][9521.759s] GC(17) Pause Young (Normal) (G1 Evacuation Pause) 343M->47M(512M) 19.343ms
[2024-04-09T12:06:24.910+0800][9521.759s] GC(17) User=0.02s Sys=0.00s Real=0.02s
[2024-04-09T12:07:48.164+0800][9605.013s] GC(18) Pause Young (Normal) (G1 Evacuation Pause)
[2024-04-09T12:07:48.164+0800][9605.013s] GC(18) Using 10 workers of 10 for evacuation
[2024-04-09T12:07:48.173+0800][9605.022s] GC(18)   Pre Evacuate Collection Set: 0.0ms
[2024-04-09T12:07:48.173+0800][9605.023s] GC(18)   Evacuate Collection Set: 8.0ms
[2024-04-09T12:07:48.173+0800][9605.023s] GC(18)   Post Evacuate Collection Set: 1.5ms
[2024-04-09T12:07:48.173+0800][9605.023s] GC(18)   Other: 0.3ms
[2024-04-09T12:07:48.173+0800][9605.023s] GC(18) Eden regions: 296->0(293)
[2024-04-09T12:07:48.174+0800][9605.023s] GC(18) Survivor regions: 11->14(39)
[2024-04-09T12:07:48.174+0800][9605.023s] GC(18) Old regions: 31->31
[2024-04-09T12:07:48.174+0800][9605.023s] GC(18) Humongous regions: 5->5
[2024-04-09T12:07:48.174+0800][9605.023s] GC(18) Metaspace: 73728K->73728K(1116160K)
[2024-04-09T12:07:48.174+0800][9605.023s] GC(18) Pause Young (Normal) (G1 Evacuation Pause) 343M->49M(512M) 10.145ms
[2024-04-09T12:07:48.174+0800][9605.023s] GC(18) User=0.05s Sys=0.00s Real=0.01s
[2024-04-09T12:08:53.791+0800][9670.641s] Heap
[2024-04-09T12:08:53.791+0800][9670.641s]  garbage-first heap   total 524288K, used 277819K [0x00000000e0000000, 0x0000000100000000)
[2024-04-09T12:08:53.792+0800][9670.641s]   region size 1024K, 238 young (243712K), 14 survivors (14336K)
[2024-04-09T12:08:53.792+0800][9670.641s]  Metaspace       used 73966K, capacity 76283K, committed 76416K, reserved 1116160K
[2024-04-09T12:08:53.792+0800][9670.642s]   class space    used 8591K, capacity 9555K, committed 9676K, reserved 1048576K
