[2024-04-03T21:10:08.698+0800][0.028s] Heap region size: 1M
[2024-04-03T21:10:09.265+0800][0.594s] Using G1
[2024-04-03T21:10:09.265+0800][0.595s] Heap address: 0x00000000e0000000, size: 512 MB, Compressed Oops mode: 32-bit
[2024-04-03T21:10:11.053+0800][2.382s] GC(0) Pause Young (Normal) (G1 Evacuation Pause)
[2024-04-03T21:10:11.054+0800][2.384s] GC(0) Using 10 workers of 10 for evacuation
[2024-04-03T21:10:11.059+0800][2.389s] GC(0)   Pre Evacuate Collection Set: 0.0ms
[2024-04-03T21:10:11.059+0800][2.389s] GC(0)   Evacuate Collection Set: 3.5ms
[2024-04-03T21:10:11.059+0800][2.389s] GC(0)   Post Evacuate Collection Set: 1.0ms
[2024-04-03T21:10:11.059+0800][2.389s] GC(0)   Other: 1.9ms
[2024-04-03T21:10:11.059+0800][2.389s] GC(0) Eden regions: 30->0(303)
[2024-04-03T21:10:11.060+0800][2.389s] GC(0) Survivor regions: 0->4(4)
[2024-04-03T21:10:11.060+0800][2.390s] GC(0) Old regions: 0->0
[2024-04-03T21:10:11.060+0800][2.390s] GC(0) Humongous regions: 0->0
[2024-04-03T21:10:11.060+0800][2.390s] GC(0) Metaspace: 13317K->13317K(1060864K)
[2024-04-03T21:10:11.060+0800][2.390s] GC(0) Pause Young (Normal) (G1 Evacuation Pause) 30M->3M(512M) 7.414ms
[2024-04-03T21:10:11.060+0800][2.390s] GC(0) User=0.00s Sys=0.00s Real=0.01s
[2024-04-03T21:10:11.902+0800][3.232s] GC(1) Pause Young (Concurrent Start) (Metadata GC Threshold)
[2024-04-03T21:10:11.903+0800][3.232s] GC(1) Using 10 workers of 10 for evacuation
[2024-04-03T21:10:11.922+0800][3.252s] GC(1)   Pre Evacuate Collection Set: 0.1ms
[2024-04-03T21:10:11.922+0800][3.252s] GC(1)   Evacuate Collection Set: 18.2ms
[2024-04-03T21:10:11.922+0800][3.252s] GC(1)   Post Evacuate Collection Set: 1.3ms
[2024-04-03T21:10:11.922+0800][3.252s] GC(1)   Other: 0.4ms
[2024-04-03T21:10:11.922+0800][3.252s] GC(1) Eden regions: 29->0(173)
[2024-04-03T21:10:11.922+0800][3.252s] GC(1) Survivor regions: 4->12(39)
[2024-04-03T21:10:11.922+0800][3.252s] GC(1) Old regions: 0->0
[2024-04-03T21:10:11.922+0800][3.252s] GC(1) Humongous regions: 4->4
[2024-04-03T21:10:11.922+0800][3.252s] GC(1) Metaspace: 20497K->20497K(1069056K)
[2024-04-03T21:10:11.923+0800][3.252s] GC(1) Pause Young (Concurrent Start) (Metadata GC Threshold) 35M->15M(512M) 20.156ms
[2024-04-03T21:10:11.923+0800][3.252s] GC(1) User=0.02s Sys=0.00s Real=0.02s
[2024-04-03T21:10:11.923+0800][3.252s] GC(2) Concurrent Cycle
[2024-04-03T21:10:11.923+0800][3.253s] GC(2) Concurrent Clear Claimed Marks
[2024-04-03T21:10:11.923+0800][3.253s] GC(2) Concurrent Clear Claimed Marks 0.078ms
[2024-04-03T21:10:11.923+0800][3.253s] GC(2) Concurrent Scan Root Regions
[2024-04-03T21:10:11.928+0800][3.258s] GC(2) Concurrent Scan Root Regions 5.006ms
[2024-04-03T21:10:11.928+0800][3.258s] GC(2) Concurrent Mark (3.258s)
[2024-04-03T21:10:11.928+0800][3.258s] GC(2) Concurrent Mark From Roots
[2024-04-03T21:10:11.928+0800][3.258s] GC(2) Using 3 workers of 3 for marking
[2024-04-03T21:10:11.930+0800][3.259s] GC(2) Concurrent Mark From Roots 1.153ms
[2024-04-03T21:10:11.930+0800][3.259s] GC(2) Concurrent Preclean
[2024-04-03T21:10:11.930+0800][3.259s] GC(2) Concurrent Preclean 0.155ms
[2024-04-03T21:10:11.930+0800][3.259s] GC(2) Concurrent Mark (3.258s, 3.259s) 1.485ms
[2024-04-03T21:10:11.930+0800][3.260s] GC(2) Pause Remark
[2024-04-03T21:10:11.932+0800][3.262s] GC(2) Cleaned string and symbol table, strings: 9353 processed, 0 removed, symbols: 66024 processed, 14 removed
[2024-04-03T21:10:11.933+0800][3.262s] GC(2) Pause Remark 16M->16M(512M) 2.888ms
[2024-04-03T21:10:11.933+0800][3.262s] GC(2) User=0.00s Sys=0.00s Real=0.00s
[2024-04-03T21:10:11.933+0800][3.263s] GC(2) Concurrent Rebuild Remembered Sets
[2024-04-03T21:10:11.936+0800][3.266s] GC(2) Concurrent Rebuild Remembered Sets 3.323ms
[2024-04-03T21:10:11.936+0800][3.266s] GC(2) Pause Cleanup
[2024-04-03T21:10:11.937+0800][3.266s] GC(2) Pause Cleanup 16M->16M(512M) 0.205ms
[2024-04-03T21:10:11.937+0800][3.267s] GC(2) User=0.00s Sys=0.00s Real=0.00s
[2024-04-03T21:10:11.937+0800][3.267s] GC(2) Concurrent Cleanup for Next Mark
[2024-04-03T21:10:11.937+0800][3.267s] GC(2) Concurrent Cleanup for Next Mark 0.439ms
[2024-04-03T21:10:11.937+0800][3.267s] GC(2) Concurrent Cycle 14.792ms
[2024-04-03T21:10:14.679+0800][6.009s] GC(3) Pause Young (Normal) (G1 Evacuation Pause)
[2024-04-03T21:10:14.679+0800][6.009s] GC(3) Using 10 workers of 10 for evacuation
[2024-04-03T21:10:14.704+0800][6.033s] GC(3)   Pre Evacuate Collection Set: 0.0ms
[2024-04-03T21:10:14.704+0800][6.033s] GC(3)   Evacuate Collection Set: 22.5ms
[2024-04-03T21:10:14.704+0800][6.033s] GC(3)   Post Evacuate Collection Set: 1.7ms
[2024-04-03T21:10:14.704+0800][6.033s] GC(3)   Other: 0.3ms
[2024-04-03T21:10:14.704+0800][6.033s] GC(3) Eden regions: 61->0(87)
[2024-04-03T21:10:14.704+0800][6.033s] GC(3) Survivor regions: 12->8(10)
[2024-04-03T21:10:14.704+0800][6.033s] GC(3) Old regions: 0->12
[2024-04-03T21:10:14.704+0800][6.033s] GC(3) Humongous regions: 4->4
[2024-04-03T21:10:14.704+0800][6.033s] GC(3) Metaspace: 28088K->28088K(1075200K)
[2024-04-03T21:10:14.704+0800][6.034s] GC(3) Pause Young (Normal) (G1 Evacuation Pause) 76M->23M(512M) 24.957ms
[2024-04-03T21:10:14.705+0800][6.034s] GC(3) User=0.06s Sys=0.00s Real=0.03s
[2024-04-03T21:10:17.661+0800][8.990s] GC(4) Pause Young (Normal) (G1 Evacuation Pause)
[2024-04-03T21:10:17.661+0800][8.990s] GC(4) Using 10 workers of 10 for evacuation
[2024-04-03T21:10:17.668+0800][8.998s] GC(4)   Pre Evacuate Collection Set: 0.0ms
[2024-04-03T21:10:17.668+0800][8.998s] GC(4)   Evacuate Collection Set: 6.1ms
[2024-04-03T21:10:17.668+0800][8.998s] GC(4)   Post Evacuate Collection Set: 1.2ms
[2024-04-03T21:10:17.669+0800][8.998s] GC(4)   Other: 0.4ms
[2024-04-03T21:10:17.669+0800][8.998s] GC(4) Eden regions: 87->0(125)
[2024-04-03T21:10:17.669+0800][8.998s] GC(4) Survivor regions: 8->3(12)
[2024-04-03T21:10:17.669+0800][8.999s] GC(4) Old regions: 12->19
[2024-04-03T21:10:17.669+0800][8.999s] GC(4) Humongous regions: 4->4
[2024-04-03T21:10:17.669+0800][8.999s] GC(4) Metaspace: 34542K->34542K(1081344K)
[2024-04-03T21:10:17.669+0800][8.999s] GC(4) Pause Young (Normal) (G1 Evacuation Pause) 110M->25M(512M) 8.354ms
[2024-04-03T21:10:17.669+0800][8.999s] GC(4) User=0.03s Sys=0.00s Real=0.01s
[2024-04-03T21:10:17.740+0800][9.069s] GC(5) Pause Young (Concurrent Start) (Metadata GC Threshold)
[2024-04-03T21:10:17.740+0800][9.070s] GC(5) Using 10 workers of 10 for evacuation
[2024-04-03T21:10:17.745+0800][9.075s] GC(5)   Pre Evacuate Collection Set: 0.1ms
[2024-04-03T21:10:17.745+0800][9.075s] GC(5)   Evacuate Collection Set: 4.4ms
[2024-04-03T21:10:17.745+0800][9.075s] GC(5)   Post Evacuate Collection Set: 0.8ms
[2024-04-03T21:10:17.745+0800][9.075s] GC(5)   Other: 0.4ms
[2024-04-03T21:10:17.745+0800][9.075s] GC(5) Eden regions: 2->0(150)
[2024-04-03T21:10:17.746+0800][9.076s] GC(5) Survivor regions: 3->3(16)
[2024-04-03T21:10:17.746+0800][9.076s] GC(5) Old regions: 19->19
[2024-04-03T21:10:17.746+0800][9.076s] GC(5) Humongous regions: 4->4
[2024-04-03T21:10:17.746+0800][9.076s] GC(5) Metaspace: 34720K->34720K(1081344K)
[2024-04-03T21:10:17.746+0800][9.076s] GC(5) Pause Young (Concurrent Start) (Metadata GC Threshold) 27M->25M(512M) 6.403ms
[2024-04-03T21:10:17.746+0800][9.076s] GC(5) User=0.00s Sys=0.00s Real=0.01s
[2024-04-03T21:10:17.746+0800][9.076s] GC(6) Concurrent Cycle
[2024-04-03T21:10:17.746+0800][9.076s] GC(6) Concurrent Clear Claimed Marks
[2024-04-03T21:10:17.746+0800][9.076s] GC(6) Concurrent Clear Claimed Marks 0.069ms
[2024-04-03T21:10:17.746+0800][9.076s] GC(6) Concurrent Scan Root Regions
[2024-04-03T21:10:17.749+0800][9.079s] GC(6) Concurrent Scan Root Regions 2.609ms
[2024-04-03T21:10:17.749+0800][9.079s] GC(6) Concurrent Mark (9.079s)
[2024-04-03T21:10:17.749+0800][9.079s] GC(6) Concurrent Mark From Roots
[2024-04-03T21:10:17.749+0800][9.079s] GC(6) Using 3 workers of 3 for marking
[2024-04-03T21:10:17.791+0800][9.120s] GC(6) Concurrent Mark From Roots 41.076ms
[2024-04-03T21:10:17.791+0800][9.120s] GC(6) Concurrent Preclean
[2024-04-03T21:10:17.791+0800][9.121s] GC(6) Concurrent Preclean 0.363ms
[2024-04-03T21:10:17.791+0800][9.121s] GC(6) Concurrent Mark (9.079s, 9.121s) 41.652ms
[2024-04-03T21:10:17.792+0800][9.121s] GC(6) Pause Remark
[2024-04-03T21:10:17.809+0800][9.139s] GC(6) Cleaned string and symbol table, strings: 15596 processed, 24 removed, symbols: 110658 processed, 46 removed
[2024-04-03T21:10:17.810+0800][9.139s] GC(6) Pause Remark 27M->27M(512M) 18.349ms
[2024-04-03T21:10:17.810+0800][9.140s] GC(6) User=0.02s Sys=0.00s Real=0.02s
[2024-04-03T21:10:17.810+0800][9.140s] GC(6) Concurrent Rebuild Remembered Sets
[2024-04-03T21:10:17.833+0800][9.163s] GC(6) Concurrent Rebuild Remembered Sets 23.406ms
[2024-04-03T21:10:17.833+0800][9.164s] GC(6) Pause Cleanup
[2024-04-03T21:10:17.835+0800][9.164s] GC(6) Pause Cleanup 27M->27M(512M) 0.350ms
[2024-04-03T21:10:17.835+0800][9.164s] GC(6) User=0.00s Sys=0.00s Real=0.00s
[2024-04-03T21:10:17.835+0800][9.164s] GC(6) Concurrent Cleanup for Next Mark
[2024-04-03T21:10:17.836+0800][9.165s] GC(6) Concurrent Cleanup for Next Mark 0.616ms
[2024-04-03T21:10:17.836+0800][9.165s] GC(6) Concurrent Cycle 88.810ms
[2024-04-03T21:10:22.382+0800][13.712s] GC(7) Pause Young (Normal) (G1 Evacuation Pause)
[2024-04-03T21:10:22.382+0800][13.712s] GC(7) Using 10 workers of 10 for evacuation
[2024-04-03T21:10:22.398+0800][13.728s] GC(7)   Pre Evacuate Collection Set: 0.0ms
[2024-04-03T21:10:22.398+0800][13.728s] GC(7)   Evacuate Collection Set: 12.8ms
[2024-04-03T21:10:22.399+0800][13.728s] GC(7)   Post Evacuate Collection Set: 2.6ms
[2024-04-03T21:10:22.399+0800][13.728s] GC(7)   Other: 0.4ms
[2024-04-03T21:10:22.399+0800][13.728s] GC(7) Eden regions: 155->0(297)
[2024-04-03T21:10:22.399+0800][13.728s] GC(7) Survivor regions: 3->10(20)
[2024-04-03T21:10:22.399+0800][13.728s] GC(7) Old regions: 19->19
[2024-04-03T21:10:22.399+0800][13.728s] GC(7) Humongous regions: 4->4
[2024-04-03T21:10:22.399+0800][13.728s] GC(7) Metaspace: 50967K->50967K(1095680K)
[2024-04-03T21:10:22.399+0800][13.728s] GC(7) Pause Young (Normal) (G1 Evacuation Pause) 180M->32M(512M) 16.269ms
[2024-04-03T21:10:22.399+0800][13.728s] GC(7) User=0.02s Sys=0.00s Real=0.02s
[2024-04-03T21:12:53.355+0800][164.685s] GC(8) Pause Young (Concurrent Start) (Metadata GC Threshold)
[2024-04-03T21:12:53.355+0800][164.685s] GC(8) Using 10 workers of 10 for evacuation
[2024-04-03T21:12:53.376+0800][164.705s] GC(8)   Pre Evacuate Collection Set: 0.1ms
[2024-04-03T21:12:53.376+0800][164.706s] GC(8)   Evacuate Collection Set: 19.8ms
[2024-04-03T21:12:53.376+0800][164.706s] GC(8)   Post Evacuate Collection Set: 0.8ms
[2024-04-03T21:12:53.376+0800][164.706s] GC(8)   Other: 0.3ms
[2024-04-03T21:12:53.376+0800][164.706s] GC(8) Eden regions: 100->0(268)
[2024-04-03T21:12:53.376+0800][164.706s] GC(8) Survivor regions: 10->16(39)
[2024-04-03T21:12:53.376+0800][164.706s] GC(8) Old regions: 19->19
[2024-04-03T21:12:53.376+0800][164.706s] GC(8) Humongous regions: 5->5
[2024-04-03T21:12:53.376+0800][164.706s] GC(8) Metaspace: 58468K->58468K(1101824K)
[2024-04-03T21:12:53.376+0800][164.706s] GC(8) Pause Young (Concurrent Start) (Metadata GC Threshold) 133M->39M(512M) 21.195ms
[2024-04-03T21:12:53.376+0800][164.706s] GC(8) User=0.02s Sys=0.00s Real=0.02s
[2024-04-03T21:12:53.376+0800][164.706s] GC(9) Concurrent Cycle
[2024-04-03T21:12:53.376+0800][164.706s] GC(9) Concurrent Clear Claimed Marks
[2024-04-03T21:12:53.376+0800][164.706s] GC(9) Concurrent Clear Claimed Marks 0.069ms
[2024-04-03T21:12:53.376+0800][164.706s] GC(9) Concurrent Scan Root Regions
[2024-04-03T21:12:53.384+0800][164.714s] GC(9) Concurrent Scan Root Regions 7.726ms
[2024-04-03T21:12:53.384+0800][164.714s] GC(9) Concurrent Mark (164.714s)
[2024-04-03T21:12:53.384+0800][164.714s] GC(9) Concurrent Mark From Roots
[2024-04-03T21:12:53.384+0800][164.714s] GC(9) Using 3 workers of 3 for marking
[2024-04-03T21:12:53.404+0800][164.734s] GC(9) Concurrent Mark From Roots 20.231ms
[2024-04-03T21:12:53.404+0800][164.734s] GC(9) Concurrent Preclean
[2024-04-03T21:12:53.405+0800][164.734s] GC(9) Concurrent Preclean 0.305ms
[2024-04-03T21:12:53.405+0800][164.734s] GC(9) Concurrent Mark (164.714s, 164.734s) 20.711ms
[2024-04-03T21:12:53.405+0800][164.735s] GC(9) Pause Remark
[2024-04-03T21:12:53.413+0800][164.743s] GC(9) Cleaned string and symbol table, strings: 26868 processed, 1 removed, symbols: 175850 processed, 144 removed
[2024-04-03T21:12:53.414+0800][164.743s] GC(9) Pause Remark 41M->41M(512M) 8.595ms
[2024-04-03T21:12:53.414+0800][164.744s] GC(9) User=0.02s Sys=0.00s Real=0.01s
[2024-04-03T21:12:53.414+0800][164.744s] GC(9) Concurrent Rebuild Remembered Sets
[2024-04-03T21:12:53.427+0800][164.756s] GC(9) Concurrent Rebuild Remembered Sets 12.752ms
[2024-04-03T21:12:53.428+0800][164.757s] GC(9) Pause Cleanup
[2024-04-03T21:12:53.428+0800][164.757s] GC(9) Pause Cleanup 41M->41M(512M) 0.233ms
[2024-04-03T21:12:53.428+0800][164.757s] GC(9) User=0.00s Sys=0.00s Real=0.00s
[2024-04-03T21:12:53.428+0800][164.757s] GC(9) Concurrent Cleanup for Next Mark
[2024-04-03T21:12:53.428+0800][164.758s] GC(9) Concurrent Cleanup for Next Mark 0.340ms
[2024-04-03T21:12:53.428+0800][164.758s] GC(9) Concurrent Cycle 51.805ms
[2024-04-03T21:23:50.098+0800][821.428s] GC(10) Pause Young (Normal) (G1 Evacuation Pause)
[2024-04-03T21:23:50.098+0800][821.428s] GC(10) Using 10 workers of 10 for evacuation
[2024-04-03T21:23:50.139+0800][821.469s] GC(10)   Pre Evacuate Collection Set: 0.1ms
[2024-04-03T21:23:50.139+0800][821.469s] GC(10)   Evacuate Collection Set: 37.0ms
[2024-04-03T21:23:50.140+0800][821.469s] GC(10)   Post Evacuate Collection Set: 3.0ms
[2024-04-03T21:23:50.140+0800][821.469s] GC(10)   Other: 1.0ms
[2024-04-03T21:23:50.140+0800][821.470s] GC(10) Eden regions: 268->0(278)
[2024-04-03T21:23:50.140+0800][821.470s] GC(10) Survivor regions: 16->29(36)
[2024-04-03T21:23:50.140+0800][821.470s] GC(10) Old regions: 19->19
[2024-04-03T21:23:50.140+0800][821.470s] GC(10) Humongous regions: 5->5
[2024-04-03T21:23:50.140+0800][821.470s] GC(10) Metaspace: 68245K->68245K(1112064K)
[2024-04-03T21:23:50.140+0800][821.470s] GC(10) Pause Young (Normal) (G1 Evacuation Pause) 307M->52M(512M) 41.779ms
[2024-04-03T21:23:50.140+0800][821.470s] GC(10) User=0.33s Sys=0.00s Real=0.04s
[2024-04-03T21:23:56.555+0800][827.885s] GC(11) Pause Young (Normal) (G1 Evacuation Pause)
[2024-04-03T21:23:56.556+0800][827.885s] GC(11) Using 10 workers of 10 for evacuation
[2024-04-03T21:23:56.585+0800][827.914s] GC(11)   Pre Evacuate Collection Set: 0.0ms
[2024-04-03T21:23:56.585+0800][827.914s] GC(11)   Evacuate Collection Set: 26.1ms
[2024-04-03T21:23:56.585+0800][827.914s] GC(11)   Post Evacuate Collection Set: 2.6ms
[2024-04-03T21:23:56.585+0800][827.914s] GC(11)   Other: 0.5ms
[2024-04-03T21:23:56.585+0800][827.914s] GC(11) Eden regions: 278->0(281)
[2024-04-03T21:23:56.585+0800][827.914s] GC(11) Survivor regions: 29->26(39)
[2024-04-03T21:23:56.585+0800][827.914s] GC(11) Old regions: 19->29
[2024-04-03T21:23:56.585+0800][827.914s] GC(11) Humongous regions: 5->5
[2024-04-03T21:23:56.585+0800][827.914s] GC(11) Metaspace: 69607K->69607K(1112064K)
[2024-04-03T21:23:56.585+0800][827.914s] GC(11) Pause Young (Normal) (G1 Evacuation Pause) 330M->58M(512M) 29.540ms
[2024-04-03T21:23:56.585+0800][827.915s] GC(11) User=0.13s Sys=0.00s Real=0.03s
[2024-04-03T21:27:33.551+0800][1044.881s] GC(12) Pause Young (Normal) (G1 Evacuation Pause)
[2024-04-03T21:27:33.551+0800][1044.881s] GC(12) Using 10 workers of 10 for evacuation
[2024-04-03T21:27:33.560+0800][1044.889s] GC(12)   Pre Evacuate Collection Set: 0.1ms
[2024-04-03T21:27:33.560+0800][1044.889s] GC(12)   Evacuate Collection Set: 6.6ms
[2024-04-03T21:27:33.560+0800][1044.889s] GC(12)   Post Evacuate Collection Set: 1.2ms
[2024-04-03T21:27:33.560+0800][1044.889s] GC(12)   Other: 0.6ms
[2024-04-03T21:27:33.560+0800][1044.889s] GC(12) Eden regions: 281->0(295)
[2024-04-03T21:27:33.560+0800][1044.889s] GC(12) Survivor regions: 26->12(39)
[2024-04-03T21:27:33.560+0800][1044.889s] GC(12) Old regions: 29->34
[2024-04-03T21:27:33.560+0800][1044.889s] GC(12) Humongous regions: 5->5
[2024-04-03T21:27:33.560+0800][1044.889s] GC(12) Metaspace: 70523K->70523K(1114112K)
[2024-04-03T21:27:33.560+0800][1044.889s] GC(12) Pause Young (Normal) (G1 Evacuation Pause) 339M->50M(512M) 8.835ms
[2024-04-03T21:27:33.560+0800][1044.890s] GC(12) User=0.02s Sys=0.00s Real=0.01s
[2024-04-03T21:47:11.729+0800][2223.059s] Heap
[2024-04-03T21:47:11.730+0800][2223.059s]  garbage-first heap   total 524288K, used 79926K [0x00000000e0000000, 0x0000000100000000)
[2024-04-03T21:47:11.730+0800][2223.059s]   region size 1024K, 41 young (41984K), 12 survivors (12288K)
[2024-04-03T21:47:11.730+0800][2223.059s]  Metaspace       used 71142K, capacity 73486K, committed 73600K, reserved 1114112K
[2024-04-03T21:47:11.730+0800][2223.059s]   class space    used 8421K, capacity 9379K, committed 9420K, reserved 1048576K
