[2024-04-03T21:47:16.532+0800][0.021s] Heap region size: 1M
[2024-04-03T21:47:16.679+0800][0.168s] Using G1
[2024-04-03T21:47:16.679+0800][0.168s] Heap address: 0x00000000e0000000, size: 512 MB, Compressed Oops mode: 32-bit
[2024-04-03T21:47:17.673+0800][1.163s] GC(0) Pause Young (Normal) (G1 Evacuation Pause)
[2024-04-03T21:47:17.674+0800][1.164s] GC(0) Using 10 workers of 10 for evacuation
[2024-04-03T21:47:17.678+0800][1.167s] GC(0)   Pre Evacuate Collection Set: 0.0ms
[2024-04-03T21:47:17.678+0800][1.167s] GC(0)   Evacuate Collection Set: 2.5ms
[2024-04-03T21:47:17.678+0800][1.168s] GC(0)   Post Evacuate Collection Set: 1.0ms
[2024-04-03T21:47:17.678+0800][1.168s] GC(0)   Other: 1.0ms
[2024-04-03T21:47:17.678+0800][1.168s] GC(0) Eden regions: 30->0(303)
[2024-04-03T21:47:17.678+0800][1.168s] GC(0) Survivor regions: 0->4(4)
[2024-04-03T21:47:17.678+0800][1.168s] GC(0) Old regions: 0->0
[2024-04-03T21:47:17.678+0800][1.168s] GC(0) Humongous regions: 0->0
[2024-04-03T21:47:17.678+0800][1.168s] GC(0) Metaspace: 13311K->13311K(1060864K)
[2024-04-03T21:47:17.678+0800][1.168s] GC(0) Pause Young (Normal) (G1 Evacuation Pause) 30M->3M(512M) 5.125ms
[2024-04-03T21:47:17.678+0800][1.168s] GC(0) User=0.02s Sys=0.00s Real=0.00s
[2024-04-03T21:47:18.219+0800][1.708s] GC(1) Pause Young (Concurrent Start) (Metadata GC Threshold)
[2024-04-03T21:47:18.219+0800][1.708s] GC(1) Using 10 workers of 10 for evacuation
[2024-04-03T21:47:18.229+0800][1.719s] GC(1)   Pre Evacuate Collection Set: 0.0ms
[2024-04-03T21:47:18.229+0800][1.719s] GC(1)   Evacuate Collection Set: 9.9ms
[2024-04-03T21:47:18.229+0800][1.719s] GC(1)   Post Evacuate Collection Set: 0.9ms
[2024-04-03T21:47:18.229+0800][1.719s] GC(1)   Other: 0.3ms
[2024-04-03T21:47:18.229+0800][1.719s] GC(1) Eden regions: 29->0(164)
[2024-04-03T21:47:18.229+0800][1.719s] GC(1) Survivor regions: 4->12(39)
[2024-04-03T21:47:18.229+0800][1.719s] GC(1) Old regions: 0->0
[2024-04-03T21:47:18.229+0800][1.719s] GC(1) Humongous regions: 4->4
[2024-04-03T21:47:18.229+0800][1.719s] GC(1) Metaspace: 20497K->20497K(1069056K)
[2024-04-03T21:47:18.229+0800][1.719s] GC(1) Pause Young (Concurrent Start) (Metadata GC Threshold) 35M->15M(512M) 11.290ms
[2024-04-03T21:47:18.229+0800][1.719s] GC(1) User=0.00s Sys=0.00s Real=0.01s
[2024-04-03T21:47:18.229+0800][1.719s] GC(2) Concurrent Cycle
[2024-04-03T21:47:18.229+0800][1.719s] GC(2) Concurrent Clear Claimed Marks
[2024-04-03T21:47:18.229+0800][1.719s] GC(2) Concurrent Clear Claimed Marks 0.051ms
[2024-04-03T21:47:18.230+0800][1.719s] GC(2) Concurrent Scan Root Regions
[2024-04-03T21:47:18.233+0800][1.723s] GC(2) Concurrent Scan Root Regions 3.548ms
[2024-04-03T21:47:18.233+0800][1.723s] GC(2) Concurrent Mark (1.723s)
[2024-04-03T21:47:18.234+0800][1.723s] GC(2) Concurrent Mark From Roots
[2024-04-03T21:47:18.234+0800][1.723s] GC(2) Using 3 workers of 3 for marking
[2024-04-03T21:47:18.235+0800][1.724s] GC(2) Concurrent Mark From Roots 1.111ms
[2024-04-03T21:47:18.235+0800][1.724s] GC(2) Concurrent Preclean
[2024-04-03T21:47:18.235+0800][1.724s] GC(2) Concurrent Preclean 0.115ms
[2024-04-03T21:47:18.235+0800][1.724s] GC(2) Concurrent Mark (1.723s, 1.724s) 1.326ms
[2024-04-03T21:47:18.235+0800][1.725s] GC(2) Pause Remark
[2024-04-03T21:47:18.238+0800][1.727s] GC(2) Cleaned string and symbol table, strings: 9373 processed, 0 removed, symbols: 66077 processed, 14 removed
[2024-04-03T21:47:18.238+0800][1.727s] GC(2) Pause Remark 16M->16M(512M) 2.782ms
[2024-04-03T21:47:18.238+0800][1.728s] GC(2) User=0.00s Sys=0.00s Real=0.00s
[2024-04-03T21:47:18.238+0800][1.728s] GC(2) Concurrent Rebuild Remembered Sets
[2024-04-03T21:47:18.240+0800][1.730s] GC(2) Concurrent Rebuild Remembered Sets 2.238ms
[2024-04-03T21:47:18.240+0800][1.730s] GC(2) Pause Cleanup
[2024-04-03T21:47:18.240+0800][1.730s] GC(2) Pause Cleanup 16M->16M(512M) 0.222ms
[2024-04-03T21:47:18.240+0800][1.730s] GC(2) User=0.00s Sys=0.00s Real=0.00s
[2024-04-03T21:47:18.240+0800][1.730s] GC(2) Concurrent Cleanup for Next Mark
[2024-04-03T21:47:18.241+0800][1.731s] GC(2) Concurrent Cleanup for Next Mark 0.297ms
[2024-04-03T21:47:18.241+0800][1.731s] GC(2) Concurrent Cycle 11.560ms
[2024-04-03T21:47:19.636+0800][3.125s] GC(3) Pause Young (Normal) (G1 Evacuation Pause)
[2024-04-03T21:47:19.636+0800][3.125s] GC(3) Using 10 workers of 10 for evacuation
[2024-04-03T21:47:19.646+0800][3.136s] GC(3)   Pre Evacuate Collection Set: 0.0ms
[2024-04-03T21:47:19.646+0800][3.136s] GC(3)   Evacuate Collection Set: 9.3ms
[2024-04-03T21:47:19.646+0800][3.136s] GC(3)   Post Evacuate Collection Set: 0.9ms
[2024-04-03T21:47:19.646+0800][3.136s] GC(3)   Other: 0.1ms
[2024-04-03T21:47:19.646+0800][3.136s] GC(3) Eden regions: 89->0(108)
[2024-04-03T21:47:19.646+0800][3.136s] GC(3) Survivor regions: 12->9(13)
[2024-04-03T21:47:19.646+0800][3.136s] GC(3) Old regions: 0->12
[2024-04-03T21:47:19.646+0800][3.136s] GC(3) Humongous regions: 4->4
[2024-04-03T21:47:19.646+0800][3.136s] GC(3) Metaspace: 30560K->30560K(1077248K)
[2024-04-03T21:47:19.646+0800][3.136s] GC(3) Pause Young (Normal) (G1 Evacuation Pause) 104M->23M(512M) 10.526ms
[2024-04-03T21:47:19.646+0800][3.136s] GC(3) User=0.00s Sys=0.00s Real=0.01s
[2024-04-03T21:47:20.361+0800][3.851s] GC(4) Pause Young (Concurrent Start) (Metadata GC Threshold)
[2024-04-03T21:47:20.361+0800][3.851s] GC(4) Using 10 workers of 10 for evacuation
[2024-04-03T21:47:20.368+0800][3.857s] GC(4)   Pre Evacuate Collection Set: 0.1ms
[2024-04-03T21:47:20.368+0800][3.857s] GC(4)   Evacuate Collection Set: 5.6ms
[2024-04-03T21:47:20.368+0800][3.857s] GC(4)   Post Evacuate Collection Set: 0.6ms
[2024-04-03T21:47:20.368+0800][3.857s] GC(4)   Other: 0.2ms
[2024-04-03T21:47:20.368+0800][3.857s] GC(4) Eden regions: 64->0(143)
[2024-04-03T21:47:20.368+0800][3.857s] GC(4) Survivor regions: 9->9(15)
[2024-04-03T21:47:20.368+0800][3.857s] GC(4) Old regions: 12->12
[2024-04-03T21:47:20.368+0800][3.857s] GC(4) Humongous regions: 4->4
[2024-04-03T21:47:20.368+0800][3.857s] GC(4) Metaspace: 34622K->34622K(1081344K)
[2024-04-03T21:47:20.368+0800][3.858s] GC(4) Pause Young (Concurrent Start) (Metadata GC Threshold) 87M->24M(512M) 6.551ms
[2024-04-03T21:47:20.368+0800][3.858s] GC(4) User=0.00s Sys=0.00s Real=0.01s
[2024-04-03T21:47:20.368+0800][3.858s] GC(5) Concurrent Cycle
[2024-04-03T21:47:20.368+0800][3.858s] GC(5) Concurrent Clear Claimed Marks
[2024-04-03T21:47:20.368+0800][3.858s] GC(5) Concurrent Clear Claimed Marks 0.029ms
[2024-04-03T21:47:20.368+0800][3.858s] GC(5) Concurrent Scan Root Regions
[2024-04-03T21:47:20.370+0800][3.859s] GC(5) Concurrent Scan Root Regions 1.764ms
[2024-04-03T21:47:20.370+0800][3.859s] GC(5) Concurrent Mark (3.859s)
[2024-04-03T21:47:20.370+0800][3.859s] GC(5) Concurrent Mark From Roots
[2024-04-03T21:47:20.370+0800][3.860s] GC(5) Using 3 workers of 3 for marking
[2024-04-03T21:47:20.392+0800][3.882s] GC(5) Concurrent Mark From Roots 22.272ms
[2024-04-03T21:47:20.392+0800][3.882s] GC(5) Concurrent Preclean
[2024-04-03T21:47:20.393+0800][3.882s] GC(5) Concurrent Preclean 0.324ms
[2024-04-03T21:47:20.393+0800][3.882s] GC(5) Concurrent Mark (3.859s, 3.882s) 22.729ms
[2024-04-03T21:47:20.393+0800][3.883s] GC(5) Pause Remark
[2024-04-03T21:47:20.405+0800][3.895s] GC(5) Cleaned string and symbol table, strings: 15583 processed, 15 removed, symbols: 110641 processed, 46 removed
[2024-04-03T21:47:20.406+0800][3.896s] GC(5) Pause Remark 25M->25M(512M) 13.037ms
[2024-04-03T21:47:20.406+0800][3.896s] GC(5) User=0.00s Sys=0.00s Real=0.01s
[2024-04-03T21:47:20.406+0800][3.896s] GC(5) Concurrent Rebuild Remembered Sets
[2024-04-03T21:47:20.412+0800][3.901s] GC(5) Concurrent Rebuild Remembered Sets 5.176ms
[2024-04-03T21:47:20.412+0800][3.901s] GC(5) Pause Cleanup
[2024-04-03T21:47:20.412+0800][3.901s] GC(5) Pause Cleanup 25M->25M(512M) 0.155ms
[2024-04-03T21:47:20.412+0800][3.901s] GC(5) User=0.00s Sys=0.00s Real=0.00s
[2024-04-03T21:47:20.412+0800][3.901s] GC(5) Concurrent Cleanup for Next Mark
[2024-04-03T21:47:20.412+0800][3.902s] GC(5) Concurrent Cleanup for Next Mark 0.444ms
[2024-04-03T21:47:20.412+0800][3.902s] GC(5) Concurrent Cycle 44.322ms
[2024-04-03T21:47:22.109+0800][5.599s] GC(6) Pause Young (Concurrent Start) (G1 Evacuation Pause)
[2024-04-03T21:47:22.109+0800][5.599s] GC(6) Using 10 workers of 10 for evacuation
[2024-04-03T21:47:22.122+0800][5.612s] GC(6)   Pre Evacuate Collection Set: 0.1ms
[2024-04-03T21:47:22.122+0800][5.612s] GC(6)   Evacuate Collection Set: 12.0ms
[2024-04-03T21:47:22.122+0800][5.612s] GC(6)   Post Evacuate Collection Set: 1.0ms
[2024-04-03T21:47:22.122+0800][5.612s] GC(6)   Other: 0.2ms
[2024-04-03T21:47:22.122+0800][5.612s] GC(6) Eden regions: 143->0(181)
[2024-04-03T21:47:22.122+0800][5.612s] GC(6) Survivor regions: 9->16(19)
[2024-04-03T21:47:22.122+0800][5.612s] GC(6) Old regions: 12->12
[2024-04-03T21:47:22.122+0800][5.612s] GC(6) Humongous regions: 4->4
[2024-04-03T21:47:22.122+0800][5.612s] GC(6) Metaspace: 50023K->50023K(1095680K)
[2024-04-03T21:47:22.122+0800][5.612s] GC(6) Pause Young (Concurrent Start) (G1 Evacuation Pause) 167M->30M(512M) 13.431ms
[2024-04-03T21:47:22.122+0800][5.612s] GC(6) User=0.00s Sys=0.00s Real=0.01s
[2024-04-03T21:47:22.122+0800][5.612s] GC(7) Concurrent Cycle
[2024-04-03T21:47:22.122+0800][5.612s] GC(7) Concurrent Clear Claimed Marks
[2024-04-03T21:47:22.123+0800][5.612s] GC(7) Concurrent Clear Claimed Marks 0.093ms
[2024-04-03T21:47:22.123+0800][5.612s] GC(7) Concurrent Scan Root Regions
[2024-04-03T21:47:22.127+0800][5.617s] GC(7) Concurrent Scan Root Regions 4.272ms
[2024-04-03T21:47:22.127+0800][5.617s] GC(7) Concurrent Mark (5.617s)
[2024-04-03T21:47:22.127+0800][5.617s] GC(7) Concurrent Mark From Roots
[2024-04-03T21:47:22.127+0800][5.617s] GC(7) Using 3 workers of 3 for marking
[2024-04-03T21:47:22.135+0800][5.625s] GC(7) Concurrent Mark From Roots 8.437ms
[2024-04-03T21:47:22.135+0800][5.625s] GC(7) Concurrent Preclean
[2024-04-03T21:47:22.135+0800][5.625s] GC(7) Concurrent Preclean 0.079ms
[2024-04-03T21:47:22.136+0800][5.625s] GC(7) Concurrent Mark (5.617s, 5.625s) 8.596ms
[2024-04-03T21:47:22.136+0800][5.626s] GC(7) Pause Remark
[2024-04-03T21:47:22.144+0800][5.634s] GC(7) Cleaned string and symbol table, strings: 21899 processed, 1 removed, symbols: 156846 processed, 66 removed
[2024-04-03T21:47:22.145+0800][5.634s] GC(7) Pause Remark 31M->31M(512M) 8.194ms
[2024-04-03T21:47:22.145+0800][5.634s] GC(7) User=0.00s Sys=0.00s Real=0.01s
[2024-04-03T21:47:22.145+0800][5.634s] GC(7) Concurrent Rebuild Remembered Sets
[2024-04-03T21:47:22.151+0800][5.641s] GC(7) Concurrent Rebuild Remembered Sets 6.780ms
[2024-04-03T21:47:22.151+0800][5.641s] GC(7) Pause Cleanup
[2024-04-03T21:47:22.151+0800][5.641s] GC(7) Pause Cleanup 31M->31M(512M) 0.160ms
[2024-04-03T21:47:22.151+0800][5.641s] GC(7) User=0.00s Sys=0.00s Real=0.00s
[2024-04-03T21:47:22.151+0800][5.641s] GC(7) Concurrent Cleanup for Next Mark
[2024-04-03T21:47:22.151+0800][5.642s] GC(7) Concurrent Cleanup for Next Mark 0.284ms
[2024-04-03T21:47:22.151+0800][5.642s] GC(7) Concurrent Cycle 29.403ms
[2024-04-03T21:51:48.865+0800][272.354s] GC(8) Pause Young (Normal) (G1 Evacuation Pause)
[2024-04-03T21:51:48.865+0800][272.354s] GC(8) Using 10 workers of 10 for evacuation
[2024-04-03T21:51:48.877+0800][272.366s] GC(8)   Pre Evacuate Collection Set: 0.0ms
[2024-04-03T21:51:48.877+0800][272.366s] GC(8)   Evacuate Collection Set: 10.0ms
[2024-04-03T21:51:48.877+0800][272.366s] GC(8)   Post Evacuate Collection Set: 1.8ms
[2024-04-03T21:51:48.877+0800][272.366s] GC(8)   Other: 0.3ms
[2024-04-03T21:51:48.877+0800][272.366s] GC(8) Eden regions: 181->0(290)
[2024-04-03T21:51:48.877+0800][272.366s] GC(8) Survivor regions: 16->17(25)
[2024-04-03T21:51:48.877+0800][272.366s] GC(8) Old regions: 12->19
[2024-04-03T21:51:48.877+0800][272.366s] GC(8) Humongous regions: 4->4
[2024-04-03T21:51:48.877+0800][272.366s] GC(8) Metaspace: 63473K->63473K(1105920K)
[2024-04-03T21:51:48.877+0800][272.366s] GC(8) Pause Young (Normal) (G1 Evacuation Pause) 211M->39M(512M) 12.412ms
[2024-04-03T21:51:48.877+0800][272.366s] GC(8) User=0.02s Sys=0.00s Real=0.01s
[2024-04-03T22:05:12.143+0800][1075.633s] GC(9) Pause Young (Normal) (G1 Evacuation Pause)
[2024-04-03T22:05:12.144+0800][1075.633s] GC(9) Using 10 workers of 10 for evacuation
[2024-04-03T22:05:12.154+0800][1075.644s] GC(9)   Pre Evacuate Collection Set: 0.0ms
[2024-04-03T22:05:12.154+0800][1075.644s] GC(9)   Evacuate Collection Set: 9.3ms
[2024-04-03T22:05:12.154+0800][1075.644s] GC(9)   Post Evacuate Collection Set: 1.1ms
[2024-04-03T22:05:12.154+0800][1075.644s] GC(9)   Other: 0.3ms
[2024-04-03T22:05:12.154+0800][1075.644s] GC(9) Eden regions: 290->0(274)
[2024-04-03T22:05:12.154+0800][1075.644s] GC(9) Survivor regions: 17->33(39)
[2024-04-03T22:05:12.154+0800][1075.644s] GC(9) Old regions: 19->19
[2024-04-03T22:05:12.154+0800][1075.644s] GC(9) Humongous regions: 5->5
[2024-04-03T22:05:12.154+0800][1075.644s] GC(9) Metaspace: 67533K->67533K(1110016K)
[2024-04-03T22:05:12.154+0800][1075.644s] GC(9) Pause Young (Normal) (G1 Evacuation Pause) 330M->56M(512M) 10.908ms
[2024-04-03T22:05:12.154+0800][1075.644s] GC(9) User=0.03s Sys=0.00s Real=0.01s
[2024-04-03T23:01:16.684+0800][4440.174s] GC(10) Pause Young (Normal) (G1 Evacuation Pause)
[2024-04-03T23:01:16.685+0800][4440.174s] GC(10) Using 10 workers of 10 for evacuation
[2024-04-03T23:01:16.721+0800][4440.210s] GC(10)   Pre Evacuate Collection Set: 0.4ms
[2024-04-03T23:01:16.721+0800][4440.210s] GC(10)   Evacuate Collection Set: 32.8ms
[2024-04-03T23:01:16.721+0800][4440.210s] GC(10)   Post Evacuate Collection Set: 1.9ms
[2024-04-03T23:01:16.721+0800][4440.210s] GC(10)   Other: 1.0ms
[2024-04-03T23:01:16.721+0800][4440.210s] GC(10) Eden regions: 274->0(301)
[2024-04-03T23:01:16.721+0800][4440.210s] GC(10) Survivor regions: 33->6(39)
[2024-04-03T23:01:16.721+0800][4440.210s] GC(10) Old regions: 19->34
[2024-04-03T23:01:16.721+0800][4440.210s] GC(10) Humongous regions: 5->4
[2024-04-03T23:01:16.721+0800][4440.210s] GC(10) Metaspace: 71113K->71113K(1114112K)
[2024-04-03T23:01:16.721+0800][4440.210s] GC(10) Pause Young (Normal) (G1 Evacuation Pause) 330M->43M(512M) 36.206ms
[2024-04-03T23:01:16.721+0800][4440.210s] GC(10) User=0.11s Sys=0.11s Real=0.04s
[2024-04-03T23:02:29.822+0800][4513.312s] Heap
[2024-04-03T23:02:29.822+0800][4513.312s]  garbage-first heap   total 524288K, used 61124K [0x00000000e0000000, 0x0000000100000000)
[2024-04-03T23:02:29.822+0800][4513.312s]   region size 1024K, 23 young (23552K), 6 survivors (6144K)
[2024-04-03T23:02:29.822+0800][4513.312s]  Metaspace       used 71509K, capacity 73832K, committed 74108K, reserved 1114112K
[2024-04-03T23:02:29.822+0800][4513.312s]   class space    used 8470K, capacity 9417K, committed 9472K, reserved 1048576K
