[2024-04-14T15:42:07.557+0800][0.022s] Heap region size: 1M
[2024-04-14T15:42:07.741+0800][0.207s] Using G1
[2024-04-14T15:42:07.741+0800][0.207s] Heap address: 0x00000000e0000000, size: 512 MB, Compressed Oops mode: 32-bit
[2024-04-14T15:42:08.811+0800][1.277s] GC(0) Pause Young (Normal) (G1 Evacuation Pause)
[2024-04-14T15:42:08.812+0800][1.278s] GC(0) Using 10 workers of 10 for evacuation
[2024-04-14T15:42:08.815+0800][1.281s] GC(0)   Pre Evacuate Collection Set: 0.0ms
[2024-04-14T15:42:08.815+0800][1.281s] GC(0)   Evacuate Collection Set: 2.5ms
[2024-04-14T15:42:08.815+0800][1.281s] GC(0)   Post Evacuate Collection Set: 0.5ms
[2024-04-14T15:42:08.815+0800][1.281s] GC(0)   Other: 1.3ms
[2024-04-14T15:42:08.815+0800][1.281s] GC(0) Eden regions: 30->0(303)
[2024-04-14T15:42:08.817+0800][1.283s] GC(0) Survivor regions: 0->4(4)
[2024-04-14T15:42:08.817+0800][1.283s] GC(0) Old regions: 0->0
[2024-04-14T15:42:08.817+0800][1.283s] GC(0) Humongous regions: 0->0
[2024-04-14T15:42:08.817+0800][1.283s] GC(0) Metaspace: 12548K->12548K(1060864K)
[2024-04-14T15:42:08.817+0800][1.283s] GC(0) Pause Young (Normal) (G1 Evacuation Pause) 30M->3M(512M) 6.336ms
[2024-04-14T15:42:08.817+0800][1.283s] GC(0) User=0.00s Sys=0.00s Real=0.01s
[2024-04-14T15:42:09.449+0800][1.914s] GC(1) Pause Young (Concurrent Start) (Metadata GC Threshold)
[2024-04-14T15:42:09.449+0800][1.915s] GC(1) Using 10 workers of 10 for evacuation
[2024-04-14T15:42:09.460+0800][1.926s] GC(1)   Pre Evacuate Collection Set: 0.0ms
[2024-04-14T15:42:09.460+0800][1.926s] GC(1)   Evacuate Collection Set: 10.5ms
[2024-04-14T15:42:09.460+0800][1.926s] GC(1)   Post Evacuate Collection Set: 0.8ms
[2024-04-14T15:42:09.460+0800][1.926s] GC(1)   Other: 0.2ms
[2024-04-14T15:42:09.460+0800][1.926s] GC(1) Eden regions: 37->0(94)
[2024-04-14T15:42:09.460+0800][1.926s] GC(1) Survivor regions: 4->12(39)
[2024-04-14T15:42:09.460+0800][1.926s] GC(1) Old regions: 0->0
[2024-04-14T15:42:09.460+0800][1.926s] GC(1) Humongous regions: 4->4
[2024-04-14T15:42:09.460+0800][1.926s] GC(1) Metaspace: 20510K->20510K(1069056K)
[2024-04-14T15:42:09.460+0800][1.926s] GC(1) Pause Young (Concurrent Start) (Metadata GC Threshold) 43M->15M(512M) 11.856ms
[2024-04-14T15:42:09.460+0800][1.926s] GC(1) User=0.02s Sys=0.00s Real=0.01s
[2024-04-14T15:42:09.460+0800][1.926s] GC(2) Concurrent Cycle
[2024-04-14T15:42:09.460+0800][1.926s] GC(2) Concurrent Clear Claimed Marks
[2024-04-14T15:42:09.461+0800][1.926s] GC(2) Concurrent Clear Claimed Marks 0.035ms
[2024-04-14T15:42:09.461+0800][1.926s] GC(2) Concurrent Scan Root Regions
[2024-04-14T15:42:09.464+0800][1.930s] GC(2) Concurrent Scan Root Regions 3.372ms
[2024-04-14T15:42:09.464+0800][1.930s] GC(2) Concurrent Mark (1.930s)
[2024-04-14T15:42:09.464+0800][1.930s] GC(2) Concurrent Mark From Roots
[2024-04-14T15:42:09.464+0800][1.930s] GC(2) Using 3 workers of 3 for marking
[2024-04-14T15:42:09.465+0800][1.931s] GC(2) Concurrent Mark From Roots 1.069ms
[2024-04-14T15:42:09.465+0800][1.931s] GC(2) Concurrent Preclean
[2024-04-14T15:42:09.465+0800][1.931s] GC(2) Concurrent Preclean 0.101ms
[2024-04-14T15:42:09.465+0800][1.931s] GC(2) Concurrent Mark (1.930s, 1.931s) 1.290ms
[2024-04-14T15:42:09.465+0800][1.931s] GC(2) Pause Remark
[2024-04-14T15:42:09.467+0800][1.933s] GC(2) Cleaned string and symbol table, strings: 9391 processed, 0 removed, symbols: 66080 processed, 14 removed
[2024-04-14T15:42:09.467+0800][1.933s] GC(2) Pause Remark 16M->16M(512M) 1.798ms
[2024-04-14T15:42:09.467+0800][1.933s] GC(2) User=0.00s Sys=0.00s Real=0.00s
[2024-04-14T15:42:09.467+0800][1.933s] GC(2) Concurrent Rebuild Remembered Sets
[2024-04-14T15:42:09.469+0800][1.935s] GC(2) Concurrent Rebuild Remembered Sets 1.785ms
[2024-04-14T15:42:09.470+0800][1.935s] GC(2) Pause Cleanup
[2024-04-14T15:42:09.470+0800][1.936s] GC(2) Pause Cleanup 16M->16M(512M) 0.160ms
[2024-04-14T15:42:09.470+0800][1.936s] GC(2) User=0.00s Sys=0.00s Real=0.00s
[2024-04-14T15:42:09.470+0800][1.936s] GC(2) Concurrent Cleanup for Next Mark
[2024-04-14T15:42:09.470+0800][1.936s] GC(2) Concurrent Cleanup for Next Mark 0.301ms
[2024-04-14T15:42:09.470+0800][1.936s] GC(2) Concurrent Cycle 9.703ms
[2024-04-14T15:42:10.351+0800][2.817s] GC(3) Pause Young (Normal) (G1 Evacuation Pause)
[2024-04-14T15:42:10.351+0800][2.817s] GC(3) Using 10 workers of 10 for evacuation
[2024-04-14T15:42:10.361+0800][2.827s] GC(3)   Pre Evacuate Collection Set: 0.0ms
[2024-04-14T15:42:10.361+0800][2.827s] GC(3)   Evacuate Collection Set: 8.6ms
[2024-04-14T15:42:10.361+0800][2.827s] GC(3)   Post Evacuate Collection Set: 0.7ms
[2024-04-14T15:42:10.361+0800][2.827s] GC(3)   Other: 0.2ms
[2024-04-14T15:42:10.361+0800][2.827s] GC(3) Eden regions: 51->0(86)
[2024-04-14T15:42:10.361+0800][2.827s] GC(3) Survivor regions: 12->4(8)
[2024-04-14T15:42:10.361+0800][2.827s] GC(3) Old regions: 0->12
[2024-04-14T15:42:10.361+0800][2.827s] GC(3) Humongous regions: 4->4
[2024-04-14T15:42:10.361+0800][2.827s] GC(3) Metaspace: 27943K->27943K(1075200K)
[2024-04-14T15:42:10.361+0800][2.827s] GC(3) Pause Young (Normal) (G1 Evacuation Pause) 66M->19M(512M) 9.679ms
[2024-04-14T15:42:10.361+0800][2.827s] GC(3) User=0.00s Sys=0.00s Real=0.01s
[2024-04-14T15:42:11.098+0800][3.564s] GC(4) Pause Young (Normal) (G1 Evacuation Pause)
[2024-04-14T15:42:11.098+0800][3.564s] GC(4) Using 10 workers of 10 for evacuation
[2024-04-14T15:42:11.101+0800][3.567s] GC(4)   Pre Evacuate Collection Set: 0.0ms
[2024-04-14T15:42:11.101+0800][3.567s] GC(4)   Evacuate Collection Set: 2.2ms
[2024-04-14T15:42:11.101+0800][3.567s] GC(4)   Post Evacuate Collection Set: 0.5ms
[2024-04-14T15:42:11.101+0800][3.567s] GC(4)   Other: 0.2ms
[2024-04-14T15:42:11.101+0800][3.567s] GC(4) Eden regions: 86->0(124)
[2024-04-14T15:42:11.101+0800][3.567s] GC(4) Survivor regions: 4->8(12)
[2024-04-14T15:42:11.101+0800][3.567s] GC(4) Old regions: 12->12
[2024-04-14T15:42:11.101+0800][3.567s] GC(4) Humongous regions: 4->4
[2024-04-14T15:42:11.101+0800][3.567s] GC(4) Metaspace: 28121K->28121K(1075200K)
[2024-04-14T15:42:11.101+0800][3.567s] GC(4) Pause Young (Normal) (G1 Evacuation Pause) 105M->22M(512M) 3.175ms
[2024-04-14T15:42:11.101+0800][3.567s] GC(4) User=0.00s Sys=0.00s Real=0.00s
[2024-04-14T15:42:12.726+0800][5.191s] GC(5) Pause Young (Normal) (G1 Evacuation Pause)
[2024-04-14T15:42:12.726+0800][5.191s] GC(5) Using 10 workers of 10 for evacuation
[2024-04-14T15:42:12.730+0800][5.195s] GC(5)   Pre Evacuate Collection Set: 0.0ms
[2024-04-14T15:42:12.730+0800][5.196s] GC(5)   Evacuate Collection Set: 3.6ms
[2024-04-14T15:42:12.730+0800][5.196s] GC(5)   Post Evacuate Collection Set: 0.7ms
[2024-04-14T15:42:12.730+0800][5.196s] GC(5)   Other: 0.2ms
[2024-04-14T15:42:12.730+0800][5.196s] GC(5) Eden regions: 124->0(298)
[2024-04-14T15:42:12.730+0800][5.196s] GC(5) Survivor regions: 8->9(17)
[2024-04-14T15:42:12.730+0800][5.196s] GC(5) Old regions: 12->12
[2024-04-14T15:42:12.730+0800][5.196s] GC(5) Humongous regions: 4->4
[2024-04-14T15:42:12.730+0800][5.196s] GC(5) Metaspace: 32889K->32889K(1079296K)
[2024-04-14T15:42:12.730+0800][5.196s] GC(5) Pause Young (Normal) (G1 Evacuation Pause) 146M->24M(512M) 4.954ms
[2024-04-14T15:42:12.730+0800][5.196s] GC(5) User=0.02s Sys=0.00s Real=0.00s
[2024-04-14T15:42:13.581+0800][6.047s] GC(6) Pause Young (Concurrent Start) (Metadata GC Threshold)
[2024-04-14T15:42:13.581+0800][6.047s] GC(6) Using 10 workers of 10 for evacuation
[2024-04-14T15:42:13.588+0800][6.054s] GC(6)   Pre Evacuate Collection Set: 0.1ms
[2024-04-14T15:42:13.589+0800][6.054s] GC(6)   Evacuate Collection Set: 5.8ms
[2024-04-14T15:42:13.589+0800][6.054s] GC(6)   Post Evacuate Collection Set: 0.6ms
[2024-04-14T15:42:13.589+0800][6.054s] GC(6)   Other: 0.2ms
[2024-04-14T15:42:13.589+0800][6.054s] GC(6) Eden regions: 55->0(255)
[2024-04-14T15:42:13.589+0800][6.054s] GC(6) Survivor regions: 9->9(39)
[2024-04-14T15:42:13.589+0800][6.054s] GC(6) Old regions: 12->12
[2024-04-14T15:42:13.589+0800][6.054s] GC(6) Humongous regions: 4->4
[2024-04-14T15:42:13.589+0800][6.054s] GC(6) Metaspace: 34765K->34765K(1081344K)
[2024-04-14T15:42:13.589+0800][6.054s] GC(6) Pause Young (Concurrent Start) (Metadata GC Threshold) 79M->24M(512M) 6.873ms
[2024-04-14T15:42:13.589+0800][6.054s] GC(6) User=0.03s Sys=0.00s Real=0.01s
[2024-04-14T15:42:13.589+0800][6.054s] GC(7) Concurrent Cycle
[2024-04-14T15:42:13.589+0800][6.054s] GC(7) Concurrent Clear Claimed Marks
[2024-04-14T15:42:13.589+0800][6.054s] GC(7) Concurrent Clear Claimed Marks 0.095ms
[2024-04-14T15:42:13.589+0800][6.055s] GC(7) Concurrent Scan Root Regions
[2024-04-14T15:42:13.591+0800][6.056s] GC(7) Concurrent Scan Root Regions 1.896ms
[2024-04-14T15:42:13.591+0800][6.056s] GC(7) Concurrent Mark (6.056s)
[2024-04-14T15:42:13.591+0800][6.056s] GC(7) Concurrent Mark From Roots
[2024-04-14T15:42:13.591+0800][6.056s] GC(7) Using 3 workers of 3 for marking
[2024-04-14T15:42:13.601+0800][6.067s] GC(7) Concurrent Mark From Roots 10.321ms
[2024-04-14T15:42:13.601+0800][6.067s] GC(7) Concurrent Preclean
[2024-04-14T15:42:13.601+0800][6.067s] GC(7) Concurrent Preclean 0.118ms
[2024-04-14T15:42:13.601+0800][6.067s] GC(7) Concurrent Mark (6.056s, 6.067s) 10.532ms
[2024-04-14T15:42:13.601+0800][6.067s] GC(7) Pause Remark
[2024-04-14T15:42:13.612+0800][6.078s] GC(7) Cleaned string and symbol table, strings: 15589 processed, 15 removed, symbols: 110620 processed, 46 removed
[2024-04-14T15:42:13.612+0800][6.078s] GC(7) Pause Remark 25M->25M(512M) 10.715ms
[2024-04-14T15:42:13.613+0800][6.078s] GC(7) User=0.02s Sys=0.00s Real=0.01s
[2024-04-14T15:42:13.613+0800][6.078s] GC(7) Concurrent Rebuild Remembered Sets
[2024-04-14T15:42:13.619+0800][6.084s] GC(7) Concurrent Rebuild Remembered Sets 6.134ms
[2024-04-14T15:42:13.619+0800][6.085s] GC(7) Pause Cleanup
[2024-04-14T15:42:13.619+0800][6.085s] GC(7) Pause Cleanup 25M->25M(512M) 0.259ms
[2024-04-14T15:42:13.619+0800][6.085s] GC(7) User=0.00s Sys=0.00s Real=0.00s
[2024-04-14T15:42:13.619+0800][6.085s] GC(7) Concurrent Cleanup for Next Mark
[2024-04-14T15:42:13.620+0800][6.086s] GC(7) Concurrent Cleanup for Next Mark 0.396ms
[2024-04-14T15:42:13.620+0800][6.086s] GC(7) Concurrent Cycle 31.287ms
[2024-04-14T15:42:26.885+0800][19.351s] GC(8) Pause Young (Normal) (G1 Evacuation Pause)
[2024-04-14T15:42:26.886+0800][19.351s] GC(8) Using 10 workers of 10 for evacuation
[2024-04-14T15:42:26.899+0800][19.365s] GC(8)   Pre Evacuate Collection Set: 0.0ms
[2024-04-14T15:42:26.899+0800][19.365s] GC(8)   Evacuate Collection Set: 11.6ms
[2024-04-14T15:42:26.899+0800][19.365s] GC(8)   Post Evacuate Collection Set: 1.7ms
[2024-04-14T15:42:26.899+0800][19.365s] GC(8)   Other: 0.4ms
[2024-04-14T15:42:26.899+0800][19.365s] GC(8) Eden regions: 262->0(288)
[2024-04-14T15:42:26.899+0800][19.365s] GC(8) Survivor regions: 9->19(34)
[2024-04-14T15:42:26.899+0800][19.365s] GC(8) Old regions: 12->12
[2024-04-14T15:42:26.900+0800][19.365s] GC(8) Humongous regions: 4->4
[2024-04-14T15:42:26.900+0800][19.365s] GC(8) Metaspace: 56299K->56299K(1099776K)
[2024-04-14T15:42:26.900+0800][19.365s] GC(8) Pause Young (Normal) (G1 Evacuation Pause) 286M->34M(512M) 14.187ms
[2024-04-14T15:42:26.900+0800][19.366s] GC(8) User=0.08s Sys=0.00s Real=0.02s
[2024-04-14T15:42:27.886+0800][20.351s] GC(9) Pause Young (Concurrent Start) (Metadata GC Threshold)
[2024-04-14T15:42:27.886+0800][20.351s] GC(9) Using 10 workers of 10 for evacuation
[2024-04-14T15:42:27.924+0800][20.389s] GC(9)   Pre Evacuate Collection Set: 0.1ms
[2024-04-14T15:42:27.924+0800][20.389s] GC(9)   Evacuate Collection Set: 35.8ms
[2024-04-14T15:42:27.924+0800][20.389s] GC(9)   Post Evacuate Collection Set: 2.0ms
[2024-04-14T15:42:27.924+0800][20.390s] GC(9)   Other: 0.4ms
[2024-04-14T15:42:27.924+0800][20.390s] GC(9) Eden regions: 46->0(278)
[2024-04-14T15:42:27.924+0800][20.390s] GC(9) Survivor regions: 19->23(39)
[2024-04-14T15:42:27.924+0800][20.390s] GC(9) Old regions: 12->12
[2024-04-14T15:42:27.924+0800][20.390s] GC(9) Humongous regions: 4->4
[2024-04-14T15:42:27.924+0800][20.390s] GC(9) Metaspace: 58543K->58543K(1101824K)
[2024-04-14T15:42:27.924+0800][20.390s] GC(9) Pause Young (Concurrent Start) (Metadata GC Threshold) 79M->37M(512M) 38.651ms
[2024-04-14T15:42:27.924+0800][20.390s] GC(9) User=0.17s Sys=0.02s Real=0.04s
[2024-04-14T15:42:27.924+0800][20.390s] GC(10) Concurrent Cycle
[2024-04-14T15:42:27.924+0800][20.390s] GC(10) Concurrent Clear Claimed Marks
[2024-04-14T15:42:27.924+0800][20.390s] GC(10) Concurrent Clear Claimed Marks 0.128ms
[2024-04-14T15:42:27.924+0800][20.390s] GC(10) Concurrent Scan Root Regions
[2024-04-14T15:42:27.934+0800][20.400s] GC(10) Concurrent Scan Root Regions 9.605ms
[2024-04-14T15:42:27.934+0800][20.400s] GC(10) Concurrent Mark (20.400s)
[2024-04-14T15:42:27.934+0800][20.400s] GC(10) Concurrent Mark From Roots
[2024-04-14T15:42:27.935+0800][20.400s] GC(10) Using 3 workers of 3 for marking
[2024-04-14T15:42:27.952+0800][20.418s] GC(10) Concurrent Mark From Roots 18.000ms
[2024-04-14T15:42:27.953+0800][20.418s] GC(10) Concurrent Preclean
[2024-04-14T15:42:27.953+0800][20.418s] GC(10) Concurrent Preclean 0.197ms
[2024-04-14T15:42:27.953+0800][20.418s] GC(10) Concurrent Mark (20.400s, 20.418s) 18.384ms
[2024-04-14T15:42:27.960+0800][20.426s] GC(10) Pause Remark
[2024-04-14T15:42:27.970+0800][20.436s] GC(10) Cleaned string and symbol table, strings: 27638 processed, 1 removed, symbols: 180981 processed, 458 removed
[2024-04-14T15:42:27.970+0800][20.436s] GC(10) Pause Remark 37M->37M(512M) 9.997ms
[2024-04-14T15:42:27.970+0800][20.436s] GC(10) User=0.03s Sys=0.00s Real=0.01s
[2024-04-14T15:42:27.970+0800][20.436s] GC(10) Concurrent Rebuild Remembered Sets
[2024-04-14T15:42:27.982+0800][20.448s] GC(10) Concurrent Rebuild Remembered Sets 12.039ms
[2024-04-14T15:42:27.982+0800][20.448s] GC(10) Pause Cleanup
[2024-04-14T15:42:27.983+0800][20.449s] GC(10) Pause Cleanup 38M->38M(512M) 0.216ms
[2024-04-14T15:42:27.983+0800][20.449s] GC(10) User=0.00s Sys=0.00s Real=0.00s
[2024-04-14T15:42:27.983+0800][20.449s] GC(10) Concurrent Cleanup for Next Mark
[2024-04-14T15:42:27.983+0800][20.449s] GC(10) Concurrent Cleanup for Next Mark 0.498ms
[2024-04-14T15:42:27.983+0800][20.449s] GC(10) Concurrent Cycle 59.419ms
[2024-04-14T15:46:02.368+0800][234.834s] Heap
[2024-04-14T15:46:02.369+0800][234.835s]  garbage-first heap   total 524288K, used 189184K [0x00000000e0000000, 0x0000000100000000)
[2024-04-14T15:46:02.369+0800][234.835s]   region size 1024K, 171 young (175104K), 23 survivors (23552K)
[2024-04-14T15:46:02.369+0800][234.835s]  Metaspace       used 67596K, capacity 69780K, committed 70016K, reserved 1110016K
[2024-04-14T15:46:02.369+0800][234.835s]   class space    used 8175K, capacity 9046K, committed 9088K, reserved 1048576K
