[2024-04-03T23:02:40.474+0800][0.016s] Heap region size: 1M
[2024-04-03T23:02:40.596+0800][0.139s] Using G1
[2024-04-03T23:02:40.596+0800][0.139s] Heap address: 0x00000000e0000000, size: 512 MB, Compressed Oops mode: 32-bit
[2024-04-03T23:02:41.365+0800][0.906s] GC(0) Pause Young (Normal) (G1 Evacuation Pause)
[2024-04-03T23:02:41.365+0800][0.907s] GC(0) Using 10 workers of 10 for evacuation
[2024-04-03T23:02:41.368+0800][0.909s] GC(0)   Pre Evacuate Collection Set: 0.0ms
[2024-04-03T23:02:41.368+0800][0.909s] GC(0)   Evacuate Collection Set: 1.9ms
[2024-04-03T23:02:41.368+0800][0.909s] GC(0)   Post Evacuate Collection Set: 0.6ms
[2024-04-03T23:02:41.368+0800][0.909s] GC(0)   Other: 0.8ms
[2024-04-03T23:02:41.368+0800][0.909s] GC(0) Eden regions: 30->0(303)
[2024-04-03T23:02:41.368+0800][0.910s] GC(0) Survivor regions: 0->4(4)
[2024-04-03T23:02:41.368+0800][0.910s] GC(0) Old regions: 0->0
[2024-04-03T23:02:41.368+0800][0.910s] GC(0) Humongous regions: 0->0
[2024-04-03T23:02:41.368+0800][0.910s] GC(0) Metaspace: 13333K->13333K(1060864K)
[2024-04-03T23:02:41.368+0800][0.910s] GC(0) Pause Young (Normal) (G1 Evacuation Pause) 30M->3M(512M) 3.720ms
[2024-04-03T23:02:41.368+0800][0.910s] GC(0) User=0.00s Sys=0.00s Real=0.00s
[2024-04-03T23:02:41.861+0800][1.403s] GC(1) Pause Young (Concurrent Start) (Metadata GC Threshold)
[2024-04-03T23:02:41.861+0800][1.403s] GC(1) Using 10 workers of 10 for evacuation
[2024-04-03T23:02:41.872+0800][1.414s] GC(1)   Pre Evacuate Collection Set: 0.0ms
[2024-04-03T23:02:41.872+0800][1.414s] GC(1)   Evacuate Collection Set: 9.1ms
[2024-04-03T23:02:41.872+0800][1.414s] GC(1)   Post Evacuate Collection Set: 1.4ms
[2024-04-03T23:02:41.872+0800][1.414s] GC(1)   Other: 0.2ms
[2024-04-03T23:02:41.872+0800][1.414s] GC(1) Eden regions: 29->0(181)
[2024-04-03T23:02:41.872+0800][1.414s] GC(1) Survivor regions: 4->12(39)
[2024-04-03T23:02:41.872+0800][1.414s] GC(1) Old regions: 0->0
[2024-04-03T23:02:41.872+0800][1.414s] GC(1) Humongous regions: 4->4
[2024-04-03T23:02:41.872+0800][1.414s] GC(1) Metaspace: 20488K->20488K(1069056K)
[2024-04-03T23:02:41.872+0800][1.414s] GC(1) Pause Young (Concurrent Start) (Metadata GC Threshold) 35M->15M(512M) 10.902ms
[2024-04-03T23:02:41.872+0800][1.414s] GC(1) User=0.00s Sys=0.00s Real=0.01s
[2024-04-03T23:02:41.873+0800][1.414s] GC(2) Concurrent Cycle
[2024-04-03T23:02:41.873+0800][1.414s] GC(2) Concurrent Clear Claimed Marks
[2024-04-03T23:02:41.873+0800][1.414s] GC(2) Concurrent Clear Claimed Marks 0.046ms
[2024-04-03T23:02:41.873+0800][1.414s] GC(2) Concurrent Scan Root Regions
[2024-04-03T23:02:41.876+0800][1.417s] GC(2) Concurrent Scan Root Regions 3.100ms
[2024-04-03T23:02:41.876+0800][1.417s] GC(2) Concurrent Mark (1.417s)
[2024-04-03T23:02:41.876+0800][1.418s] GC(2) Concurrent Mark From Roots
[2024-04-03T23:02:41.876+0800][1.418s] GC(2) Using 3 workers of 3 for marking
[2024-04-03T23:02:41.876+0800][1.418s] GC(2) Concurrent Mark From Roots 0.569ms
[2024-04-03T23:02:41.876+0800][1.418s] GC(2) Concurrent Preclean
[2024-04-03T23:02:41.877+0800][1.418s] GC(2) Concurrent Preclean 0.054ms
[2024-04-03T23:02:41.877+0800][1.418s] GC(2) Concurrent Mark (1.417s, 1.418s) 0.690ms
[2024-04-03T23:02:41.877+0800][1.419s] GC(2) Pause Remark
[2024-04-03T23:02:41.878+0800][1.420s] GC(2) Cleaned string and symbol table, strings: 9358 processed, 0 removed, symbols: 66037 processed, 14 removed
[2024-04-03T23:02:41.878+0800][1.420s] GC(2) Pause Remark 16M->16M(512M) 1.472ms
[2024-04-03T23:02:41.878+0800][1.420s] GC(2) User=0.00s Sys=0.00s Real=0.00s
[2024-04-03T23:02:41.878+0800][1.420s] GC(2) Concurrent Rebuild Remembered Sets
[2024-04-03T23:02:41.880+0800][1.421s] GC(2) Concurrent Rebuild Remembered Sets 1.220ms
[2024-04-03T23:02:41.880+0800][1.422s] GC(2) Pause Cleanup
[2024-04-03T23:02:41.880+0800][1.422s] GC(2) Pause Cleanup 16M->16M(512M) 0.123ms
[2024-04-03T23:02:41.880+0800][1.422s] GC(2) User=0.00s Sys=0.00s Real=0.00s
[2024-04-03T23:02:41.880+0800][1.422s] GC(2) Concurrent Cleanup for Next Mark
[2024-04-03T23:02:41.880+0800][1.422s] GC(2) Concurrent Cleanup for Next Mark 0.210ms
[2024-04-03T23:02:41.880+0800][1.422s] GC(2) Concurrent Cycle 7.972ms
[2024-04-03T23:02:43.330+0800][2.871s] GC(3) Pause Young (Normal) (G1 Evacuation Pause)
[2024-04-03T23:02:43.330+0800][2.871s] GC(3) Using 10 workers of 10 for evacuation
[2024-04-03T23:02:43.339+0800][2.881s] GC(3)   Pre Evacuate Collection Set: 0.0ms
[2024-04-03T23:02:43.339+0800][2.881s] GC(3)   Evacuate Collection Set: 8.4ms
[2024-04-03T23:02:43.339+0800][2.881s] GC(3)   Post Evacuate Collection Set: 1.2ms
[2024-04-03T23:02:43.339+0800][2.881s] GC(3)   Other: 0.2ms
[2024-04-03T23:02:43.339+0800][2.881s] GC(3) Eden regions: 97->0(116)
[2024-04-03T23:02:43.339+0800][2.881s] GC(3) Survivor regions: 12->9(14)
[2024-04-03T23:02:43.339+0800][2.881s] GC(3) Old regions: 0->12
[2024-04-03T23:02:43.339+0800][2.881s] GC(3) Humongous regions: 4->4
[2024-04-03T23:02:43.339+0800][2.881s] GC(3) Metaspace: 31242K->31242K(1077248K)
[2024-04-03T23:02:43.339+0800][2.881s] GC(3) Pause Young (Normal) (G1 Evacuation Pause) 112M->24M(512M) 9.853ms
[2024-04-03T23:02:43.339+0800][2.881s] GC(3) User=0.05s Sys=0.00s Real=0.01s
[2024-04-03T23:02:43.901+0800][3.443s] GC(4) Pause Young (Concurrent Start) (Metadata GC Threshold)
[2024-04-03T23:02:43.901+0800][3.443s] GC(4) Using 10 workers of 10 for evacuation
[2024-04-03T23:02:43.907+0800][3.448s] GC(4)   Pre Evacuate Collection Set: 0.0ms
[2024-04-03T23:02:43.907+0800][3.448s] GC(4)   Evacuate Collection Set: 4.8ms
[2024-04-03T23:02:43.907+0800][3.448s] GC(4)   Post Evacuate Collection Set: 0.6ms
[2024-04-03T23:02:43.907+0800][3.448s] GC(4)   Other: 0.2ms
[2024-04-03T23:02:43.907+0800][3.448s] GC(4) Eden regions: 58->0(143)
[2024-04-03T23:02:43.907+0800][3.448s] GC(4) Survivor regions: 9->9(16)
[2024-04-03T23:02:43.907+0800][3.448s] GC(4) Old regions: 12->12
[2024-04-03T23:02:43.907+0800][3.448s] GC(4) Humongous regions: 4->4
[2024-04-03T23:02:43.907+0800][3.448s] GC(4) Metaspace: 34621K->34621K(1081344K)
[2024-04-03T23:02:43.907+0800][3.448s] GC(4) Pause Young (Concurrent Start) (Metadata GC Threshold) 81M->24M(512M) 5.751ms
[2024-04-03T23:02:43.907+0800][3.448s] GC(4) User=0.00s Sys=0.00s Real=0.01s
[2024-04-03T23:02:43.907+0800][3.449s] GC(5) Concurrent Cycle
[2024-04-03T23:02:43.907+0800][3.449s] GC(5) Concurrent Clear Claimed Marks
[2024-04-03T23:02:43.907+0800][3.449s] GC(5) Concurrent Clear Claimed Marks 0.025ms
[2024-04-03T23:02:43.907+0800][3.449s] GC(5) Concurrent Scan Root Regions
[2024-04-03T23:02:43.909+0800][3.450s] GC(5) Concurrent Scan Root Regions 1.434ms
[2024-04-03T23:02:43.909+0800][3.450s] GC(5) Concurrent Mark (3.450s)
[2024-04-03T23:02:43.909+0800][3.450s] GC(5) Concurrent Mark From Roots
[2024-04-03T23:02:43.909+0800][3.450s] GC(5) Using 3 workers of 3 for marking
[2024-04-03T23:02:43.932+0800][3.473s] GC(5) Concurrent Mark From Roots 22.995ms
[2024-04-03T23:02:43.932+0800][3.473s] GC(5) Concurrent Preclean
[2024-04-03T23:02:43.932+0800][3.473s] GC(5) Concurrent Preclean 0.081ms
[2024-04-03T23:02:43.932+0800][3.473s] GC(5) Concurrent Mark (3.450s, 3.473s) 23.148ms
[2024-04-03T23:02:43.932+0800][3.473s] GC(5) Pause Remark
[2024-04-03T23:02:43.937+0800][3.479s] GC(5) Cleaned string and symbol table, strings: 15586 processed, 15 removed, symbols: 110646 processed, 46 removed
[2024-04-03T23:02:43.937+0800][3.479s] GC(5) Pause Remark 25M->25M(512M) 5.459ms
[2024-04-03T23:02:43.937+0800][3.479s] GC(5) User=0.00s Sys=0.00s Real=0.01s
[2024-04-03T23:02:43.937+0800][3.479s] GC(5) Concurrent Rebuild Remembered Sets
[2024-04-03T23:02:43.941+0800][3.482s] GC(5) Concurrent Rebuild Remembered Sets 3.512ms
[2024-04-03T23:02:43.941+0800][3.483s] GC(5) Pause Cleanup
[2024-04-03T23:02:43.941+0800][3.483s] GC(5) Pause Cleanup 25M->25M(512M) 0.079ms
[2024-04-03T23:02:43.941+0800][3.483s] GC(5) User=0.00s Sys=0.00s Real=0.00s
[2024-04-03T23:02:43.941+0800][3.483s] GC(5) Concurrent Cleanup for Next Mark
[2024-04-03T23:02:43.941+0800][3.483s] GC(5) Concurrent Cleanup for Next Mark 0.288ms
[2024-04-03T23:02:43.941+0800][3.483s] GC(5) Concurrent Cycle 34.513ms
[2024-04-03T23:02:45.306+0800][4.848s] GC(6) Pause Young (Normal) (G1 Evacuation Pause)
[2024-04-03T23:02:45.306+0800][4.848s] GC(6) Using 10 workers of 10 for evacuation
[2024-04-03T23:02:45.313+0800][4.855s] GC(6)   Pre Evacuate Collection Set: 0.0ms
[2024-04-03T23:02:45.313+0800][4.855s] GC(6)   Evacuate Collection Set: 5.6ms
[2024-04-03T23:02:45.313+0800][4.855s] GC(6)   Post Evacuate Collection Set: 0.8ms
[2024-04-03T23:02:45.313+0800][4.855s] GC(6)   Other: 0.2ms
[2024-04-03T23:02:45.313+0800][4.855s] GC(6) Eden regions: 143->0(188)
[2024-04-03T23:02:45.313+0800][4.855s] GC(6) Survivor regions: 9->16(19)
[2024-04-03T23:02:45.313+0800][4.855s] GC(6) Old regions: 12->12
[2024-04-03T23:02:45.313+0800][4.855s] GC(6) Humongous regions: 4->4
[2024-04-03T23:02:45.313+0800][4.855s] GC(6) Metaspace: 50687K->50687K(1095680K)
[2024-04-03T23:02:45.313+0800][4.855s] GC(6) Pause Young (Normal) (G1 Evacuation Pause) 167M->30M(512M) 6.739ms
[2024-04-03T23:02:45.313+0800][4.855s] GC(6) User=0.00s Sys=0.00s Real=0.01s
[2024-04-03T23:02:46.411+0800][5.953s] GC(7) Pause Young (Concurrent Start) (Metadata GC Threshold)
[2024-04-03T23:02:46.411+0800][5.953s] GC(7) Using 10 workers of 10 for evacuation
[2024-04-03T23:02:46.426+0800][5.969s] GC(7)   Pre Evacuate Collection Set: 0.1ms
[2024-04-03T23:02:46.426+0800][5.969s] GC(7)   Evacuate Collection Set: 14.8ms
[2024-04-03T23:02:46.426+0800][5.969s] GC(7)   Post Evacuate Collection Set: 1.0ms
[2024-04-03T23:02:46.426+0800][5.969s] GC(7)   Other: 0.2ms
[2024-04-03T23:02:46.426+0800][5.969s] GC(7) Eden regions: 116->0(214)
[2024-04-03T23:02:46.426+0800][5.969s] GC(7) Survivor regions: 16->15(26)
[2024-04-03T23:02:46.426+0800][5.969s] GC(7) Old regions: 12->20
[2024-04-03T23:02:46.426+0800][5.969s] GC(7) Humongous regions: 4->4
[2024-04-03T23:02:46.426+0800][5.969s] GC(7) Metaspace: 58275K->58275K(1101824K)
[2024-04-03T23:02:46.426+0800][5.969s] GC(7) Pause Young (Concurrent Start) (Metadata GC Threshold) 146M->38M(512M) 16.223ms
[2024-04-03T23:02:46.426+0800][5.969s] GC(7) User=0.03s Sys=0.00s Real=0.02s
[2024-04-03T23:02:46.426+0800][5.969s] GC(8) Concurrent Cycle
[2024-04-03T23:02:46.426+0800][5.969s] GC(8) Concurrent Clear Claimed Marks
[2024-04-03T23:02:46.426+0800][5.969s] GC(8) Concurrent Clear Claimed Marks 0.089ms
[2024-04-03T23:02:46.428+0800][5.969s] GC(8) Concurrent Scan Root Regions
[2024-04-03T23:02:46.431+0800][5.973s] GC(8) Concurrent Scan Root Regions 4.228ms
[2024-04-03T23:02:46.431+0800][5.973s] GC(8) Concurrent Mark (5.973s)
[2024-04-03T23:02:46.431+0800][5.973s] GC(8) Concurrent Mark From Roots
[2024-04-03T23:02:46.431+0800][5.973s] GC(8) Using 3 workers of 3 for marking
[2024-04-03T23:02:46.443+0800][5.984s] GC(8) Concurrent Mark From Roots 11.085ms
[2024-04-03T23:02:46.443+0800][5.984s] GC(8) Concurrent Preclean
[2024-04-03T23:02:46.443+0800][5.985s] GC(8) Concurrent Preclean 0.134ms
[2024-04-03T23:02:46.443+0800][5.985s] GC(8) Concurrent Mark (5.973s, 5.985s) 11.315ms
[2024-04-03T23:02:46.444+0800][5.985s] GC(8) Pause Remark
[2024-04-03T23:02:46.451+0800][5.992s] GC(8) Cleaned string and symbol table, strings: 27540 processed, 1 removed, symbols: 180255 processed, 454 removed
[2024-04-03T23:02:46.451+0800][5.993s] GC(8) Pause Remark 41M->41M(512M) 7.175ms
[2024-04-03T23:02:46.451+0800][5.993s] GC(8) User=0.00s Sys=0.00s Real=0.01s
[2024-04-03T23:02:46.451+0800][5.993s] GC(8) Concurrent Rebuild Remembered Sets
[2024-04-03T23:02:46.458+0800][6.000s] GC(8) Concurrent Rebuild Remembered Sets 6.936ms
[2024-04-03T23:02:46.458+0800][6.000s] GC(8) Pause Cleanup
[2024-04-03T23:02:46.459+0800][6.000s] GC(8) Pause Cleanup 42M->42M(512M) 0.143ms
[2024-04-03T23:02:46.459+0800][6.000s] GC(8) User=0.00s Sys=0.00s Real=0.00s
[2024-04-03T23:02:46.459+0800][6.000s] GC(8) Concurrent Cleanup for Next Mark
[2024-04-03T23:02:46.459+0800][6.001s] GC(8) Concurrent Cleanup for Next Mark 0.341ms
[2024-04-03T23:02:46.459+0800][6.001s] GC(8) Concurrent Cycle 31.878ms
[2024-04-03T23:03:18.241+0800][37.783s] GC(9) Pause Young (Normal) (G1 Evacuation Pause)
[2024-04-03T23:03:18.241+0800][37.783s] GC(9) Using 10 workers of 10 for evacuation
[2024-04-03T23:03:18.254+0800][37.795s] GC(9)   Pre Evacuate Collection Set: 0.0ms
[2024-04-03T23:03:18.254+0800][37.795s] GC(9)   Evacuate Collection Set: 11.4ms
[2024-04-03T23:03:18.254+0800][37.795s] GC(9)   Post Evacuate Collection Set: 1.1ms
[2024-04-03T23:03:18.254+0800][37.795s] GC(9)   Other: 0.2ms
[2024-04-03T23:03:18.254+0800][37.795s] GC(9) Eden regions: 222->0(277)
[2024-04-03T23:03:18.254+0800][37.795s] GC(9) Survivor regions: 15->30(30)
[2024-04-03T23:03:18.254+0800][37.795s] GC(9) Old regions: 20->20
[2024-04-03T23:03:18.254+0800][37.795s] GC(9) Humongous regions: 4->4
[2024-04-03T23:03:18.254+0800][37.795s] GC(9) Metaspace: 67541K->67541K(1110016K)
[2024-04-03T23:03:18.254+0800][37.795s] GC(9) Pause Young (Normal) (G1 Evacuation Pause) 260M->53M(512M) 12.856ms
[2024-04-03T23:03:18.254+0800][37.795s] GC(9) User=0.00s Sys=0.00s Real=0.01s
[2024-04-03T23:03:20.620+0800][40.162s] GC(10) Pause Young (Normal) (G1 Evacuation Pause)
[2024-04-03T23:03:20.621+0800][40.162s] GC(10) Using 10 workers of 10 for evacuation
[2024-04-03T23:03:20.632+0800][40.173s] GC(10)   Pre Evacuate Collection Set: 0.0ms
[2024-04-03T23:03:20.632+0800][40.173s] GC(10)   Evacuate Collection Set: 9.7ms
[2024-04-03T23:03:20.632+0800][40.173s] GC(10)   Post Evacuate Collection Set: 1.0ms
[2024-04-03T23:03:20.632+0800][40.173s] GC(10)   Other: 0.3ms
[2024-04-03T23:03:20.632+0800][40.173s] GC(10) Eden regions: 277->0(272)
[2024-04-03T23:03:20.632+0800][40.173s] GC(10) Survivor regions: 30->35(39)
[2024-04-03T23:03:20.632+0800][40.173s] GC(10) Old regions: 20->34
[2024-04-03T23:03:20.632+0800][40.173s] GC(10) Humongous regions: 6->6
[2024-04-03T23:03:20.632+0800][40.173s] GC(10) Metaspace: 68662K->68662K(1112064K)
[2024-04-03T23:03:20.632+0800][40.173s] GC(10) Pause Young (Normal) (G1 Evacuation Pause) 332M->73M(512M) 11.359ms
[2024-04-03T23:03:20.632+0800][40.173s] GC(10) User=0.03s Sys=0.00s Real=0.01s
[2024-04-03T23:03:22.339+0800][41.881s] GC(11) Pause Young (Normal) (G1 Evacuation Pause)
[2024-04-03T23:03:22.339+0800][41.881s] GC(11) Using 10 workers of 10 for evacuation
[2024-04-03T23:03:22.343+0800][41.886s] GC(11)   Pre Evacuate Collection Set: 0.0ms
[2024-04-03T23:03:22.343+0800][41.886s] GC(11)   Evacuate Collection Set: 3.3ms
[2024-04-03T23:03:22.344+0800][41.886s] GC(11)   Post Evacuate Collection Set: 0.6ms
[2024-04-03T23:03:22.344+0800][41.886s] GC(11)   Other: 0.2ms
[2024-04-03T23:03:22.344+0800][41.886s] GC(11) Eden regions: 272->0(300)
[2024-04-03T23:03:22.344+0800][41.886s] GC(11) Survivor regions: 35->7(39)
[2024-04-03T23:03:22.344+0800][41.886s] GC(11) Old regions: 34->39
[2024-04-03T23:03:22.344+0800][41.886s] GC(11) Humongous regions: 8->4
[2024-04-03T23:03:22.344+0800][41.886s] GC(11) Metaspace: 70003K->70003K(1112064K)
[2024-04-03T23:03:22.344+0800][41.886s] GC(11) Pause Young (Normal) (G1 Evacuation Pause) 347M->49M(512M) 4.360ms
[2024-04-03T23:03:22.344+0800][41.886s] GC(11) User=0.00s Sys=0.00s Real=0.01s
[2024-04-03T23:11:41.348+0800][540.890s] GC(12) Pause Young (Normal) (G1 Evacuation Pause)
[2024-04-03T23:11:41.348+0800][540.890s] GC(12) Using 10 workers of 10 for evacuation
[2024-04-03T23:11:41.351+0800][540.892s] GC(12)   Pre Evacuate Collection Set: 0.0ms
[2024-04-03T23:11:41.351+0800][540.893s] GC(12)   Evacuate Collection Set: 1.5ms
[2024-04-03T23:11:41.351+0800][540.893s] GC(12)   Post Evacuate Collection Set: 0.5ms
[2024-04-03T23:11:41.351+0800][540.893s] GC(12)   Other: 0.2ms
[2024-04-03T23:11:41.351+0800][540.893s] GC(12) Eden regions: 300->0(302)
[2024-04-03T23:11:41.351+0800][540.893s] GC(12) Survivor regions: 7->5(39)
[2024-04-03T23:11:41.351+0800][540.893s] GC(12) Old regions: 39->39
[2024-04-03T23:11:41.351+0800][540.893s] GC(12) Humongous regions: 4->4
[2024-04-03T23:11:41.351+0800][540.893s] GC(12) Metaspace: 71516K->71516K(1114112K)
[2024-04-03T23:11:41.351+0800][540.893s] GC(12) Pause Young (Normal) (G1 Evacuation Pause) 349M->47M(512M) 2.559ms
[2024-04-03T23:11:41.351+0800][540.893s] GC(12) User=0.00s Sys=0.00s Real=0.00s
[2024-04-03T23:15:58.670+0800][798.211s] Heap
[2024-04-03T23:15:58.670+0800][798.212s]  garbage-first heap   total 524288K, used 113890K [0x00000000e0000000, 0x0000000100000000)
[2024-04-03T23:15:58.670+0800][798.212s]   region size 1024K, 71 young (72704K), 5 survivors (5120K)
[2024-04-03T23:15:58.670+0800][798.212s]  Metaspace       used 71947K, capacity 74146K, committed 74364K, reserved 1114112K
[2024-04-03T23:15:58.670+0800][798.212s]   class space    used 8500K, capacity 9395K, committed 9472K, reserved 1048576K
