[2024-04-13T09:35:41.374+0800][0.045s] Heap region size: 1M
[2024-04-13T09:35:41.654+0800][0.326s] Using G1
[2024-04-13T09:35:41.654+0800][0.326s] Heap address: 0x00000000e0000000, size: 512 MB, Compressed Oops mode: 32-bit
[2024-04-13T09:35:43.653+0800][2.324s] GC(0) Pause Young (Normal) (G1 Evacuation Pause)
[2024-04-13T09:35:43.654+0800][2.326s] GC(0) Using 10 workers of 10 for evacuation
[2024-04-13T09:35:43.659+0800][2.330s] GC(0)   Pre Evacuate Collection Set: 0.0ms
[2024-04-13T09:35:43.659+0800][2.330s] GC(0)   Evacuate Collection Set: 3.8ms
[2024-04-13T09:35:43.659+0800][2.330s] GC(0)   Post Evacuate Collection Set: 0.6ms
[2024-04-13T09:35:43.659+0800][2.331s] GC(0)   Other: 1.8ms
[2024-04-13T09:35:43.659+0800][2.331s] GC(0) Eden regions: 30->0(303)
[2024-04-13T09:35:43.659+0800][2.331s] GC(0) Survivor regions: 0->4(4)
[2024-04-13T09:35:43.659+0800][2.331s] GC(0) Old regions: 0->0
[2024-04-13T09:35:43.659+0800][2.331s] GC(0) Humongous regions: 0->0
[2024-04-13T09:35:43.659+0800][2.331s] GC(0) Metaspace: 12564K->12564K(1060864K)
[2024-04-13T09:35:43.659+0800][2.331s] GC(0) Pause Young (Normal) (G1 Evacuation Pause) 30M->3M(512M) 7.093ms
[2024-04-13T09:35:43.659+0800][2.331s] GC(0) User=0.02s Sys=0.00s Real=0.01s
[2024-04-13T09:35:44.719+0800][3.390s] GC(1) Pause Young (Concurrent Start) (Metadata GC Threshold)
[2024-04-13T09:35:44.719+0800][3.390s] GC(1) Using 10 workers of 10 for evacuation
[2024-04-13T09:35:44.733+0800][3.405s] GC(1)   Pre Evacuate Collection Set: 0.0ms
[2024-04-13T09:35:44.734+0800][3.405s] GC(1)   Evacuate Collection Set: 14.4ms
[2024-04-13T09:35:44.734+0800][3.405s] GC(1)   Post Evacuate Collection Set: 1.0ms
[2024-04-13T09:35:44.734+0800][3.405s] GC(1)   Other: 0.3ms
[2024-04-13T09:35:44.734+0800][3.406s] GC(1) Eden regions: 37->0(80)
[2024-04-13T09:35:44.734+0800][3.406s] GC(1) Survivor regions: 4->12(39)
[2024-04-13T09:35:44.734+0800][3.406s] GC(1) Old regions: 0->0
[2024-04-13T09:35:44.734+0800][3.406s] GC(1) Humongous regions: 4->4
[2024-04-13T09:35:44.734+0800][3.406s] GC(1) Metaspace: 20508K->20508K(1069056K)
[2024-04-13T09:35:44.734+0800][3.406s] GC(1) Pause Young (Concurrent Start) (Metadata GC Threshold) 43M->15M(512M) 16.116ms
[2024-04-13T09:35:44.734+0800][3.406s] GC(1) User=0.02s Sys=0.00s Real=0.01s
[2024-04-13T09:35:44.734+0800][3.406s] GC(2) Concurrent Cycle
[2024-04-13T09:35:44.734+0800][3.406s] GC(2) Concurrent Clear Claimed Marks
[2024-04-13T09:35:44.734+0800][3.406s] GC(2) Concurrent Clear Claimed Marks 0.057ms
[2024-04-13T09:35:44.734+0800][3.406s] GC(2) Concurrent Scan Root Regions
[2024-04-13T09:35:44.739+0800][3.411s] GC(2) Concurrent Scan Root Regions 4.688ms
[2024-04-13T09:35:44.739+0800][3.411s] GC(2) Concurrent Mark (3.411s)
[2024-04-13T09:35:44.739+0800][3.411s] GC(2) Concurrent Mark From Roots
[2024-04-13T09:35:44.739+0800][3.411s] GC(2) Using 3 workers of 3 for marking
[2024-04-13T09:35:44.741+0800][3.412s] GC(2) Concurrent Mark From Roots 1.240ms
[2024-04-13T09:35:44.741+0800][3.412s] GC(2) Concurrent Preclean
[2024-04-13T09:35:44.741+0800][3.412s] GC(2) Concurrent Preclean 0.102ms
[2024-04-13T09:35:44.741+0800][3.412s] GC(2) Concurrent Mark (3.411s, 3.412s) 1.458ms
[2024-04-13T09:35:44.741+0800][3.412s] GC(2) Pause Remark
[2024-04-13T09:35:44.743+0800][3.414s] GC(2) Cleaned string and symbol table, strings: 9357 processed, 0 removed, symbols: 66047 processed, 14 removed
[2024-04-13T09:35:44.743+0800][3.414s] GC(2) Pause Remark 16M->16M(512M) 1.885ms
[2024-04-13T09:35:44.743+0800][3.414s] GC(2) User=0.00s Sys=0.00s Real=0.00s
[2024-04-13T09:35:44.743+0800][3.414s] GC(2) Concurrent Rebuild Remembered Sets
[2024-04-13T09:35:44.745+0800][3.417s] GC(2) Concurrent Rebuild Remembered Sets 2.436ms
[2024-04-13T09:35:44.745+0800][3.417s] GC(2) Pause Cleanup
[2024-04-13T09:35:44.746+0800][3.417s] GC(2) Pause Cleanup 16M->16M(512M) 0.217ms
[2024-04-13T09:35:44.746+0800][3.417s] GC(2) User=0.00s Sys=0.00s Real=0.00s
[2024-04-13T09:35:44.746+0800][3.417s] GC(2) Concurrent Cleanup for Next Mark
[2024-04-13T09:35:44.747+0800][3.419s] GC(2) Concurrent Cleanup for Next Mark 1.000ms
[2024-04-13T09:35:44.747+0800][3.419s] GC(2) Concurrent Cycle 13.092ms
[2024-04-13T09:35:46.523+0800][5.195s] GC(3) Pause Young (Normal) (G1 Evacuation Pause)
[2024-04-13T09:35:46.523+0800][5.195s] GC(3) Using 10 workers of 10 for evacuation
[2024-04-13T09:35:46.542+0800][5.214s] GC(3)   Pre Evacuate Collection Set: 0.0ms
[2024-04-13T09:35:46.542+0800][5.214s] GC(3)   Evacuate Collection Set: 17.3ms
[2024-04-13T09:35:46.542+0800][5.214s] GC(3)   Post Evacuate Collection Set: 1.3ms
[2024-04-13T09:35:46.542+0800][5.214s] GC(3)   Other: 0.3ms
[2024-04-13T09:35:46.543+0800][5.214s] GC(3) Eden regions: 56->0(82)
[2024-04-13T09:35:46.543+0800][5.214s] GC(3) Survivor regions: 12->5(9)
[2024-04-13T09:35:46.543+0800][5.214s] GC(3) Old regions: 0->12
[2024-04-13T09:35:46.543+0800][5.214s] GC(3) Humongous regions: 4->4
[2024-04-13T09:35:46.543+0800][5.214s] GC(3) Metaspace: 27970K->27970K(1075200K)
[2024-04-13T09:35:46.543+0800][5.214s] GC(3) Pause Young (Normal) (G1 Evacuation Pause) 71M->19M(512M) 19.259ms
[2024-04-13T09:35:46.543+0800][5.215s] GC(3) User=0.05s Sys=0.00s Real=0.02s
[2024-04-13T09:35:47.883+0800][6.555s] GC(4) Pause Young (Normal) (G1 Evacuation Pause)
[2024-04-13T09:35:47.883+0800][6.555s] GC(4) Using 10 workers of 10 for evacuation
[2024-04-13T09:35:47.889+0800][6.561s] GC(4)   Pre Evacuate Collection Set: 0.0ms
[2024-04-13T09:35:47.889+0800][6.561s] GC(4)   Evacuate Collection Set: 4.1ms
[2024-04-13T09:35:47.889+0800][6.561s] GC(4)   Post Evacuate Collection Set: 1.3ms
[2024-04-13T09:35:47.889+0800][6.561s] GC(4)   Other: 0.3ms
[2024-04-13T09:35:47.889+0800][6.561s] GC(4) Eden regions: 82->0(300)
[2024-04-13T09:35:47.889+0800][6.561s] GC(4) Survivor regions: 5->7(11)
[2024-04-13T09:35:47.889+0800][6.561s] GC(4) Old regions: 12->12
[2024-04-13T09:35:47.889+0800][6.561s] GC(4) Humongous regions: 4->4
[2024-04-13T09:35:47.889+0800][6.561s] GC(4) Metaspace: 28136K->28136K(1075200K)
[2024-04-13T09:35:47.889+0800][6.561s] GC(4) Pause Young (Normal) (G1 Evacuation Pause) 101M->22M(512M) 6.145ms
[2024-04-13T09:35:47.889+0800][6.561s] GC(4) User=0.00s Sys=0.00s Real=0.01s
[2024-04-13T09:35:51.632+0800][10.304s] GC(5) Pause Young (Concurrent Start) (Metadata GC Threshold)
[2024-04-13T09:35:51.633+0800][10.305s] GC(5) Using 10 workers of 10 for evacuation
[2024-04-13T09:35:51.659+0800][10.330s] GC(5)   Pre Evacuate Collection Set: 0.2ms
[2024-04-13T09:35:51.659+0800][10.330s] GC(5)   Evacuate Collection Set: 21.6ms
[2024-04-13T09:35:51.659+0800][10.330s] GC(5)   Post Evacuate Collection Set: 2.9ms
[2024-04-13T09:35:51.659+0800][10.330s] GC(5)   Other: 0.9ms
[2024-04-13T09:35:51.659+0800][10.330s] GC(5) Eden regions: 155->0(200)
[2024-04-13T09:35:51.659+0800][10.330s] GC(5) Survivor regions: 7->10(39)
[2024-04-13T09:35:51.659+0800][10.330s] GC(5) Old regions: 12->12
[2024-04-13T09:35:51.659+0800][10.330s] GC(5) Humongous regions: 4->4
[2024-04-13T09:35:51.659+0800][10.330s] GC(5) Metaspace: 34630K->34630K(1081344K)
[2024-04-13T09:35:51.659+0800][10.330s] GC(5) Pause Young (Concurrent Start) (Metadata GC Threshold) 177M->24M(512M) 26.085ms
[2024-04-13T09:35:51.660+0800][10.331s] GC(5) User=0.05s Sys=0.00s Real=0.03s
[2024-04-13T09:35:51.660+0800][10.331s] GC(6) Concurrent Cycle
[2024-04-13T09:35:51.660+0800][10.331s] GC(6) Concurrent Clear Claimed Marks
[2024-04-13T09:35:51.660+0800][10.331s] GC(6) Concurrent Clear Claimed Marks 0.110ms
[2024-04-13T09:35:51.660+0800][10.331s] GC(6) Concurrent Scan Root Regions
[2024-04-13T09:35:51.665+0800][10.336s] GC(6) Concurrent Scan Root Regions 4.766ms
[2024-04-13T09:35:51.665+0800][10.336s] GC(6) Concurrent Mark (10.336s)
[2024-04-13T09:35:51.665+0800][10.336s] GC(6) Concurrent Mark From Roots
[2024-04-13T09:35:51.665+0800][10.336s] GC(6) Using 3 workers of 3 for marking
[2024-04-13T09:35:51.726+0800][10.398s] GC(6) Concurrent Mark From Roots 61.651ms
[2024-04-13T09:35:51.726+0800][10.398s] GC(6) Concurrent Preclean
[2024-04-13T09:35:51.726+0800][10.398s] GC(6) Concurrent Preclean 0.254ms
[2024-04-13T09:35:51.727+0800][10.398s] GC(6) Concurrent Mark (10.336s, 10.398s) 62.285ms
[2024-04-13T09:35:51.727+0800][10.398s] GC(6) Pause Remark
[2024-04-13T09:35:51.740+0800][10.412s] GC(6) Cleaned string and symbol table, strings: 15572 processed, 15 removed, symbols: 110593 processed, 46 removed
[2024-04-13T09:35:51.742+0800][10.413s] GC(6) Pause Remark 25M->25M(512M) 14.237ms
[2024-04-13T09:35:51.742+0800][10.413s] GC(6) User=0.02s Sys=0.00s Real=0.02s
[2024-04-13T09:35:51.742+0800][10.413s] GC(6) Concurrent Rebuild Remembered Sets
[2024-04-13T09:35:51.755+0800][10.426s] GC(6) Concurrent Rebuild Remembered Sets 13.470ms
[2024-04-13T09:35:51.755+0800][10.427s] GC(6) Pause Cleanup
[2024-04-13T09:35:51.756+0800][10.427s] GC(6) Pause Cleanup 26M->26M(512M) 0.473ms
[2024-04-13T09:35:51.756+0800][10.428s] GC(6) User=0.00s Sys=0.00s Real=0.00s
[2024-04-13T09:35:51.756+0800][10.428s] GC(6) Concurrent Cleanup for Next Mark
[2024-04-13T09:35:51.758+0800][10.429s] GC(6) Concurrent Cleanup for Next Mark 1.457ms
[2024-04-13T09:35:51.758+0800][10.430s] GC(6) Concurrent Cycle 98.888ms
[2024-04-13T09:35:56.619+0800][15.290s] GC(7) Pause Young (Normal) (G1 Evacuation Pause)
[2024-04-13T09:35:56.619+0800][15.290s] GC(7) Using 10 workers of 10 for evacuation
[2024-04-13T09:35:56.634+0800][15.305s] GC(7)   Pre Evacuate Collection Set: 0.0ms
[2024-04-13T09:35:56.634+0800][15.305s] GC(7)   Evacuate Collection Set: 12.7ms
[2024-04-13T09:35:56.634+0800][15.305s] GC(7)   Post Evacuate Collection Set: 1.9ms
[2024-04-13T09:35:56.634+0800][15.305s] GC(7)   Other: 0.4ms
[2024-04-13T09:35:56.634+0800][15.305s] GC(7) Eden regions: 203->0(290)
[2024-04-13T09:35:56.634+0800][15.305s] GC(7) Survivor regions: 10->17(27)
[2024-04-13T09:35:56.634+0800][15.305s] GC(7) Old regions: 12->12
[2024-04-13T09:35:56.634+0800][15.305s] GC(7) Humongous regions: 4->4
[2024-04-13T09:35:56.634+0800][15.305s] GC(7) Metaspace: 52555K->52555K(1097728K)
[2024-04-13T09:35:56.634+0800][15.305s] GC(7) Pause Young (Normal) (G1 Evacuation Pause) 227M->32M(512M) 15.240ms
[2024-04-13T09:35:56.634+0800][15.306s] GC(7) User=0.05s Sys=0.00s Real=0.02s
[2024-04-13T09:35:58.864+0800][17.535s] GC(8) Pause Young (Concurrent Start) (Metadata GC Threshold)
[2024-04-13T09:35:58.864+0800][17.535s] GC(8) Using 10 workers of 10 for evacuation
[2024-04-13T09:35:58.903+0800][17.575s] GC(8)   Pre Evacuate Collection Set: 0.2ms
[2024-04-13T09:35:58.903+0800][17.575s] GC(8)   Evacuate Collection Set: 35.7ms
[2024-04-13T09:35:58.903+0800][17.575s] GC(8)   Post Evacuate Collection Set: 3.0ms
[2024-04-13T09:35:58.903+0800][17.575s] GC(8)   Other: 0.5ms
[2024-04-13T09:35:58.903+0800][17.575s] GC(8) Eden regions: 98->0(285)
[2024-04-13T09:35:58.903+0800][17.575s] GC(8) Survivor regions: 17->22(39)
[2024-04-13T09:35:58.903+0800][17.575s] GC(8) Old regions: 12->12
[2024-04-13T09:35:58.903+0800][17.575s] GC(8) Humongous regions: 4->4
[2024-04-13T09:35:58.903+0800][17.575s] GC(8) Metaspace: 58209K->58209K(1101824K)
[2024-04-13T09:35:58.903+0800][17.575s] GC(8) Pause Young (Concurrent Start) (Metadata GC Threshold) 130M->37M(512M) 39.874ms
[2024-04-13T09:35:58.903+0800][17.575s] GC(8) User=0.17s Sys=0.00s Real=0.04s
[2024-04-13T09:35:58.904+0800][17.575s] GC(9) Concurrent Cycle
[2024-04-13T09:35:58.904+0800][17.575s] GC(9) Concurrent Clear Claimed Marks
[2024-04-13T09:35:58.904+0800][17.576s] GC(9) Concurrent Clear Claimed Marks 0.189ms
[2024-04-13T09:35:58.904+0800][17.576s] GC(9) Concurrent Scan Root Regions
[2024-04-13T09:35:58.919+0800][17.591s] GC(9) Concurrent Scan Root Regions 15.772ms
[2024-04-13T09:35:58.919+0800][17.591s] GC(9) Concurrent Mark (17.591s)
[2024-04-13T09:35:58.921+0800][17.592s] GC(9) Concurrent Mark From Roots
[2024-04-13T09:35:58.921+0800][17.592s] GC(9) Using 3 workers of 3 for marking
[2024-04-13T09:35:58.952+0800][17.624s] GC(9) Concurrent Mark From Roots 32.317ms
[2024-04-13T09:35:58.952+0800][17.624s] GC(9) Concurrent Preclean
[2024-04-13T09:35:58.953+0800][17.625s] GC(9) Concurrent Preclean 0.521ms
[2024-04-13T09:35:58.953+0800][17.625s] GC(9) Concurrent Mark (17.591s, 17.625s) 33.141ms
[2024-04-13T09:35:58.953+0800][17.625s] GC(9) Pause Remark
[2024-04-13T09:35:58.964+0800][17.636s] GC(9) Cleaned string and symbol table, strings: 27476 processed, 1 removed, symbols: 179607 processed, 407 removed
[2024-04-13T09:35:58.966+0800][17.637s] GC(9) Pause Remark 39M->39M(512M) 12.115ms
[2024-04-13T09:35:58.966+0800][17.637s] GC(9) User=0.13s Sys=0.03s Real=0.01s
[2024-04-13T09:35:58.966+0800][17.638s] GC(9) Concurrent Rebuild Remembered Sets
[2024-04-13T09:35:58.980+0800][17.651s] GC(9) Concurrent Rebuild Remembered Sets 13.884ms
[2024-04-13T09:35:58.981+0800][17.652s] GC(9) Pause Cleanup
[2024-04-13T09:35:58.981+0800][17.652s] GC(9) Pause Cleanup 40M->40M(512M) 0.285ms
[2024-04-13T09:35:58.981+0800][17.652s] GC(9) User=0.00s Sys=0.00s Real=0.00s
[2024-04-13T09:35:58.981+0800][17.653s] GC(9) Concurrent Cleanup for Next Mark
[2024-04-13T09:35:58.984+0800][17.655s] GC(9) Concurrent Cleanup for Next Mark 2.256ms
[2024-04-13T09:35:58.984+0800][17.655s] GC(9) Concurrent Cycle 79.812ms
[2024-04-13T09:38:15.671+0800][154.342s] GC(10) Pause Young (Normal) (G1 Evacuation Pause)
[2024-04-13T09:38:15.671+0800][154.343s] GC(10) Using 10 workers of 10 for evacuation
[2024-04-13T09:38:15.694+0800][154.365s] GC(10)   Pre Evacuate Collection Set: 0.0ms
[2024-04-13T09:38:15.694+0800][154.365s] GC(10)   Evacuate Collection Set: 18.6ms
[2024-04-13T09:38:15.694+0800][154.365s] GC(10)   Post Evacuate Collection Set: 3.7ms
[2024-04-13T09:38:15.694+0800][154.365s] GC(10)   Other: 0.5ms
[2024-04-13T09:38:15.694+0800][154.366s] GC(10) Eden regions: 285->0(269)
[2024-04-13T09:38:15.695+0800][154.366s] GC(10) Survivor regions: 22->38(39)
[2024-04-13T09:38:15.695+0800][154.366s] GC(10) Old regions: 12->15
[2024-04-13T09:38:15.695+0800][154.366s] GC(10) Humongous regions: 4->4
[2024-04-13T09:38:15.695+0800][154.366s] GC(10) Metaspace: 69317K->69317K(1112064K)
[2024-04-13T09:38:15.695+0800][154.366s] GC(10) Pause Young (Normal) (G1 Evacuation Pause) 322M->56M(512M) 23.274ms
[2024-04-13T09:38:15.695+0800][154.366s] GC(10) User=0.27s Sys=0.00s Real=0.02s
[2024-04-13T09:38:18.615+0800][157.287s] GC(11) Pause Young (Normal) (G1 Evacuation Pause)
[2024-04-13T09:38:18.615+0800][157.287s] GC(11) Using 10 workers of 10 for evacuation
[2024-04-13T09:38:18.637+0800][157.308s] GC(11)   Pre Evacuate Collection Set: 0.0ms
[2024-04-13T09:38:18.637+0800][157.308s] GC(11)   Evacuate Collection Set: 19.6ms
[2024-04-13T09:38:18.637+0800][157.308s] GC(11)   Post Evacuate Collection Set: 1.8ms
[2024-04-13T09:38:18.637+0800][157.309s] GC(11)   Other: 0.3ms
[2024-04-13T09:38:18.637+0800][157.309s] GC(11) Eden regions: 269->0(282)
[2024-04-13T09:38:18.637+0800][157.309s] GC(11) Survivor regions: 38->25(39)
[2024-04-13T09:38:18.637+0800][157.309s] GC(11) Old regions: 15->33
[2024-04-13T09:38:18.637+0800][157.309s] GC(11) Humongous regions: 4->4
[2024-04-13T09:38:18.637+0800][157.309s] GC(11) Metaspace: 69762K->69762K(1112064K)
[2024-04-13T09:38:18.637+0800][157.309s] GC(11) Pause Young (Normal) (G1 Evacuation Pause) 325M->60M(512M) 22.290ms
[2024-04-13T09:38:18.637+0800][157.309s] GC(11) User=0.09s Sys=0.00s Real=0.02s
[2024-04-13T09:38:21.462+0800][160.134s] GC(12) Pause Young (Normal) (G1 Evacuation Pause)
[2024-04-13T09:38:21.462+0800][160.134s] GC(12) Using 10 workers of 10 for evacuation
[2024-04-13T09:38:21.470+0800][160.141s] GC(12)   Pre Evacuate Collection Set: 0.0ms
[2024-04-13T09:38:21.470+0800][160.141s] GC(12)   Evacuate Collection Set: 6.3ms
[2024-04-13T09:38:21.470+0800][160.141s] GC(12)   Post Evacuate Collection Set: 0.8ms
[2024-04-13T09:38:21.470+0800][160.141s] GC(12)   Other: 0.3ms
[2024-04-13T09:38:21.470+0800][160.141s] GC(12) Eden regions: 282->0(290)
[2024-04-13T09:38:21.470+0800][160.141s] GC(12) Survivor regions: 25->17(39)
[2024-04-13T09:38:21.470+0800][160.141s] GC(12) Old regions: 33->39
[2024-04-13T09:38:21.470+0800][160.141s] GC(12) Humongous regions: 4->4
[2024-04-13T09:38:21.470+0800][160.141s] GC(12) Metaspace: 70200K->70200K(1112064K)
[2024-04-13T09:38:21.470+0800][160.142s] GC(12) Pause Young (Normal) (G1 Evacuation Pause) 342M->59M(512M) 7.782ms
[2024-04-13T09:38:21.470+0800][160.142s] GC(12) User=0.05s Sys=0.00s Real=0.01s
[2024-04-13T09:38:23.472+0800][162.144s] GC(13) Pause Young (Normal) (G1 Evacuation Pause)
[2024-04-13T09:38:23.472+0800][162.144s] GC(13) Using 10 workers of 10 for evacuation
[2024-04-13T09:38:23.478+0800][162.149s] GC(13)   Pre Evacuate Collection Set: 0.0ms
[2024-04-13T09:38:23.478+0800][162.149s] GC(13)   Evacuate Collection Set: 4.2ms
[2024-04-13T09:38:23.478+0800][162.149s] GC(13)   Post Evacuate Collection Set: 0.8ms
[2024-04-13T09:38:23.478+0800][162.149s] GC(13)   Other: 0.4ms
[2024-04-13T09:38:23.478+0800][162.149s] GC(13) Eden regions: 290->0(294)
[2024-04-13T09:38:23.478+0800][162.150s] GC(13) Survivor regions: 17->13(39)
[2024-04-13T09:38:23.478+0800][162.150s] GC(13) Old regions: 39->39
[2024-04-13T09:38:23.478+0800][162.150s] GC(13) Humongous regions: 4->4
[2024-04-13T09:38:23.478+0800][162.150s] GC(13) Metaspace: 70942K->70942K(1114112K)
[2024-04-13T09:38:23.478+0800][162.150s] GC(13) Pause Young (Normal) (G1 Evacuation Pause) 349M->54M(512M) 5.814ms
[2024-04-13T09:38:23.478+0800][162.150s] GC(13) User=0.02s Sys=0.00s Real=0.01s
[2024-04-13T09:38:25.995+0800][164.667s] GC(14) Pause Young (Normal) (G1 Evacuation Pause)
[2024-04-13T09:38:25.995+0800][164.667s] GC(14) Using 10 workers of 10 for evacuation
[2024-04-13T09:38:26.000+0800][164.671s] GC(14)   Pre Evacuate Collection Set: 0.0ms
[2024-04-13T09:38:26.000+0800][164.671s] GC(14)   Evacuate Collection Set: 2.2ms
[2024-04-13T09:38:26.000+0800][164.671s] GC(14)   Post Evacuate Collection Set: 1.4ms
[2024-04-13T09:38:26.000+0800][164.671s] GC(14)   Other: 0.6ms
[2024-04-13T09:38:26.000+0800][164.671s] GC(14) Eden regions: 294->0(305)
[2024-04-13T09:38:26.000+0800][164.671s] GC(14) Survivor regions: 13->2(39)
[2024-04-13T09:38:26.000+0800][164.671s] GC(14) Old regions: 39->39
[2024-04-13T09:38:26.000+0800][164.671s] GC(14) Humongous regions: 4->4
[2024-04-13T09:38:26.000+0800][164.671s] GC(14) Metaspace: 71060K->71060K(1114112K)
[2024-04-13T09:38:26.000+0800][164.671s] GC(14) Pause Young (Normal) (G1 Evacuation Pause) 348M->44M(512M) 4.836ms
[2024-04-13T09:38:26.001+0800][164.672s] GC(14) User=0.00s Sys=0.00s Real=0.01s
[2024-04-13T09:42:02.288+0800][380.960s] GC(15) Pause Young (Normal) (G1 Evacuation Pause)
[2024-04-13T09:42:02.288+0800][380.960s] GC(15) Using 10 workers of 10 for evacuation
[2024-04-13T09:42:02.294+0800][380.965s] GC(15)   Pre Evacuate Collection Set: 0.0ms
[2024-04-13T09:42:02.294+0800][380.966s] GC(15)   Evacuate Collection Set: 4.5ms
[2024-04-13T09:42:02.294+0800][380.966s] GC(15)   Post Evacuate Collection Set: 1.0ms
[2024-04-13T09:42:02.294+0800][380.966s] GC(15)   Other: 0.4ms
[2024-04-13T09:42:02.294+0800][380.966s] GC(15) Eden regions: 305->0(288)
[2024-04-13T09:42:02.294+0800][380.966s] GC(15) Survivor regions: 2->19(39)
[2024-04-13T09:42:02.294+0800][380.966s] GC(15) Old regions: 39->39
[2024-04-13T09:42:02.294+0800][380.966s] GC(15) Humongous regions: 6->6
[2024-04-13T09:42:02.294+0800][380.966s] GC(15) Metaspace: 71863K->71863K(1114112K)
[2024-04-13T09:42:02.295+0800][380.966s] GC(15) Pause Young (Normal) (G1 Evacuation Pause) 351M->62M(512M) 6.246ms
[2024-04-13T09:42:02.295+0800][380.966s] GC(15) User=0.00s Sys=0.00s Real=0.01s
[2024-04-13T09:42:04.342+0800][383.014s] GC(16) Pause Young (Normal) (G1 Evacuation Pause)
[2024-04-13T09:42:04.342+0800][383.014s] GC(16) Using 10 workers of 10 for evacuation
[2024-04-13T09:42:04.348+0800][383.019s] GC(16)   Pre Evacuate Collection Set: 0.0ms
[2024-04-13T09:42:04.348+0800][383.019s] GC(16)   Evacuate Collection Set: 3.5ms
[2024-04-13T09:42:04.348+0800][383.019s] GC(16)   Post Evacuate Collection Set: 0.9ms
[2024-04-13T09:42:04.348+0800][383.019s] GC(16)   Other: 0.4ms
[2024-04-13T09:42:04.348+0800][383.019s] GC(16) Eden regions: 288->0(293)
[2024-04-13T09:42:04.348+0800][383.019s] GC(16) Survivor regions: 19->14(39)
[2024-04-13T09:42:04.348+0800][383.019s] GC(16) Old regions: 39->39
[2024-04-13T09:42:04.348+0800][383.019s] GC(16) Humongous regions: 6->4
[2024-04-13T09:42:04.348+0800][383.019s] GC(16) Metaspace: 71931K->71931K(1114112K)
[2024-04-13T09:42:04.348+0800][383.019s] GC(16) Pause Young (Normal) (G1 Evacuation Pause) 350M->56M(512M) 5.350ms
[2024-04-13T09:42:04.348+0800][383.019s] GC(16) User=0.02s Sys=0.00s Real=0.01s
[2024-04-13T09:42:05.974+0800][384.646s] GC(17) Pause Young (Normal) (G1 Evacuation Pause)
[2024-04-13T09:42:05.975+0800][384.646s] GC(17) Using 10 workers of 10 for evacuation
[2024-04-13T09:42:05.980+0800][384.651s] GC(17)   Pre Evacuate Collection Set: 0.0ms
[2024-04-13T09:42:05.980+0800][384.651s] GC(17)   Evacuate Collection Set: 3.4ms
[2024-04-13T09:42:05.980+0800][384.651s] GC(17)   Post Evacuate Collection Set: 0.9ms
[2024-04-13T09:42:05.980+0800][384.651s] GC(17)   Other: 0.3ms
[2024-04-13T09:42:05.980+0800][384.651s] GC(17) Eden regions: 293->0(296)
[2024-04-13T09:42:05.980+0800][384.651s] GC(17) Survivor regions: 14->11(39)
[2024-04-13T09:42:05.980+0800][384.651s] GC(17) Old regions: 39->39
[2024-04-13T09:42:05.980+0800][384.651s] GC(17) Humongous regions: 6->4
[2024-04-13T09:42:05.980+0800][384.651s] GC(17) Metaspace: 71963K->71963K(1114112K)
[2024-04-13T09:42:05.980+0800][384.651s] GC(17) Pause Young (Normal) (G1 Evacuation Pause) 351M->52M(512M) 5.219ms
[2024-04-13T09:42:05.980+0800][384.652s] GC(17) User=0.00s Sys=0.00s Real=0.01s
[2024-04-13T09:42:07.761+0800][386.432s] GC(18) Pause Young (Normal) (G1 Evacuation Pause)
[2024-04-13T09:42:07.761+0800][386.432s] GC(18) Using 10 workers of 10 for evacuation
[2024-04-13T09:42:07.765+0800][386.436s] GC(18)   Pre Evacuate Collection Set: 0.0ms
[2024-04-13T09:42:07.765+0800][386.436s] GC(18)   Evacuate Collection Set: 2.6ms
[2024-04-13T09:42:07.765+0800][386.436s] GC(18)   Post Evacuate Collection Set: 0.7ms
[2024-04-13T09:42:07.765+0800][386.436s] GC(18)   Other: 0.4ms
[2024-04-13T09:42:07.765+0800][386.436s] GC(18) Eden regions: 296->0(305)
[2024-04-13T09:42:07.765+0800][386.436s] GC(18) Survivor regions: 11->2(39)
[2024-04-13T09:42:07.765+0800][386.436s] GC(18) Old regions: 39->39
[2024-04-13T09:42:07.765+0800][386.436s] GC(18) Humongous regions: 4->4
[2024-04-13T09:42:07.765+0800][386.436s] GC(18) Metaspace: 71994K->71994K(1114112K)
[2024-04-13T09:42:07.765+0800][386.436s] GC(18) Pause Young (Normal) (G1 Evacuation Pause) 348M->44M(512M) 4.025ms
[2024-04-13T09:42:07.765+0800][386.436s] GC(18) User=0.00s Sys=0.00s Real=0.00s
[2024-04-13T09:47:21.682+0800][700.354s] GC(19) Pause Young (Normal) (G1 Evacuation Pause)
[2024-04-13T09:47:21.682+0800][700.354s] GC(19) Using 10 workers of 10 for evacuation
[2024-04-13T09:47:21.689+0800][700.361s] GC(19)   Pre Evacuate Collection Set: 0.1ms
[2024-04-13T09:47:21.689+0800][700.361s] GC(19)   Evacuate Collection Set: 4.9ms
[2024-04-13T09:47:21.689+0800][700.361s] GC(19)   Post Evacuate Collection Set: 1.2ms
[2024-04-13T09:47:21.689+0800][700.361s] GC(19)   Other: 0.9ms
[2024-04-13T09:47:21.689+0800][700.361s] GC(19) Eden regions: 305->0(292)
[2024-04-13T09:47:21.689+0800][700.361s] GC(19) Survivor regions: 2->15(39)
[2024-04-13T09:47:21.689+0800][700.361s] GC(19) Old regions: 39->39
[2024-04-13T09:47:21.690+0800][700.361s] GC(19) Humongous regions: 6->6
[2024-04-13T09:47:21.690+0800][700.361s] GC(19) Metaspace: 72200K->72200K(1114112K)
[2024-04-13T09:47:21.690+0800][700.361s] GC(19) Pause Young (Normal) (G1 Evacuation Pause) 351M->59M(512M) 7.565ms
[2024-04-13T09:47:21.690+0800][700.361s] GC(19) User=0.05s Sys=0.00s Real=0.01s
[2024-04-13T09:47:23.435+0800][702.107s] GC(20) Pause Young (Normal) (G1 Evacuation Pause)
[2024-04-13T09:47:23.435+0800][702.107s] GC(20) Using 10 workers of 10 for evacuation
[2024-04-13T09:47:23.442+0800][702.113s] GC(20)   Pre Evacuate Collection Set: 0.0ms
[2024-04-13T09:47:23.442+0800][702.113s] GC(20)   Evacuate Collection Set: 4.5ms
[2024-04-13T09:47:23.442+0800][702.113s] GC(20)   Post Evacuate Collection Set: 1.4ms
[2024-04-13T09:47:23.442+0800][702.113s] GC(20)   Other: 0.4ms
[2024-04-13T09:47:23.442+0800][702.113s] GC(20) Eden regions: 292->0(296)
[2024-04-13T09:47:23.442+0800][702.113s] GC(20) Survivor regions: 15->11(39)
[2024-04-13T09:47:23.442+0800][702.113s] GC(20) Old regions: 39->39
[2024-04-13T09:47:23.442+0800][702.113s] GC(20) Humongous regions: 6->4
[2024-04-13T09:47:23.442+0800][702.113s] GC(20) Metaspace: 72237K->72237K(1114112K)
[2024-04-13T09:47:23.442+0800][702.113s] GC(20) Pause Young (Normal) (G1 Evacuation Pause) 351M->53M(512M) 6.826ms
[2024-04-13T09:47:23.442+0800][702.113s] GC(20) User=0.08s Sys=0.00s Real=0.01s
[2024-04-13T09:47:25.766+0800][704.437s] GC(21) Pause Young (Normal) (G1 Evacuation Pause)
[2024-04-13T09:47:25.766+0800][704.437s] GC(21) Using 10 workers of 10 for evacuation
[2024-04-13T09:47:25.770+0800][704.441s] GC(21)   Pre Evacuate Collection Set: 0.1ms
[2024-04-13T09:47:25.770+0800][704.441s] GC(21)   Evacuate Collection Set: 2.6ms
[2024-04-13T09:47:25.770+0800][704.441s] GC(21)   Post Evacuate Collection Set: 0.8ms
[2024-04-13T09:47:25.770+0800][704.441s] GC(21)   Other: 0.4ms
[2024-04-13T09:47:25.770+0800][704.441s] GC(21) Eden regions: 296->0(299)
[2024-04-13T09:47:25.770+0800][704.441s] GC(21) Survivor regions: 11->8(39)
[2024-04-13T09:47:25.770+0800][704.441s] GC(21) Old regions: 39->39
[2024-04-13T09:47:25.770+0800][704.441s] GC(21) Humongous regions: 4->4
[2024-04-13T09:47:25.770+0800][704.441s] GC(21) Metaspace: 72266K->72266K(1114112K)
[2024-04-13T09:47:25.770+0800][704.441s] GC(21) Pause Young (Normal) (G1 Evacuation Pause) 349M->50M(512M) 4.320ms
[2024-04-13T09:47:25.770+0800][704.441s] GC(21) User=0.02s Sys=0.00s Real=0.00s
[2024-04-13T09:47:27.726+0800][706.398s] GC(22) Pause Young (Normal) (G1 Evacuation Pause)
[2024-04-13T09:47:27.726+0800][706.398s] GC(22) Using 10 workers of 10 for evacuation
[2024-04-13T09:47:27.730+0800][706.402s] GC(22)   Pre Evacuate Collection Set: 0.0ms
[2024-04-13T09:47:27.730+0800][706.402s] GC(22)   Evacuate Collection Set: 2.8ms
[2024-04-13T09:47:27.730+0800][706.402s] GC(22)   Post Evacuate Collection Set: 1.1ms
[2024-04-13T09:47:27.730+0800][706.402s] GC(22)   Other: 0.4ms
[2024-04-13T09:47:27.730+0800][706.402s] GC(22) Eden regions: 299->0(294)
[2024-04-13T09:47:27.730+0800][706.402s] GC(22) Survivor regions: 8->13(39)
[2024-04-13T09:47:27.730+0800][706.402s] GC(22) Old regions: 39->39
[2024-04-13T09:47:27.730+0800][706.402s] GC(22) Humongous regions: 4->4
[2024-04-13T09:47:27.731+0800][706.402s] GC(22) Metaspace: 72283K->72283K(1114112K)
[2024-04-13T09:47:27.731+0800][706.402s] GC(22) Pause Young (Normal) (G1 Evacuation Pause) 349M->54M(512M) 4.787ms
[2024-04-13T09:47:27.731+0800][706.402s] GC(22) User=0.00s Sys=0.00s Real=0.00s
[2024-04-13T10:01:32.123+0800][1550.795s] GC(23) Pause Young (Normal) (G1 Evacuation Pause)
[2024-04-13T10:01:32.123+0800][1550.795s] GC(23) Using 10 workers of 10 for evacuation
[2024-04-13T10:01:32.127+0800][1550.799s] GC(23)   Pre Evacuate Collection Set: 0.0ms
[2024-04-13T10:01:32.127+0800][1550.799s] GC(23)   Evacuate Collection Set: 2.5ms
[2024-04-13T10:01:32.127+0800][1550.799s] GC(23)   Post Evacuate Collection Set: 1.0ms
[2024-04-13T10:01:32.127+0800][1550.799s] GC(23)   Other: 0.3ms
[2024-04-13T10:01:32.127+0800][1550.799s] GC(23) Eden regions: 294->0(294)
[2024-04-13T10:01:32.127+0800][1550.799s] GC(23) Survivor regions: 13->13(39)
[2024-04-13T10:01:32.127+0800][1550.799s] GC(23) Old regions: 39->39
[2024-04-13T10:01:32.127+0800][1550.799s] GC(23) Humongous regions: 4->4
[2024-04-13T10:01:32.127+0800][1550.799s] GC(23) Metaspace: 72630K->72630K(1114112K)
[2024-04-13T10:01:32.127+0800][1550.799s] GC(23) Pause Young (Normal) (G1 Evacuation Pause) 348M->54M(512M) 4.048ms
[2024-04-13T10:01:32.127+0800][1550.799s] GC(23) User=0.00s Sys=0.00s Real=0.00s
[2024-04-13T10:01:35.524+0800][1554.195s] GC(24) Pause Young (Normal) (G1 Evacuation Pause)
[2024-04-13T10:01:35.524+0800][1554.195s] GC(24) Using 10 workers of 10 for evacuation
[2024-04-13T10:01:35.534+0800][1554.205s] GC(24)   Pre Evacuate Collection Set: 0.0ms
[2024-04-13T10:01:35.534+0800][1554.205s] GC(24)   Evacuate Collection Set: 7.8ms
[2024-04-13T10:01:35.534+0800][1554.205s] GC(24)   Post Evacuate Collection Set: 1.3ms
[2024-04-13T10:01:35.534+0800][1554.205s] GC(24)   Other: 0.4ms
[2024-04-13T10:01:35.534+0800][1554.205s] GC(24) Eden regions: 294->0(276)
[2024-04-13T10:01:35.534+0800][1554.205s] GC(24) Survivor regions: 13->31(39)
[2024-04-13T10:01:35.534+0800][1554.205s] GC(24) Old regions: 39->39
[2024-04-13T10:01:35.534+0800][1554.205s] GC(24) Humongous regions: 6->6
[2024-04-13T10:01:35.534+0800][1554.205s] GC(24) Metaspace: 72632K->72632K(1114112K)
[2024-04-13T10:01:35.534+0800][1554.205s] GC(24) Pause Young (Normal) (G1 Evacuation Pause) 350M->75M(512M) 9.991ms
[2024-04-13T10:01:35.534+0800][1554.205s] GC(24) User=0.02s Sys=0.00s Real=0.01s
[2024-04-13T10:01:36.937+0800][1555.609s] GC(25) Pause Young (Normal) (G1 Evacuation Pause)
[2024-04-13T10:01:36.937+0800][1555.609s] GC(25) Using 10 workers of 10 for evacuation
[2024-04-13T10:01:36.943+0800][1555.614s] GC(25)   Pre Evacuate Collection Set: 0.0ms
[2024-04-13T10:01:36.943+0800][1555.614s] GC(25)   Evacuate Collection Set: 3.9ms
[2024-04-13T10:01:36.943+0800][1555.614s] GC(25)   Post Evacuate Collection Set: 0.9ms
[2024-04-13T10:01:36.943+0800][1555.614s] GC(25)   Other: 0.4ms
[2024-04-13T10:01:36.943+0800][1555.614s] GC(25) Eden regions: 276->0(298)
[2024-04-13T10:01:36.943+0800][1555.614s] GC(25) Survivor regions: 31->9(39)
[2024-04-13T10:01:36.943+0800][1555.614s] GC(25) Old regions: 39->44
[2024-04-13T10:01:36.943+0800][1555.614s] GC(25) Humongous regions: 8->6
[2024-04-13T10:01:36.943+0800][1555.614s] GC(25) Metaspace: 72647K->72647K(1114112K)
[2024-04-13T10:01:36.943+0800][1555.614s] GC(25) Pause Young (Normal) (G1 Evacuation Pause) 353M->57M(512M) 5.699ms
[2024-04-13T10:01:36.943+0800][1555.614s] GC(25) User=0.03s Sys=0.00s Real=0.01s
[2024-04-13T10:01:38.842+0800][1557.514s] GC(26) Pause Young (Normal) (G1 Evacuation Pause)
[2024-04-13T10:01:38.842+0800][1557.514s] GC(26) Using 10 workers of 10 for evacuation
[2024-04-13T10:01:38.845+0800][1557.517s] GC(26)   Pre Evacuate Collection Set: 0.0ms
[2024-04-13T10:01:38.845+0800][1557.517s] GC(26)   Evacuate Collection Set: 2.0ms
[2024-04-13T10:01:38.845+0800][1557.517s] GC(26)   Post Evacuate Collection Set: 0.9ms
[2024-04-13T10:01:38.845+0800][1557.517s] GC(26)   Other: 0.4ms
[2024-04-13T10:01:38.845+0800][1557.517s] GC(26) Eden regions: 298->0(295)
[2024-04-13T10:01:38.845+0800][1557.517s] GC(26) Survivor regions: 9->12(39)
[2024-04-13T10:01:38.845+0800][1557.517s] GC(26) Old regions: 44->44
[2024-04-13T10:01:38.846+0800][1557.517s] GC(26) Humongous regions: 6->6
[2024-04-13T10:01:38.846+0800][1557.517s] GC(26) Metaspace: 72663K->72663K(1116160K)
[2024-04-13T10:01:38.846+0800][1557.517s] GC(26) Pause Young (Normal) (G1 Evacuation Pause) 355M->60M(512M) 3.848ms
[2024-04-13T10:01:38.846+0800][1557.518s] GC(26) User=0.03s Sys=0.00s Real=0.00s
[2024-04-13T10:09:45.682+0800][2044.354s] GC(27) Pause Young (Normal) (G1 Evacuation Pause)
[2024-04-13T10:09:45.682+0800][2044.354s] GC(27) Using 10 workers of 10 for evacuation
[2024-04-13T10:09:45.689+0800][2044.361s] GC(27)   Pre Evacuate Collection Set: 0.1ms
[2024-04-13T10:09:45.689+0800][2044.361s] GC(27)   Evacuate Collection Set: 4.3ms
[2024-04-13T10:09:45.690+0800][2044.361s] GC(27)   Post Evacuate Collection Set: 1.6ms
[2024-04-13T10:09:45.690+0800][2044.361s] GC(27)   Other: 0.4ms
[2024-04-13T10:09:45.690+0800][2044.361s] GC(27) Eden regions: 295->0(295)
[2024-04-13T10:09:45.690+0800][2044.361s] GC(27) Survivor regions: 12->12(39)
[2024-04-13T10:09:45.690+0800][2044.361s] GC(27) Old regions: 44->44
[2024-04-13T10:09:45.690+0800][2044.361s] GC(27) Humongous regions: 6->6
[2024-04-13T10:09:45.690+0800][2044.361s] GC(27) Metaspace: 72907K->72907K(1116160K)
[2024-04-13T10:09:45.690+0800][2044.361s] GC(27) Pause Young (Normal) (G1 Evacuation Pause) 355M->60M(512M) 6.690ms
[2024-04-13T10:09:45.690+0800][2044.361s] GC(27) User=0.02s Sys=0.00s Real=0.01s
[2024-04-13T10:17:01.253+0800][2479.925s] GC(28) Pause Young (Normal) (G1 Evacuation Pause)
[2024-04-13T10:17:01.253+0800][2479.925s] GC(28) Using 10 workers of 10 for evacuation
[2024-04-13T10:17:01.259+0800][2479.931s] GC(28)   Pre Evacuate Collection Set: 0.0ms
[2024-04-13T10:17:01.260+0800][2479.931s] GC(28)   Evacuate Collection Set: 4.7ms
[2024-04-13T10:17:01.260+0800][2479.931s] GC(28)   Post Evacuate Collection Set: 0.8ms
[2024-04-13T10:17:01.260+0800][2479.931s] GC(28)   Other: 0.3ms
[2024-04-13T10:17:01.260+0800][2479.931s] GC(28) Eden regions: 295->0(285)
[2024-04-13T10:17:01.260+0800][2479.931s] GC(28) Survivor regions: 12->22(39)
[2024-04-13T10:17:01.260+0800][2479.931s] GC(28) Old regions: 44->44
[2024-04-13T10:17:01.260+0800][2479.931s] GC(28) Humongous regions: 7->7
[2024-04-13T10:17:01.260+0800][2479.931s] GC(28) Metaspace: 73603K->73603K(1116160K)
[2024-04-13T10:17:01.260+0800][2479.931s] GC(28) Pause Young (Normal) (G1 Evacuation Pause) 356M->72M(512M) 6.060ms
[2024-04-13T10:17:01.260+0800][2479.931s] GC(28) User=0.02s Sys=0.02s Real=0.01s
[2024-04-13T10:17:04.479+0800][2483.150s] GC(29) Pause Young (Normal) (G1 Evacuation Pause)
[2024-04-13T10:17:04.479+0800][2483.150s] GC(29) Using 10 workers of 10 for evacuation
[2024-04-13T10:17:04.484+0800][2483.156s] GC(29)   Pre Evacuate Collection Set: 0.0ms
[2024-04-13T10:17:04.484+0800][2483.156s] GC(29)   Evacuate Collection Set: 4.5ms
[2024-04-13T10:17:04.484+0800][2483.156s] GC(29)   Post Evacuate Collection Set: 0.8ms
[2024-04-13T10:17:04.484+0800][2483.156s] GC(29)   Other: 0.3ms
[2024-04-13T10:17:04.484+0800][2483.156s] GC(29) Eden regions: 285->0(290)
[2024-04-13T10:17:04.484+0800][2483.156s] GC(29) Survivor regions: 22->17(39)
[2024-04-13T10:17:04.484+0800][2483.156s] GC(29) Old regions: 44->48
[2024-04-13T10:17:04.484+0800][2483.156s] GC(29) Humongous regions: 9->7
[2024-04-13T10:17:04.484+0800][2483.156s] GC(29) Metaspace: 73610K->73610K(1116160K)
[2024-04-13T10:17:04.484+0800][2483.156s] GC(29) Pause Young (Normal) (G1 Evacuation Pause) 359M->71M(512M) 5.881ms
[2024-04-13T10:17:04.484+0800][2483.156s] GC(29) User=0.00s Sys=0.00s Real=0.00s
[2024-04-13T10:17:06.736+0800][2485.407s] GC(30) Pause Young (Normal) (G1 Evacuation Pause)
[2024-04-13T10:17:06.736+0800][2485.407s] GC(30) Using 10 workers of 10 for evacuation
[2024-04-13T10:17:06.741+0800][2485.413s] GC(30)   Pre Evacuate Collection Set: 0.0ms
[2024-04-13T10:17:06.742+0800][2485.413s] GC(30)   Evacuate Collection Set: 4.6ms
[2024-04-13T10:17:06.742+0800][2485.413s] GC(30)   Post Evacuate Collection Set: 1.1ms
[2024-04-13T10:17:06.742+0800][2485.413s] GC(30)   Other: 0.3ms
[2024-04-13T10:17:06.742+0800][2485.413s] GC(30) Eden regions: 290->0(285)
[2024-04-13T10:17:06.742+0800][2485.413s] GC(30) Survivor regions: 17->22(39)
[2024-04-13T10:17:06.742+0800][2485.413s] GC(30) Old regions: 48->48
[2024-04-13T10:17:06.742+0800][2485.413s] GC(30) Humongous regions: 9->9
[2024-04-13T10:17:06.742+0800][2485.413s] GC(30) Metaspace: 73614K->73614K(1116160K)
[2024-04-13T10:17:06.742+0800][2485.413s] GC(30) Pause Young (Normal) (G1 Evacuation Pause) 363M->78M(512M) 6.220ms
[2024-04-13T10:17:06.742+0800][2485.413s] GC(30) User=0.00s Sys=0.00s Real=0.01s
[2024-04-13T10:17:08.695+0800][2487.367s] GC(31) Pause Young (Normal) (G1 Evacuation Pause)
[2024-04-13T10:17:08.695+0800][2487.367s] GC(31) Using 10 workers of 10 for evacuation
[2024-04-13T10:17:08.699+0800][2487.371s] GC(31)   Pre Evacuate Collection Set: 0.0ms
[2024-04-13T10:17:08.699+0800][2487.371s] GC(31)   Evacuate Collection Set: 2.9ms
[2024-04-13T10:17:08.699+0800][2487.371s] GC(31)   Post Evacuate Collection Set: 0.8ms
[2024-04-13T10:17:08.699+0800][2487.371s] GC(31)   Other: 0.4ms
[2024-04-13T10:17:08.699+0800][2487.371s] GC(31) Eden regions: 285->0(301)
[2024-04-13T10:17:08.699+0800][2487.371s] GC(31) Survivor regions: 22->6(39)
[2024-04-13T10:17:08.700+0800][2487.371s] GC(31) Old regions: 48->54
[2024-04-13T10:17:08.700+0800][2487.371s] GC(31) Humongous regions: 9->7
[2024-04-13T10:17:08.700+0800][2487.371s] GC(31) Metaspace: 73659K->73659K(1116160K)
[2024-04-13T10:17:08.700+0800][2487.371s] GC(31) Pause Young (Normal) (G1 Evacuation Pause) 363M->65M(512M) 4.643ms
[2024-04-13T10:17:08.700+0800][2487.371s] GC(31) User=0.06s Sys=0.02s Real=0.01s
[2024-04-13T10:17:49.149+0800][2527.820s] GC(32) Pause Young (Normal) (G1 Evacuation Pause)
[2024-04-13T10:17:49.149+0800][2527.820s] GC(32) Using 10 workers of 10 for evacuation
[2024-04-13T10:17:49.152+0800][2527.824s] GC(32)   Pre Evacuate Collection Set: 0.0ms
[2024-04-13T10:17:49.153+0800][2527.824s] GC(32)   Evacuate Collection Set: 2.4ms
[2024-04-13T10:17:49.153+0800][2527.824s] GC(32)   Post Evacuate Collection Set: 1.5ms
[2024-04-13T10:17:49.153+0800][2527.825s] GC(32)   Other: 0.5ms
[2024-04-13T10:17:49.153+0800][2527.825s] GC(32) Eden regions: 301->0(304)
[2024-04-13T10:17:49.153+0800][2527.825s] GC(32) Survivor regions: 6->3(39)
[2024-04-13T10:17:49.153+0800][2527.825s] GC(32) Old regions: 54->54
[2024-04-13T10:17:49.153+0800][2527.825s] GC(32) Humongous regions: 7->7
[2024-04-13T10:17:49.153+0800][2527.825s] GC(32) Metaspace: 73693K->73693K(1116160K)
[2024-04-13T10:17:49.153+0800][2527.825s] GC(32) Pause Young (Normal) (G1 Evacuation Pause) 366M->63M(512M) 5.053ms
[2024-04-13T10:17:49.153+0800][2527.825s] GC(32) User=0.00s Sys=0.00s Real=0.00s
[2024-04-13T10:24:03.908+0800][2902.580s] GC(33) Pause Young (Normal) (G1 Evacuation Pause)
[2024-04-13T10:24:03.908+0800][2902.580s] GC(33) Using 10 workers of 10 for evacuation
[2024-04-13T10:24:03.916+0800][2902.587s] GC(33)   Pre Evacuate Collection Set: 0.0ms
[2024-04-13T10:24:03.916+0800][2902.587s] GC(33)   Evacuate Collection Set: 6.0ms
[2024-04-13T10:24:03.916+0800][2902.587s] GC(33)   Post Evacuate Collection Set: 1.1ms
[2024-04-13T10:24:03.916+0800][2902.588s] GC(33)   Other: 0.3ms
[2024-04-13T10:24:03.916+0800][2902.588s] GC(33) Eden regions: 304->0(281)
[2024-04-13T10:24:03.916+0800][2902.588s] GC(33) Survivor regions: 3->26(39)
[2024-04-13T10:24:03.916+0800][2902.588s] GC(33) Old regions: 54->54
[2024-04-13T10:24:03.916+0800][2902.588s] GC(33) Humongous regions: 9->9
[2024-04-13T10:24:03.916+0800][2902.588s] GC(33) Metaspace: 73728K->73728K(1116160K)
[2024-04-13T10:24:03.916+0800][2902.588s] GC(33) Pause Young (Normal) (G1 Evacuation Pause) 369M->87M(512M) 7.937ms
[2024-04-13T10:24:03.916+0800][2902.588s] GC(33) User=0.00s Sys=0.00s Real=0.01s
[2024-04-13T10:24:05.617+0800][2904.288s] GC(34) Pause Young (Normal) (G1 Evacuation Pause)
[2024-04-13T10:24:05.617+0800][2904.288s] GC(34) Using 10 workers of 10 for evacuation
[2024-04-13T10:24:05.621+0800][2904.293s] GC(34)   Pre Evacuate Collection Set: 0.0ms
[2024-04-13T10:24:05.621+0800][2904.293s] GC(34)   Evacuate Collection Set: 3.6ms
[2024-04-13T10:24:05.621+0800][2904.293s] GC(34)   Post Evacuate Collection Set: 0.6ms
[2024-04-13T10:24:05.621+0800][2904.293s] GC(34)   Other: 0.3ms
[2024-04-13T10:24:05.621+0800][2904.293s] GC(34) Eden regions: 281->0(299)
[2024-04-13T10:24:05.621+0800][2904.293s] GC(34) Survivor regions: 26->8(39)
[2024-04-13T10:24:05.621+0800][2904.293s] GC(34) Old regions: 54->59
[2024-04-13T10:24:05.621+0800][2904.293s] GC(34) Humongous regions: 11->9
[2024-04-13T10:24:05.622+0800][2904.293s] GC(34) Metaspace: 73759K->73759K(1116160K)
[2024-04-13T10:24:05.622+0800][2904.293s] GC(34) Pause Young (Normal) (G1 Evacuation Pause) 370M->75M(512M) 5.046ms
[2024-04-13T10:24:05.622+0800][2904.293s] GC(34) User=0.00s Sys=0.00s Real=0.00s
[2024-04-13T10:31:01.230+0800][3319.902s] GC(35) Pause Young (Normal) (G1 Evacuation Pause)
[2024-04-13T10:31:01.230+0800][3319.902s] GC(35) Using 10 workers of 10 for evacuation
[2024-04-13T10:31:01.236+0800][3319.907s] GC(35)   Pre Evacuate Collection Set: 0.1ms
[2024-04-13T10:31:01.236+0800][3319.908s] GC(35)   Evacuate Collection Set: 4.1ms
[2024-04-13T10:31:01.236+0800][3319.908s] GC(35)   Post Evacuate Collection Set: 0.9ms
[2024-04-13T10:31:01.236+0800][3319.908s] GC(35)   Other: 0.6ms
[2024-04-13T10:31:01.236+0800][3319.908s] GC(35) Eden regions: 299->0(285)
[2024-04-13T10:31:01.236+0800][3319.908s] GC(35) Survivor regions: 8->22(39)
[2024-04-13T10:31:01.236+0800][3319.908s] GC(35) Old regions: 59->59
[2024-04-13T10:31:01.236+0800][3319.908s] GC(35) Humongous regions: 9->9
[2024-04-13T10:31:01.236+0800][3319.908s] GC(35) Metaspace: 73791K->73791K(1116160K)
[2024-04-13T10:31:01.236+0800][3319.908s] GC(35) Pause Young (Normal) (G1 Evacuation Pause) 374M->89M(512M) 5.980ms
[2024-04-13T10:31:01.236+0800][3319.908s] GC(35) User=0.02s Sys=0.00s Real=0.01s
[2024-04-13T10:31:03.887+0800][3322.558s] GC(36) Pause Young (Normal) (G1 Evacuation Pause)
[2024-04-13T10:31:03.887+0800][3322.559s] GC(36) Using 10 workers of 10 for evacuation
[2024-04-13T10:31:03.892+0800][3322.563s] GC(36)   Pre Evacuate Collection Set: 0.0ms
[2024-04-13T10:31:03.892+0800][3322.563s] GC(36)   Evacuate Collection Set: 3.7ms
[2024-04-13T10:31:03.892+0800][3322.563s] GC(36)   Post Evacuate Collection Set: 0.8ms
[2024-04-13T10:31:03.892+0800][3322.563s] GC(36)   Other: 0.3ms
[2024-04-13T10:31:03.892+0800][3322.563s] GC(36) Eden regions: 285->0(294)
[2024-04-13T10:31:03.892+0800][3322.564s] GC(36) Survivor regions: 22->13(39)
[2024-04-13T10:31:03.892+0800][3322.564s] GC(36) Old regions: 59->64
[2024-04-13T10:31:03.892+0800][3322.564s] GC(36) Humongous regions: 11->9
[2024-04-13T10:31:03.892+0800][3322.564s] GC(36) Metaspace: 73798K->73798K(1116160K)
[2024-04-13T10:31:03.892+0800][3322.564s] GC(36) Pause Young (Normal) (G1 Evacuation Pause) 376M->85M(512M) 5.179ms
[2024-04-13T10:31:03.892+0800][3322.564s] GC(36) User=0.00s Sys=0.00s Real=0.00s
[2024-04-13T10:31:05.398+0800][3324.069s] GC(37) Pause Young (Normal) (G1 Evacuation Pause)
[2024-04-13T10:31:05.398+0800][3324.069s] GC(37) Using 10 workers of 10 for evacuation
[2024-04-13T10:31:05.401+0800][3324.073s] GC(37)   Pre Evacuate Collection Set: 0.0ms
[2024-04-13T10:31:05.401+0800][3324.073s] GC(37)   Evacuate Collection Set: 2.7ms
[2024-04-13T10:31:05.401+0800][3324.073s] GC(37)   Post Evacuate Collection Set: 0.9ms
[2024-04-13T10:31:05.401+0800][3324.073s] GC(37)   Other: 0.3ms
[2024-04-13T10:31:05.401+0800][3324.073s] GC(37) Eden regions: 294->0(288)
[2024-04-13T10:31:05.401+0800][3324.073s] GC(37) Survivor regions: 13->19(39)
[2024-04-13T10:31:05.401+0800][3324.073s] GC(37) Old regions: 64->64
[2024-04-13T10:31:05.401+0800][3324.073s] GC(37) Humongous regions: 11->11
[2024-04-13T10:31:05.401+0800][3324.073s] GC(37) Metaspace: 73802K->73802K(1116160K)
[2024-04-13T10:31:05.401+0800][3324.073s] GC(37) Pause Young (Normal) (G1 Evacuation Pause) 381M->93M(512M) 4.225ms
[2024-04-13T10:31:05.402+0800][3324.073s] GC(37) User=0.00s Sys=0.00s Real=0.00s
[2024-04-13T10:37:49.503+0800][3728.174s] GC(38) Pause Young (Normal) (G1 Evacuation Pause)
[2024-04-13T10:37:49.503+0800][3728.174s] GC(38) Using 10 workers of 10 for evacuation
[2024-04-13T10:37:49.507+0800][3728.178s] GC(38)   Pre Evacuate Collection Set: 0.1ms
[2024-04-13T10:37:49.507+0800][3728.178s] GC(38)   Evacuate Collection Set: 3.1ms
[2024-04-13T10:37:49.507+0800][3728.178s] GC(38)   Post Evacuate Collection Set: 1.0ms
[2024-04-13T10:37:49.507+0800][3728.178s] GC(38)   Other: 0.3ms
[2024-04-13T10:37:49.507+0800][3728.178s] GC(38) Eden regions: 288->0(291)
[2024-04-13T10:37:49.507+0800][3728.179s] GC(38) Survivor regions: 19->16(39)
[2024-04-13T10:37:49.507+0800][3728.179s] GC(38) Old regions: 64->64
[2024-04-13T10:37:49.507+0800][3728.179s] GC(38) Humongous regions: 11->9
[2024-04-13T10:37:49.507+0800][3728.179s] GC(38) Metaspace: 73829K->73829K(1116160K)
[2024-04-13T10:37:49.508+0800][3728.179s] GC(38) Pause Young (Normal) (G1 Evacuation Pause) 381M->88M(512M) 4.868ms
[2024-04-13T10:37:49.508+0800][3728.179s] GC(38) User=0.00s Sys=0.00s Real=0.00s
[2024-04-13T10:37:52.395+0800][3731.067s] GC(39) Pause Young (Normal) (G1 Evacuation Pause)
[2024-04-13T10:37:52.395+0800][3731.067s] GC(39) Using 10 workers of 10 for evacuation
[2024-04-13T10:37:52.399+0800][3731.071s] GC(39)   Pre Evacuate Collection Set: 0.0ms
[2024-04-13T10:37:52.399+0800][3731.071s] GC(39)   Evacuate Collection Set: 3.0ms
[2024-04-13T10:37:52.399+0800][3731.071s] GC(39)   Post Evacuate Collection Set: 1.0ms
[2024-04-13T10:37:52.399+0800][3731.071s] GC(39)   Other: 0.3ms
[2024-04-13T10:37:52.399+0800][3731.071s] GC(39) Eden regions: 291->0(293)
[2024-04-13T10:37:52.399+0800][3731.071s] GC(39) Survivor regions: 16->14(39)
[2024-04-13T10:37:52.399+0800][3731.071s] GC(39) Old regions: 64->64
[2024-04-13T10:37:52.399+0800][3731.071s] GC(39) Humongous regions: 11->9
[2024-04-13T10:37:52.399+0800][3731.071s] GC(39) Metaspace: 73831K->73831K(1116160K)
[2024-04-13T10:37:52.399+0800][3731.071s] GC(39) Pause Young (Normal) (G1 Evacuation Pause) 381M->86M(512M) 4.600ms
[2024-04-13T10:37:52.399+0800][3731.071s] GC(39) User=0.00s Sys=0.00s Real=0.00s
[2024-04-13T10:37:54.604+0800][3733.276s] GC(40) Pause Young (Normal) (G1 Evacuation Pause)
[2024-04-13T10:37:54.604+0800][3733.276s] GC(40) Using 10 workers of 10 for evacuation
[2024-04-13T10:37:54.607+0800][3733.278s] GC(40)   Pre Evacuate Collection Set: 0.0ms
[2024-04-13T10:37:54.607+0800][3733.278s] GC(40)   Evacuate Collection Set: 1.5ms
[2024-04-13T10:37:54.607+0800][3733.278s] GC(40)   Post Evacuate Collection Set: 0.8ms
[2024-04-13T10:37:54.607+0800][3733.279s] GC(40)   Other: 0.3ms
[2024-04-13T10:37:54.607+0800][3733.279s] GC(40) Eden regions: 293->0(301)
[2024-04-13T10:37:54.607+0800][3733.279s] GC(40) Survivor regions: 14->6(39)
[2024-04-13T10:37:54.607+0800][3733.279s] GC(40) Old regions: 64->64
[2024-04-13T10:37:54.607+0800][3733.279s] GC(40) Humongous regions: 11->9
[2024-04-13T10:37:54.607+0800][3733.279s] GC(40) Metaspace: 73854K->73854K(1116160K)
[2024-04-13T10:37:54.607+0800][3733.279s] GC(40) Pause Young (Normal) (G1 Evacuation Pause) 381M->78M(512M) 2.885ms
[2024-04-13T10:37:54.607+0800][3733.279s] GC(40) User=0.00s Sys=0.00s Real=0.00s
[2024-04-13T10:39:18.103+0800][3816.775s] GC(41) Pause Young (Normal) (G1 Evacuation Pause)
[2024-04-13T10:39:18.103+0800][3816.775s] GC(41) Using 10 workers of 10 for evacuation
[2024-04-13T10:39:18.110+0800][3816.781s] GC(41)   Pre Evacuate Collection Set: 0.0ms
[2024-04-13T10:39:18.110+0800][3816.781s] GC(41)   Evacuate Collection Set: 5.3ms
[2024-04-13T10:39:18.110+0800][3816.781s] GC(41)   Post Evacuate Collection Set: 0.8ms
[2024-04-13T10:39:18.110+0800][3816.781s] GC(41)   Other: 0.4ms
[2024-04-13T10:39:18.110+0800][3816.781s] GC(41) Eden regions: 301->0(276)
[2024-04-13T10:39:18.110+0800][3816.781s] GC(41) Survivor regions: 6->31(39)
[2024-04-13T10:39:18.110+0800][3816.781s] GC(41) Old regions: 64->64
[2024-04-13T10:39:18.110+0800][3816.782s] GC(41) Humongous regions: 11->11
[2024-04-13T10:39:18.110+0800][3816.782s] GC(41) Metaspace: 73905K->73905K(1116160K)
[2024-04-13T10:39:18.110+0800][3816.782s] GC(41) Pause Young (Normal) (G1 Evacuation Pause) 381M->105M(512M) 6.853ms
[2024-04-13T10:39:18.111+0800][3816.782s] GC(41) User=0.00s Sys=0.02s Real=0.01s
[2024-04-13T10:39:19.550+0800][3818.221s] GC(42) Pause Young (Normal) (G1 Evacuation Pause)
[2024-04-13T10:39:19.550+0800][3818.221s] GC(42) Using 10 workers of 10 for evacuation
[2024-04-13T10:39:19.555+0800][3818.226s] GC(42)   Pre Evacuate Collection Set: 0.0ms
[2024-04-13T10:39:19.555+0800][3818.226s] GC(42)   Evacuate Collection Set: 4.1ms
[2024-04-13T10:39:19.555+0800][3818.226s] GC(42)   Post Evacuate Collection Set: 0.7ms
[2024-04-13T10:39:19.555+0800][3818.226s] GC(42)   Other: 0.3ms
[2024-04-13T10:39:19.555+0800][3818.226s] GC(42) Eden regions: 276->0(298)
[2024-04-13T10:39:19.555+0800][3818.226s] GC(42) Survivor regions: 31->9(39)
[2024-04-13T10:39:19.555+0800][3818.226s] GC(42) Old regions: 64->72
[2024-04-13T10:39:19.555+0800][3818.226s] GC(42) Humongous regions: 11->9
[2024-04-13T10:39:19.555+0800][3818.226s] GC(42) Metaspace: 73929K->73929K(1116160K)
[2024-04-13T10:39:19.555+0800][3818.226s] GC(42) Pause Young (Normal) (G1 Evacuation Pause) 381M->88M(512M) 5.456ms
[2024-04-13T10:39:19.555+0800][3818.227s] GC(42) User=0.00s Sys=0.00s Real=0.01s
[2024-04-13T10:49:55.394+0800][4454.066s] GC(43) Pause Young (Normal) (G1 Evacuation Pause)
[2024-04-13T10:49:55.394+0800][4454.066s] GC(43) Using 10 workers of 10 for evacuation
[2024-04-13T10:49:55.400+0800][4454.072s] GC(43)   Pre Evacuate Collection Set: 0.1ms
[2024-04-13T10:49:55.400+0800][4454.072s] GC(43)   Evacuate Collection Set: 4.6ms
[2024-04-13T10:49:55.400+0800][4454.072s] GC(43)   Post Evacuate Collection Set: 0.9ms
[2024-04-13T10:49:55.400+0800][4454.072s] GC(43)   Other: 0.5ms
[2024-04-13T10:49:55.400+0800][4454.072s] GC(43) Eden regions: 298->0(283)
[2024-04-13T10:49:55.400+0800][4454.072s] GC(43) Survivor regions: 9->24(39)
[2024-04-13T10:49:55.400+0800][4454.072s] GC(43) Old regions: 72->72
[2024-04-13T10:49:55.400+0800][4454.072s] GC(43) Humongous regions: 11->11
[2024-04-13T10:49:55.400+0800][4454.072s] GC(43) Metaspace: 74119K->74119K(1116160K)
[2024-04-13T10:49:55.400+0800][4454.072s] GC(43) Pause Young (Normal) (G1 Evacuation Pause) 388M->106M(512M) 6.401ms
[2024-04-13T10:49:55.400+0800][4454.072s] GC(43) User=0.00s Sys=0.00s Real=0.01s
[2024-04-13T10:49:57.365+0800][4456.036s] GC(44) Pause Young (Normal) (G1 Evacuation Pause)
[2024-04-13T10:49:57.365+0800][4456.036s] GC(44) Using 10 workers of 10 for evacuation
[2024-04-13T10:49:57.371+0800][4456.043s] GC(44)   Pre Evacuate Collection Set: 0.0ms
[2024-04-13T10:49:57.371+0800][4456.043s] GC(44)   Evacuate Collection Set: 5.5ms
[2024-04-13T10:49:57.371+0800][4456.043s] GC(44)   Post Evacuate Collection Set: 1.0ms
[2024-04-13T10:49:57.371+0800][4456.043s] GC(44)   Other: 0.4ms
[2024-04-13T10:49:57.371+0800][4456.043s] GC(44) Eden regions: 283->0(296)
[2024-04-13T10:49:57.371+0800][4456.043s] GC(44) Survivor regions: 24->11(39)
[2024-04-13T10:49:57.371+0800][4456.043s] GC(44) Old regions: 72->80
[2024-04-13T10:49:57.371+0800][4456.043s] GC(44) Humongous regions: 11->9
[2024-04-13T10:49:57.371+0800][4456.043s] GC(44) Metaspace: 74122K->74122K(1116160K)
[2024-04-13T10:49:57.371+0800][4456.043s] GC(44) Pause Young (Normal) (G1 Evacuation Pause) 389M->98M(512M) 7.257ms
[2024-04-13T10:49:57.371+0800][4456.043s] GC(44) User=0.00s Sys=0.00s Real=0.01s
[2024-04-13T10:49:59.337+0800][4458.009s] GC(45) Pause Young (Normal) (G1 Evacuation Pause)
[2024-04-13T10:49:59.337+0800][4458.009s] GC(45) Using 10 workers of 10 for evacuation
[2024-04-13T10:49:59.342+0800][4458.013s] GC(45)   Pre Evacuate Collection Set: 0.0ms
[2024-04-13T10:49:59.342+0800][4458.014s] GC(45)   Evacuate Collection Set: 3.5ms
[2024-04-13T10:49:59.342+0800][4458.014s] GC(45)   Post Evacuate Collection Set: 0.8ms
[2024-04-13T10:49:59.342+0800][4458.014s] GC(45)   Other: 0.3ms
[2024-04-13T10:49:59.342+0800][4458.014s] GC(45) Eden regions: 296->0(293)
[2024-04-13T10:49:59.342+0800][4458.014s] GC(45) Survivor regions: 11->14(39)
[2024-04-13T10:49:59.342+0800][4458.014s] GC(45) Old regions: 80->80
[2024-04-13T10:49:59.342+0800][4458.014s] GC(45) Humongous regions: 11->11
[2024-04-13T10:49:59.342+0800][4458.014s] GC(45) Metaspace: 74126K->74126K(1116160K)
[2024-04-13T10:49:59.342+0800][4458.014s] GC(45) Pause Young (Normal) (G1 Evacuation Pause) 396M->103M(512M) 4.989ms
[2024-04-13T10:49:59.342+0800][4458.014s] GC(45) User=0.00s Sys=0.00s Real=0.01s
[2024-04-13T10:50:51.474+0800][4510.145s] GC(46) Pause Young (Normal) (G1 Evacuation Pause)
[2024-04-13T10:50:51.474+0800][4510.145s] GC(46) Using 10 workers of 10 for evacuation
[2024-04-13T10:50:51.478+0800][4510.149s] GC(46)   Pre Evacuate Collection Set: 0.0ms
[2024-04-13T10:50:51.478+0800][4510.149s] GC(46)   Evacuate Collection Set: 3.0ms
[2024-04-13T10:50:51.478+0800][4510.149s] GC(46)   Post Evacuate Collection Set: 0.7ms
[2024-04-13T10:50:51.478+0800][4510.150s] GC(46)   Other: 0.3ms
[2024-04-13T10:50:51.478+0800][4510.150s] GC(46) Eden regions: 293->0(291)
[2024-04-13T10:50:51.478+0800][4510.150s] GC(46) Survivor regions: 14->16(39)
[2024-04-13T10:50:51.478+0800][4510.150s] GC(46) Old regions: 80->80
[2024-04-13T10:50:51.478+0800][4510.150s] GC(46) Humongous regions: 13->11
[2024-04-13T10:50:51.478+0800][4510.150s] GC(46) Metaspace: 74159K->74159K(1116160K)
[2024-04-13T10:50:51.478+0800][4510.150s] GC(46) Pause Young (Normal) (G1 Evacuation Pause) 398M->106M(512M) 4.362ms
[2024-04-13T10:50:51.478+0800][4510.150s] GC(46) User=0.00s Sys=0.00s Real=0.00s
[2024-04-13T10:50:53.621+0800][4512.293s] GC(47) Pause Young (Normal) (G1 Evacuation Pause)
[2024-04-13T10:50:53.622+0800][4512.293s] GC(47) Using 10 workers of 10 for evacuation
[2024-04-13T10:50:53.624+0800][4512.296s] GC(47)   Pre Evacuate Collection Set: 0.0ms
[2024-04-13T10:50:53.624+0800][4512.296s] GC(47)   Evacuate Collection Set: 1.8ms
[2024-04-13T10:50:53.624+0800][4512.296s] GC(47)   Post Evacuate Collection Set: 0.9ms
[2024-04-13T10:50:53.624+0800][4512.296s] GC(47)   Other: 0.3ms
[2024-04-13T10:50:53.624+0800][4512.296s] GC(47) Eden regions: 291->0(296)
[2024-04-13T10:50:53.624+0800][4512.296s] GC(47) Survivor regions: 16->11(39)
[2024-04-13T10:50:53.624+0800][4512.296s] GC(47) Old regions: 80->80
[2024-04-13T10:50:53.624+0800][4512.296s] GC(47) Humongous regions: 11->9
[2024-04-13T10:50:53.624+0800][4512.296s] GC(47) Metaspace: 74162K->74162K(1116160K)
[2024-04-13T10:50:53.624+0800][4512.296s] GC(47) Pause Young (Normal) (G1 Evacuation Pause) 397M->99M(512M) 3.352ms
[2024-04-13T10:50:53.624+0800][4512.296s] GC(47) User=0.00s Sys=0.00s Real=0.00s
[2024-04-13T10:55:33.622+0800][4792.294s] GC(48) Pause Young (Normal) (G1 Evacuation Pause)
[2024-04-13T10:55:33.622+0800][4792.294s] GC(48) Using 10 workers of 10 for evacuation
[2024-04-13T10:55:33.625+0800][4792.297s] GC(48)   Pre Evacuate Collection Set: 0.1ms
[2024-04-13T10:55:33.625+0800][4792.297s] GC(48)   Evacuate Collection Set: 1.8ms
[2024-04-13T10:55:33.625+0800][4792.297s] GC(48)   Post Evacuate Collection Set: 1.0ms
[2024-04-13T10:55:33.625+0800][4792.297s] GC(48)   Other: 0.3ms
[2024-04-13T10:55:33.625+0800][4792.297s] GC(48) Eden regions: 296->0(300)
[2024-04-13T10:55:33.625+0800][4792.297s] GC(48) Survivor regions: 11->7(39)
[2024-04-13T10:55:33.625+0800][4792.297s] GC(48) Old regions: 80->80
[2024-04-13T10:55:33.625+0800][4792.297s] GC(48) Humongous regions: 11->9
[2024-04-13T10:55:33.625+0800][4792.297s] GC(48) Metaspace: 74210K->74210K(1116160K)
[2024-04-13T10:55:33.625+0800][4792.297s] GC(48) Pause Young (Normal) (G1 Evacuation Pause) 397M->94M(512M) 3.546ms
[2024-04-13T10:55:33.626+0800][4792.297s] GC(48) User=0.00s Sys=0.00s Real=0.00s
[2024-04-13T10:55:36.744+0800][4795.415s] GC(49) Pause Young (Normal) (G1 Evacuation Pause)
[2024-04-13T10:55:36.744+0800][4795.415s] GC(49) Using 10 workers of 10 for evacuation
[2024-04-13T10:55:36.746+0800][4795.418s] GC(49)   Pre Evacuate Collection Set: 0.0ms
[2024-04-13T10:55:36.746+0800][4795.418s] GC(49)   Evacuate Collection Set: 1.8ms
[2024-04-13T10:55:36.746+0800][4795.418s] GC(49)   Post Evacuate Collection Set: 0.7ms
[2024-04-13T10:55:36.747+0800][4795.418s] GC(49)   Other: 0.3ms
[2024-04-13T10:55:36.747+0800][4795.418s] GC(49) Eden regions: 300->0(297)
[2024-04-13T10:55:36.747+0800][4795.418s] GC(49) Survivor regions: 7->10(39)
[2024-04-13T10:55:36.747+0800][4795.418s] GC(49) Old regions: 80->80
[2024-04-13T10:55:36.747+0800][4795.418s] GC(49) Humongous regions: 11->9
[2024-04-13T10:55:36.747+0800][4795.418s] GC(49) Metaspace: 74212K->74212K(1116160K)
[2024-04-13T10:55:36.747+0800][4795.418s] GC(49) Pause Young (Normal) (G1 Evacuation Pause) 396M->97M(512M) 3.127ms
[2024-04-13T10:55:36.747+0800][4795.418s] GC(49) User=0.00s Sys=0.00s Real=0.00s
[2024-04-13T10:55:38.705+0800][4797.378s] GC(50) Pause Young (Normal) (G1 Evacuation Pause)
[2024-04-13T10:55:38.705+0800][4797.378s] GC(50) Using 10 workers of 10 for evacuation
[2024-04-13T10:55:38.710+0800][4797.381s] GC(50)   Pre Evacuate Collection Set: 0.0ms
[2024-04-13T10:55:38.710+0800][4797.381s] GC(50)   Evacuate Collection Set: 2.3ms
[2024-04-13T10:55:38.710+0800][4797.381s] GC(50)   Post Evacuate Collection Set: 0.8ms
[2024-04-13T10:55:38.710+0800][4797.381s] GC(50)   Other: 0.3ms
[2024-04-13T10:55:38.710+0800][4797.381s] GC(50) Eden regions: 297->0(292)
[2024-04-13T10:55:38.710+0800][4797.381s] GC(50) Survivor regions: 10->15(39)
[2024-04-13T10:55:38.710+0800][4797.381s] GC(50) Old regions: 80->80
[2024-04-13T10:55:38.710+0800][4797.381s] GC(50) Humongous regions: 11->11
[2024-04-13T10:55:38.710+0800][4797.381s] GC(50) Metaspace: 74214K->74214K(1116160K)
[2024-04-13T10:55:38.710+0800][4797.381s] GC(50) Pause Young (Normal) (G1 Evacuation Pause) 396M->104M(512M) 3.792ms
[2024-04-13T10:55:38.710+0800][4797.381s] GC(50) User=0.00s Sys=0.00s Real=0.01s
[2024-04-13T10:55:40.365+0800][4799.036s] GC(51) Pause Young (Normal) (G1 Evacuation Pause)
[2024-04-13T10:55:40.365+0800][4799.036s] GC(51) Using 10 workers of 10 for evacuation
[2024-04-13T10:55:40.367+0800][4799.038s] GC(51)   Pre Evacuate Collection Set: 0.0ms
[2024-04-13T10:55:40.367+0800][4799.038s] GC(51)   Evacuate Collection Set: 1.1ms
[2024-04-13T10:55:40.368+0800][4799.038s] GC(51)   Post Evacuate Collection Set: 0.6ms
[2024-04-13T10:55:40.368+0800][4799.038s] GC(51)   Other: 0.3ms
[2024-04-13T10:55:40.368+0800][4799.039s] GC(51) Eden regions: 292->0(303)
[2024-04-13T10:55:40.368+0800][4799.039s] GC(51) Survivor regions: 15->4(39)
[2024-04-13T10:55:40.368+0800][4799.039s] GC(51) Old regions: 80->80
[2024-04-13T10:55:40.368+0800][4799.039s] GC(51) Humongous regions: 11->9
[2024-04-13T10:55:40.368+0800][4799.039s] GC(51) Metaspace: 74247K->74247K(1116160K)
[2024-04-13T10:55:40.368+0800][4799.039s] GC(51) Pause Young (Normal) (G1 Evacuation Pause) 396M->91M(512M) 2.248ms
[2024-04-13T10:55:40.368+0800][4799.039s] GC(51) User=0.00s Sys=0.00s Real=0.00s
[2024-04-13T11:04:30.447+0800][5329.119s] GC(52) Pause Young (Normal) (G1 Evacuation Pause)
[2024-04-13T11:04:30.448+0800][5329.119s] GC(52) Using 10 workers of 10 for evacuation
[2024-04-13T11:04:30.450+0800][5329.122s] GC(52)   Pre Evacuate Collection Set: 0.1ms
[2024-04-13T11:04:30.450+0800][5329.122s] GC(52)   Evacuate Collection Set: 1.5ms
[2024-04-13T11:04:30.450+0800][5329.122s] GC(52)   Post Evacuate Collection Set: 0.9ms
[2024-04-13T11:04:30.450+0800][5329.122s] GC(52)   Other: 0.5ms
[2024-04-13T11:04:30.450+0800][5329.122s] GC(52) Eden regions: 303->0(304)
[2024-04-13T11:04:30.450+0800][5329.122s] GC(52) Survivor regions: 4->3(39)
[2024-04-13T11:04:30.451+0800][5329.122s] GC(52) Old regions: 80->80
[2024-04-13T11:04:30.451+0800][5329.122s] GC(52) Humongous regions: 9->9
[2024-04-13T11:04:30.451+0800][5329.122s] GC(52) Metaspace: 74326K->74326K(1116160K)
[2024-04-13T11:04:30.451+0800][5329.122s] GC(52) Pause Young (Normal) (G1 Evacuation Pause) 394M->90M(512M) 3.325ms
[2024-04-13T11:04:30.451+0800][5329.122s] GC(52) User=0.00s Sys=0.00s Real=0.00s
[2024-04-13T11:04:34.174+0800][5332.846s] GC(53) Pause Young (Normal) (G1 Evacuation Pause)
[2024-04-13T11:04:34.174+0800][5332.846s] GC(53) Using 10 workers of 10 for evacuation
[2024-04-13T11:04:34.180+0800][5332.851s] GC(53)   Pre Evacuate Collection Set: 0.0ms
[2024-04-13T11:04:34.180+0800][5332.851s] GC(53)   Evacuate Collection Set: 4.6ms
[2024-04-13T11:04:34.180+0800][5332.851s] GC(53)   Post Evacuate Collection Set: 0.9ms
[2024-04-13T11:04:34.180+0800][5332.852s] GC(53)   Other: 0.3ms
[2024-04-13T11:04:34.180+0800][5332.852s] GC(53) Eden regions: 304->0(284)
[2024-04-13T11:04:34.180+0800][5332.852s] GC(53) Survivor regions: 3->23(39)
[2024-04-13T11:04:34.180+0800][5332.852s] GC(53) Old regions: 80->80
[2024-04-13T11:04:34.180+0800][5332.852s] GC(53) Humongous regions: 11->11
[2024-04-13T11:04:34.180+0800][5332.852s] GC(53) Metaspace: 74326K->74326K(1116160K)
[2024-04-13T11:04:34.180+0800][5332.852s] GC(53) Pause Young (Normal) (G1 Evacuation Pause) 396M->113M(512M) 6.082ms
[2024-04-13T11:04:34.180+0800][5332.852s] GC(53) User=0.00s Sys=0.00s Real=0.01s
[2024-04-13T11:04:35.940+0800][5334.612s] GC(54) Pause Young (Normal) (G1 Evacuation Pause)
[2024-04-13T11:04:35.940+0800][5334.612s] GC(54) Using 10 workers of 10 for evacuation
[2024-04-13T11:04:35.945+0800][5334.616s] GC(54)   Pre Evacuate Collection Set: 0.0ms
[2024-04-13T11:04:35.945+0800][5334.617s] GC(54)   Evacuate Collection Set: 3.3ms
[2024-04-13T11:04:35.945+0800][5334.617s] GC(54)   Post Evacuate Collection Set: 0.8ms
[2024-04-13T11:04:35.945+0800][5334.617s] GC(54)   Other: 0.4ms
[2024-04-13T11:04:35.945+0800][5334.617s] GC(54) Eden regions: 284->0(298)
[2024-04-13T11:04:35.945+0800][5334.617s] GC(54) Survivor regions: 23->9(39)
[2024-04-13T11:04:35.945+0800][5334.617s] GC(54) Old regions: 80->84
[2024-04-13T11:04:35.945+0800][5334.617s] GC(54) Humongous regions: 13->11
[2024-04-13T11:04:35.945+0800][5334.617s] GC(54) Metaspace: 74345K->74345K(1116160K)
[2024-04-13T11:04:35.945+0800][5334.617s] GC(54) Pause Young (Normal) (G1 Evacuation Pause) 399M->102M(512M) 4.854ms
[2024-04-13T11:04:35.945+0800][5334.617s] GC(54) User=0.02s Sys=0.00s Real=0.00s
[2024-04-13T11:04:37.801+0800][5336.473s] GC(55) Pause Young (Normal) (G1 Evacuation Pause)
[2024-04-13T11:04:37.801+0800][5336.473s] GC(55) Using 10 workers of 10 for evacuation
[2024-04-13T11:04:37.804+0800][5336.476s] GC(55)   Pre Evacuate Collection Set: 0.0ms
[2024-04-13T11:04:37.804+0800][5336.476s] GC(55)   Evacuate Collection Set: 1.7ms
[2024-04-13T11:04:37.804+0800][5336.476s] GC(55)   Post Evacuate Collection Set: 0.6ms
[2024-04-13T11:04:37.804+0800][5336.476s] GC(55)   Other: 0.2ms
[2024-04-13T11:04:37.804+0800][5336.476s] GC(55) Eden regions: 298->0(296)
[2024-04-13T11:04:37.804+0800][5336.476s] GC(55) Survivor regions: 9->11(39)
[2024-04-13T11:04:37.804+0800][5336.476s] GC(55) Old regions: 84->84
[2024-04-13T11:04:37.804+0800][5336.476s] GC(55) Humongous regions: 11->11
[2024-04-13T11:04:37.804+0800][5336.476s] GC(55) Metaspace: 74366K->74366K(1116160K)
[2024-04-13T11:04:37.804+0800][5336.476s] GC(55) Pause Young (Normal) (G1 Evacuation Pause) 400M->104M(512M) 3.048ms
[2024-04-13T11:04:37.804+0800][5336.476s] GC(55) User=0.02s Sys=0.00s Real=0.00s
[2024-04-13T11:04:39.812+0800][5338.484s] GC(56) Pause Young (Normal) (G1 Evacuation Pause)
[2024-04-13T11:04:39.812+0800][5338.484s] GC(56) Using 10 workers of 10 for evacuation
[2024-04-13T11:04:39.815+0800][5338.487s] GC(56)   Pre Evacuate Collection Set: 0.1ms
[2024-04-13T11:04:39.815+0800][5338.487s] GC(56)   Evacuate Collection Set: 2.0ms
[2024-04-13T11:04:39.815+0800][5338.487s] GC(56)   Post Evacuate Collection Set: 0.9ms
[2024-04-13T11:04:39.815+0800][5338.487s] GC(56)   Other: 0.3ms
[2024-04-13T11:04:39.815+0800][5338.487s] GC(56) Eden regions: 296->0(296)
[2024-04-13T11:04:39.815+0800][5338.487s] GC(56) Survivor regions: 11->11(39)
[2024-04-13T11:04:39.815+0800][5338.487s] GC(56) Old regions: 84->84
[2024-04-13T11:04:39.815+0800][5338.487s] GC(56) Humongous regions: 11->11
[2024-04-13T11:04:39.815+0800][5338.487s] GC(56) Metaspace: 74375K->74375K(1116160K)
[2024-04-13T11:04:39.815+0800][5338.487s] GC(56) Pause Young (Normal) (G1 Evacuation Pause) 400M->104M(512M) 3.619ms
[2024-04-13T11:04:39.816+0800][5338.487s] GC(56) User=0.00s Sys=0.00s Real=0.00s
[2024-04-13T11:06:35.409+0800][5454.080s] GC(57) Pause Young (Normal) (G1 Evacuation Pause)
[2024-04-13T11:06:35.409+0800][5454.080s] GC(57) Using 10 workers of 10 for evacuation
[2024-04-13T11:06:35.419+0800][5454.090s] GC(57)   Pre Evacuate Collection Set: 0.1ms
[2024-04-13T11:06:35.419+0800][5454.090s] GC(57)   Evacuate Collection Set: 8.6ms
[2024-04-13T11:06:35.419+0800][5454.090s] GC(57)   Post Evacuate Collection Set: 0.8ms
[2024-04-13T11:06:35.419+0800][5454.090s] GC(57)   Other: 0.4ms
[2024-04-13T11:06:35.419+0800][5454.090s] GC(57) Eden regions: 296->0(276)
[2024-04-13T11:06:35.419+0800][5454.091s] GC(57) Survivor regions: 11->31(39)
[2024-04-13T11:06:35.419+0800][5454.091s] GC(57) Old regions: 84->84
[2024-04-13T11:06:35.419+0800][5454.091s] GC(57) Humongous regions: 13->13
[2024-04-13T11:06:35.419+0800][5454.091s] GC(57) Metaspace: 74391K->74391K(1116160K)
[2024-04-13T11:06:35.419+0800][5454.091s] GC(57) Pause Young (Normal) (G1 Evacuation Pause) 402M->127M(512M) 10.401ms
[2024-04-13T11:06:35.419+0800][5454.091s] GC(57) User=0.02s Sys=0.00s Real=0.01s
[2024-04-13T11:06:37.072+0800][5455.744s] GC(58) Pause Young (Normal) (G1 Evacuation Pause)
[2024-04-13T11:06:37.072+0800][5455.744s] GC(58) Using 10 workers of 10 for evacuation
[2024-04-13T11:06:37.080+0800][5455.752s] GC(58)   Pre Evacuate Collection Set: 0.0ms
[2024-04-13T11:06:37.081+0800][5455.752s] GC(58)   Evacuate Collection Set: 7.3ms
[2024-04-13T11:06:37.081+0800][5455.752s] GC(58)   Post Evacuate Collection Set: 0.8ms
[2024-04-13T11:06:37.081+0800][5455.752s] GC(58)   Other: 0.4ms
[2024-04-13T11:06:37.081+0800][5455.752s] GC(58) Eden regions: 276->0(298)
[2024-04-13T11:06:37.081+0800][5455.753s] GC(58) Survivor regions: 31->9(39)
[2024-04-13T11:06:37.081+0800][5455.753s] GC(58) Old regions: 84->96
[2024-04-13T11:06:37.081+0800][5455.753s] GC(58) Humongous regions: 13->11
[2024-04-13T11:06:37.081+0800][5455.753s] GC(58) Metaspace: 74395K->74395K(1116160K)
[2024-04-13T11:06:37.081+0800][5455.753s] GC(58) Pause Young (Normal) (G1 Evacuation Pause) 403M->114M(512M) 9.016ms
[2024-04-13T11:06:37.081+0800][5455.753s] GC(58) User=0.00s Sys=0.02s Real=0.01s
[2024-04-13T11:06:38.934+0800][5457.605s] GC(59) Pause Young (Normal) (G1 Evacuation Pause)
[2024-04-13T11:06:38.934+0800][5457.605s] GC(59) Using 10 workers of 10 for evacuation
[2024-04-13T11:06:38.937+0800][5457.609s] GC(59)   Pre Evacuate Collection Set: 0.1ms
[2024-04-13T11:06:38.937+0800][5457.609s] GC(59)   Evacuate Collection Set: 2.6ms
[2024-04-13T11:06:38.937+0800][5457.609s] GC(59)   Post Evacuate Collection Set: 0.8ms
[2024-04-13T11:06:38.937+0800][5457.609s] GC(59)   Other: 0.3ms
[2024-04-13T11:06:38.938+0800][5457.609s] GC(59) Eden regions: 298->0(290)
[2024-04-13T11:06:38.938+0800][5457.609s] GC(59) Survivor regions: 9->17(39)
[2024-04-13T11:06:38.938+0800][5457.609s] GC(59) Old regions: 96->96
[2024-04-13T11:06:38.938+0800][5457.609s] GC(59) Humongous regions: 13->13
[2024-04-13T11:06:38.938+0800][5457.609s] GC(59) Metaspace: 74403K->74403K(1116160K)
[2024-04-13T11:06:38.938+0800][5457.610s] GC(59) Pause Young (Normal) (G1 Evacuation Pause) 414M->124M(512M) 4.276ms
[2024-04-13T11:06:38.938+0800][5457.610s] GC(59) User=0.00s Sys=0.00s Real=0.00s
[2024-04-13T11:06:40.522+0800][5459.194s] GC(60) Pause Young (Normal) (G1 Evacuation Pause)
[2024-04-13T11:06:40.522+0800][5459.194s] GC(60) Using 10 workers of 10 for evacuation
[2024-04-13T11:06:40.525+0800][5459.197s] GC(60)   Pre Evacuate Collection Set: 0.1ms
[2024-04-13T11:06:40.526+0800][5459.197s] GC(60)   Evacuate Collection Set: 2.1ms
[2024-04-13T11:06:40.526+0800][5459.197s] GC(60)   Post Evacuate Collection Set: 0.8ms
[2024-04-13T11:06:40.526+0800][5459.197s] GC(60)   Other: 0.4ms
[2024-04-13T11:06:40.526+0800][5459.197s] GC(60) Eden regions: 290->0(295)
[2024-04-13T11:06:40.526+0800][5459.197s] GC(60) Survivor regions: 17->12(39)
[2024-04-13T11:06:40.526+0800][5459.197s] GC(60) Old regions: 96->96
[2024-04-13T11:06:40.526+0800][5459.197s] GC(60) Humongous regions: 13->13
[2024-04-13T11:06:40.526+0800][5459.197s] GC(60) Metaspace: 74435K->74435K(1116160K)
[2024-04-13T11:06:40.526+0800][5459.198s] GC(60) Pause Young (Normal) (G1 Evacuation Pause) 414M->119M(512M) 3.853ms
[2024-04-13T11:06:40.526+0800][5459.198s] GC(60) User=0.02s Sys=0.00s Real=0.00s
[2024-04-13T11:31:22.929+0800][6941.601s] Heap
[2024-04-13T11:31:22.929+0800][6941.601s]  garbage-first heap   total 524288K, used 286432K [0x00000000e0000000, 0x0000000100000000)
[2024-04-13T11:31:22.929+0800][6941.601s]   region size 1024K, 174 young (178176K), 12 survivors (12288K)
[2024-04-13T11:31:22.929+0800][6941.601s]  Metaspace       used 74801K, capacity 77136K, committed 77308K, reserved 1118208K
[2024-04-13T11:31:22.929+0800][6941.601s]   class space    used 8644K, capacity 9578K, committed 9600K, reserved 1048576K
